[09/09/26 00:09:47] INFO     Processing request of type            server.py:727
                             CallToolRequest                                    
                    INFO     Processing request of type            server.py:727
                             ListToolsRequest                                   
{"status": "ok", "result": {"version": "5.2.1 LTS", "scene": "Eiffel 1889 \u2014 summit tricolor", "file": "", "objects": 4}}
                    INFO     Processing request of type            server.py:727
                             CallToolRequest                                    
{
  "source": "/Users/hina/Documents/Experience-Intelligence-Domain/wonderforge/artifacts/eiffel-historic-flag-2026-09-08/blender/eiffel-historic-flag.blend",
  "sha256": "e2df219dbd544a246364b69fa008d017029f5e473c5ecb3ab2f8daf8d9b2e41a",
  "objects": [
    {
      "name": "eiffel-historic-tricolor.001",
      "type": "EMPTY"
    },
    {
      "name": "tricolor-blue.001",
      "type": "MESH",
      "vertices": 144,
      "triangles": 240,
      "boundsBlender": [
        [
          0.0,
          -0.06042465567588806,
          -5.0
        ],
        [
          2.6666667461395264,
          0.07999977469444275,
          0.0
        ]
      ],
      "cloth": true,
      "uvLayers": [
        "ClothUV"
      ]
    },
    {
      "name": "tricolor-white.001",
      "type": "MESH",
      "vertices": 144,
      "triangles": 240,
      "boundsBlender": [
        [
          2.6666667461395264,
          -0.1592629998922348,
          -5.0
        ],
        [
          5.333333492279053,
          0.15938633680343628,
          0.0
        ]
      ],
      "cloth": true,
      "uvLayers": [
        "ClothUV"
      ]
    },
    {
      "name": "tricolor-red.001",
      "type": "MESH",
      "vertices": 144,
      "triangles": 240,
      "boundsBlender": [
        [
          5.333333492279053,
          -0.23993098735809326,
          -5.0
        ],
        [
          8.0,
          0.19170105457305908,
          0.0
        ]
      ],
      "cloth": true,
      "uvLayers": [
        "ClothUV"
      ]
    }
  ],
  "triangles": 720
}
