[09/09/26 00:09:24] INFO     Processing request of type            server.py:727
                             CallToolRequest                                    
                    INFO     Processing request of type            server.py:727
                             ListToolsRequest                                   
{"status": "ok", "result": {"version": "5.2.1 LTS", "scene": "Scene", "file": "", "objects": 3}}
                    INFO     Processing request of type            server.py:727
                             CallToolRequest                                    
{
  "blend": "/Users/hina/Documents/Experience-Intelligence-Domain/wonderforge/artifacts/eiffel-historic-flag-2026-09-08/blender/eiffel-historic-flag.blend",
  "model": "/Users/hina/Documents/Experience-Intelligence-Domain/wonderforge/artifacts/eiffel-historic-flag-2026-09-08/model/flag.glb",
  "objects": 4,
  "manifest": {
    "version": 1,
    "asset": "flag.glb",
    "coordinates": "metres, Y up, local hoist top at origin",
    "anchor": [
      0.09,
      310.9,
      0
    ],
    "width": 8,
    "height": 5,
    "triangles": 720,
    "stripes": [
      "blue",
      "white",
      "red"
    ],
    "windAxis": "local Z",
    "fixedHoistX": 0,
    "interpretation": "Authored 8 by 5 m interpretation of the flag shown in Rouillard 1889; not a measured historical size.",
    "source": "https://www.toureiffel.paris/en/news/history-and-culture/french-flag-eiffel-tower-powerful-symbol"
  }
}
