
> wonderforge@0.1.0 build
> tsc -b && vite build

vite v7.3.6 building client environment for production...
transforming...
[plugin vite:resolve] Module "node:fs" has been externalized for browser compatibility, imported by "/Users/hina/Documents/Experience-Intelligence-Domain/wonderforge/src/render/three/EiffelGroundLiftSystem.ts". See https://vite.dev/guide/troubleshooting.html#module-externalized-for-browser-compatibility for more details.
[plugin vite:resolve] Module "node:fs" has been externalized for browser compatibility, imported by "/Users/hina/Documents/Experience-Intelligence-Domain/wonderforge/src/render/three/EiffelLongLoadDriveSystem.ts". See https://vite.dev/guide/troubleshooting.html#module-externalized-for-browser-compatibility for more details.
[plugin vite:resolve] Module "node:fs" has been externalized for browser compatibility, imported by "/Users/hina/Documents/Experience-Intelligence-Domain/wonderforge/src/render/three/EiffelHistoricFlagSystem.ts". See https://vite.dev/guide/troubleshooting.html#module-externalized-for-browser-compatibility for more details.
[plugin vite:resolve] Module "node:path" has been externalized for browser compatibility, imported by "/Users/hina/Documents/Experience-Intelligence-Domain/wonderforge/src/render/three/EiffelHistoricFlagSystem.ts". See https://vite.dev/guide/troubleshooting.html#module-externalized-for-browser-compatibility for more details.
[plugin vite:resolve] Module "node:fs" has been externalized for browser compatibility, imported by "/Users/hina/Documents/Experience-Intelligence-Domain/wonderforge/src/render/three/EiffelHistoricFlagSystem.ts". See https://vite.dev/guide/troubleshooting.html#module-externalized-for-browser-compatibility for more details.
[plugin vite:resolve] Module "node:path" has been externalized for browser compatibility, imported by "/Users/hina/Documents/Experience-Intelligence-Domain/wonderforge/src/render/three/EiffelHistoricFlagSystem.ts". See https://vite.dev/guide/troubleshooting.html#module-externalized-for-browser-compatibility for more details.
[plugin vite:resolve] Module "node:fs" has been externalized for browser compatibility, imported by "/Users/hina/Documents/Experience-Intelligence-Domain/wonderforge/src/render/three/EiffelSecondFloorRelaySystem.ts". See https://vite.dev/guide/troubleshooting.html#module-externalized-for-browser-compatibility for more details.
[plugin vite:resolve] Module "node:fs" has been externalized for browser compatibility, imported by "/Users/hina/Documents/Experience-Intelligence-Domain/wonderforge/src/render/three/EiffelLongLoadFilmSystem.ts". See https://vite.dev/guide/troubleshooting.html#module-externalized-for-browser-compatibility for more details.
[plugin vite:resolve] Module "node:fs" has been externalized for browser compatibility, imported by "/Users/hina/Documents/Experience-Intelligence-Domain/wonderforge/src/render/three/EiffelJointCampaignSystem.ts". See https://vite.dev/guide/troubleshooting.html#module-externalized-for-browser-compatibility for more details.
[plugin vite:resolve] Module "node:fs" has been externalized for browser compatibility, imported by "/Users/hina/Documents/Experience-Intelligence-Domain/wonderforge/src/render/three/EiffelJointFasteningSystem.ts". See https://vite.dev/guide/troubleshooting.html#module-externalized-for-browser-compatibility for more details.
[plugin vite:resolve] Module "node:fs" has been externalized for browser compatibility, imported by "/Users/hina/Documents/Experience-Intelligence-Domain/wonderforge/src/render/three/EiffelLongLoadOnwardSystem.ts". See https://vite.dev/guide/troubleshooting.html#module-externalized-for-browser-compatibility for more details.
[plugin vite:resolve] Module "node:fs" has been externalized for browser compatibility, imported by "/Users/hina/Documents/Experience-Intelligence-Domain/wonderforge/src/render/three/eiffelPalais.ts". See https://vite.dev/guide/troubleshooting.html#module-externalized-for-browser-compatibility for more details.
[plugin vite:resolve] Module "node:path" has been externalized for browser compatibility, imported by "/Users/hina/Documents/Experience-Intelligence-Domain/wonderforge/src/render/three/eiffelPalais.ts". See https://vite.dev/guide/troubleshooting.html#module-externalized-for-browser-compatibility for more details.
[plugin vite:resolve] Module "node:fs" has been externalized for browser compatibility, imported by "/Users/hina/Documents/Experience-Intelligence-Domain/wonderforge/src/render/three/eiffelPhotoEntrance.ts". See https://vite.dev/guide/troubleshooting.html#module-externalized-for-browser-compatibility for more details.
[plugin vite:resolve] Module "node:path" has been externalized for browser compatibility, imported by "/Users/hina/Documents/Experience-Intelligence-Domain/wonderforge/src/render/three/eiffelPhotoEntrance.ts". See https://vite.dev/guide/troubleshooting.html#module-externalized-for-browser-compatibility for more details.
[plugin vite:resolve] Module "node:fs" has been externalized for browser compatibility, imported by "/Users/hina/Documents/Experience-Intelligence-Domain/wonderforge/src/render/three/eiffelParis.ts". See https://vite.dev/guide/troubleshooting.html#module-externalized-for-browser-compatibility for more details.
[plugin vite:resolve] Module "node:path" has been externalized for browser compatibility, imported by "/Users/hina/Documents/Experience-Intelligence-Domain/wonderforge/src/render/three/eiffelParis.ts". See https://vite.dev/guide/troubleshooting.html#module-externalized-for-browser-compatibility for more details.
✓ 1918 modules transformed.
rendering chunks...
computing gzip size...
dist/eiffel-crane.html                               0.47 kB │ gzip:   0.31 kB
dist/index.html                                      1.06 kB │ gzip:   0.56 kB
dist/assets/eiffelCrane-bsYd2smN.css                 1.75 kB │ gzip:   0.81 kB
dist/assets/main-DnBJ2EJl.css                       46.24 kB │ gzip:   8.87 kB
dist/assets/__vite-browser-external-BIHI7g3E.js      0.03 kB │ gzip:   0.05 kB
dist/assets/eiffelCrane-CE4V3mNg.js                 26.31 kB │ gzip:   7.56 kB
dist/assets/EiffelGuyenetRig-DBb8x2Tg.js           677.51 kB │ gzip: 176.40 kB
dist/assets/main-DGaRJ8M1.js                     2,163.51 kB │ gzip: 425.87 kB

(!) Some chunks are larger than 500 kB after minification. Consider:
- Using dynamic import() to code-split the application
- Use build.rollupOptions.output.manualChunks to improve chunking: https://rollupjs.org/configuration-options/#output-manualchunks
- Adjust chunk size limit for this warning via build.chunkSizeWarningLimit.
✓ built in 2.81s
