{"profile":"desktop","variant":"before","region":"fountain","ground":18608,"beds":288,"city":202312,"buffer":{"cssWidth":1440,"cssHeight":900,"bufferWidth":1440,"bufferHeight":900}}
{"profile":"desktop","variant":"before","region":"small","ground":18608,"beds":288,"city":202312,"buffer":{"cssWidth":1440,"cssHeight":900,"bufferWidth":1440,"bufferHeight":900}}
{"profile":"desktop","variant":"after","region":"fountain","ground":18608,"beds":288,"city":202312,"buffer":{"cssWidth":1440,"cssHeight":900,"bufferWidth":1440,"bufferHeight":900}}
{"profile":"desktop","variant":"after","region":"small","ground":18608,"beds":288,"city":202312,"buffer":{"cssWidth":1440,"cssHeight":900,"bufferWidth":1440,"bufferHeight":900}}
{"profile":"mobile","variant":"before","region":"fountain","ground":18608,"beds":288,"city":202312,"buffer":{"cssWidth":390,"cssHeight":844,"bufferWidth":526,"bufferHeight":1139}}
{"profile":"mobile","variant":"before","region":"small","ground":18608,"beds":288,"city":202312,"buffer":{"cssWidth":390,"cssHeight":844,"bufferWidth":526,"bufferHeight":1139}}
node:internal/modules/run_main:105
    triggerUncaughtException(
    ^

page.screenshot: Target page, context or browser has been closed
Call log:
[2m  - taking page screenshot[22m
[2m  - waiting for fonts to load...[22m
[2m  - fonts loaded[22m

    at /Users/hina/Documents/Experience-Intelligence-Domain/wonderforge/artifacts/eiffel-water-filter-2026-09-08/pool-ground/qa.mjs:13:14 {
  log: [
    '  - taking page screenshot',
    '  - waiting for fonts to load...',
    '  - fonts loaded'
  ]
}

Node.js v24.4.0
