[
  {
    "device": "desktop",
    "states": [
      {
        "t": 0,
        "y": 0.858,
        "tipResidual": 4.9151256933745355e-8,
        "scale": [
          1,
          1,
          1
        ],
        "ropeError": 1.1920931797249068e-8
      },
      {
        "t": 2,
        "y": 0.858,
        "tipResidual": 4.9151256933745355e-8,
        "scale": [
          1,
          1,
          1
        ],
        "ropeError": 1.1920931797249068e-8
      },
      {
        "t": 22,
        "y": 11.461500000000001,
        "tipResidual": 4.9151256933745355e-8,
        "scale": [
          1,
          1,
          1
        ],
        "ropeError": 1.1920931797249068e-8
      },
      {
        "t": 42,
        "y": 22.065,
        "tipResidual": 4.9151256933745355e-8,
        "scale": [
          1,
          1,
          1
        ],
        "ropeError": 1.1920931797249068e-8
      },
      {
        "t": 48,
        "y": 22.065,
        "tipResidual": 4.915125521042643e-8,
        "scale": [
          1,
          1,
          1
        ],
        "ropeError": 1.192092469182171e-8
      },
      {
        "t": 56,
        "y": 22.065,
        "tipResidual": 4.9151256933745355e-8,
        "scale": [
          1,
          1,
          1
        ],
        "ropeError": 1.1920931797249068e-8
      },
      {
        "t": 64,
        "y": 22.065,
        "tipResidual": 4.9151256933745355e-8,
        "scale": [
          1,
          1,
          1
        ],
        "ropeError": 1.1920931797249068e-8
      },
      {
        "t": 70,
        "y": 20.2765,
        "tipResidual": 4.9151256933745355e-8,
        "scale": [
          1,
          1,
          1
        ],
        "ropeError": 1.1920931797249068e-8
      },
      {
        "t": 76,
        "y": 18.488,
        "tipResidual": 4.9151256933745355e-8,
        "scale": [
          1,
          1,
          1
        ],
        "ropeError": 1.1920931797249068e-8
      },
      {
        "t": 82,
        "y": 18.488,
        "tipResidual": 4.9151256933745355e-8,
        "scale": [
          1,
          1,
          1
        ],
        "ropeError": 1.1920931797249068e-8
      },
      {
        "t": 56,
        "y": 22.065,
        "tipResidual": 4.9151256933745355e-8,
        "scale": [
          1,
          1,
          1
        ],
        "ropeError": 1.1920931797249068e-8
      },
      {
        "t": 0,
        "y": 0.858,
        "tipResidual": 4.9151256933745355e-8,
        "scale": [
          1,
          1,
          1
        ],
        "ropeError": 1.1920931797249068e-8
      }
    ],
    "reverseChanged": 0,
    "playback": {
      "before": 0,
      "after": {
        "seconds": 3.218699999976158,
        "y": 0.8637270034638589
      }
    },
    "orbitChanged": 602589,
    "health": {
      "overflow": false,
      "programs": [
        true,
        true,
        true,
        true,
        true,
        true,
        true,
        true
      ],
      "calls": 147,
      "triangles": 50422
    },
    "errors": []
  },
  {
    "device": "mobile",
    "states": [
      {
        "t": 0,
        "y": 0.858,
        "tipResidual": 4.9151256933745355e-8,
        "scale": [
          1,
          1,
          1
        ],
        "ropeError": 1.1920931797249068e-8
      },
      {
        "t": 2,
        "y": 0.858,
        "tipResidual": 4.9151256933745355e-8,
        "scale": [
          1,
          1,
          1
        ],
        "ropeError": 1.1920931797249068e-8
      },
      {
        "t": 22,
        "y": 11.461500000000001,
        "tipResidual": 4.9151256933745355e-8,
        "scale": [
          1,
          1,
          1
        ],
        "ropeError": 1.1920931797249068e-8
      },
      {
        "t": 42,
        "y": 22.065,
        "tipResidual": 4.9151256933745355e-8,
        "scale": [
          1,
          1,
          1
        ],
        "ropeError": 1.1920931797249068e-8
      },
      {
        "t": 48,
        "y": 22.065,
        "tipResidual": 4.915125521042643e-8,
        "scale": [
          1,
          1,
          1
        ],
        "ropeError": 1.192092469182171e-8
      },
      {
        "t": 56,
        "y": 22.065,
        "tipResidual": 4.9151256933745355e-8,
        "scale": [
          1,
          1,
          1
        ],
        "ropeError": 1.1920931797249068e-8
      },
      {
        "t": 64,
        "y": 22.065,
        "tipResidual": 4.9151256933745355e-8,
        "scale": [
          1,
          1,
          1
        ],
        "ropeError": 1.1920931797249068e-8
      },
      {
        "t": 70,
        "y": 20.2765,
        "tipResidual": 4.9151256933745355e-8,
        "scale": [
          1,
          1,
          1
        ],
        "ropeError": 1.1920931797249068e-8
      },
      {
        "t": 76,
        "y": 18.488,
        "tipResidual": 4.9151256933745355e-8,
        "scale": [
          1,
          1,
          1
        ],
        "ropeError": 1.1920931797249068e-8
      },
      {
        "t": 82,
        "y": 18.488,
        "tipResidual": 4.9151256933745355e-8,
        "scale": [
          1,
          1,
          1
        ],
        "ropeError": 1.1920931797249068e-8
      },
      {
        "t": 56,
        "y": 22.065,
        "tipResidual": 4.9151256933745355e-8,
        "scale": [
          1,
          1,
          1
        ],
        "ropeError": 1.1920931797249068e-8
      },
      {
        "t": 0,
        "y": 0.858,
        "tipResidual": 4.9151256933745355e-8,
        "scale": [
          1,
          1,
          1
        ],
        "ropeError": 1.1920931797249068e-8
      }
    ],
    "reverseChanged": 0,
    "playback": {
      "before": 0,
      "after": {
        "seconds": 3.225399999999998,
        "y": 0.86382048458964
      }
    },
    "orbitChanged": 125872,
    "health": {
      "overflow": false,
      "programs": [
        true,
        true,
        true,
        true,
        true,
        true,
        true,
        true
      ],
      "calls": 127,
      "triangles": 47586
    },
    "errors": []
  }
]
