0 [ 52.5, 17.84, -43.4 ] [
  [],
  [],
  [],
  [
    [ 51, 16.22, -47 ],
    [ 51, 16.22, -46.6 ],
    [ 51, 16.22, -46.2 ],
    [ 51, 16.22, -45.8 ]
  ]
]
1 [ 52.35, 17.84, -43.4 ] [ [], [], [], [ [ 51, 16.22, -46.2 ] ] ]
2 [ 52.65, 17.84, -43.4 ] [
  [],
  [],
  [ [ 51, 16.22, -45.8 ], [ 51, 16.22, -45.4 ] ],
  [
    [ 51, 16.22, -47 ],
    [ 51, 16.22, -46.6 ],
    [ 51, 16.22, -46.2 ],
    [ 51, 16.22, -45.8 ]
  ]
]
3 [ 52.5, 18.040000000000003, -43.4 ] [ [], [], [], [] ]
4 [ 52.35, 18.040000000000003, -43.4 ] [ [], [], [], [] ]
5 [ 52.65, 17.84, -43.1 ] [
  [],
  [],
  [ [ 51, 16.22, -46.2 ], [ 51, 16.22, -45.8 ], [ 51, 16.22, -45.4 ] ],
  [
    [ 51, 16.22, -47 ],
    [ 51, 16.22, -46.6 ],
    [ 51, 16.22, -46.2 ],
    [ 51, 16.22, -45.8 ]
  ]
]
6 [ 52.5, 18.040000000000003, -43.1 ] [ [], [], [], [] ]
7 [ 52.65, 17.64, -43.4 ] [
  [],
  [],
  [
    [ 48.8, 16.22, -44.5 ],
    [ 49.2, 16.22, -44.5 ],
    [ 51, 16.22, -47 ],
    [ 51, 16.22, -46.6 ],
    [ 51, 16.22, -46.2 ],
    [ 51, 16.22, -45.8 ],
    [ 51, 16.22, -45.4 ]
  ],
  [
    [ 51, 16.22, -47 ],
    [ 51, 16.22, -46.6 ],
    [ 51, 16.22, -46.2 ],
    [ 51, 16.22, -45.8 ]
  ]
]
8 [ 52.35, 18.040000000000003, -43.1 ] [ [], [], [], [] ]
9 [ 52.65, 18.040000000000003, -43.4 ] [ [], [], [], [ [ 51, 16.22, -45.8 ] ] ]
10 [ 52.65, 17.64, -43.1 ] [
  [],
  [],
  [
    [ 51, 16.22, -47 ],
    [ 51, 16.22, -46.6 ],
    [ 51, 16.22, -46.2 ],
    [ 51, 16.22, -45.8 ],
    [ 51, 16.22, -45.4 ]
  ],
  [
    [ 51, 16.22, -47 ],
    [ 51, 16.22, -46.6 ],
    [ 51, 16.22, -46.2 ],
    [ 51, 16.22, -45.8 ]
  ]
]
11 [ 52.65, 18.040000000000003, -43.1 ] [ [], [], [], [ [ 51, 16.22, -46.2 ] ] ]
12 [ 52.8, 17.84, -43.4 ] [
  [],
  [],
  [
    [ 51, 16.22, -46.6 ],
    [ 51, 16.22, -46.2 ],
    [ 51, 16.22, -45.8 ],
    [ 51, 16.22, -45.4 ]
  ],
  [
    [ 51, 16.22, -47 ],
    [ 51, 16.22, -46.6 ],
    [ 51, 16.22, -46.2 ],
    [ 51, 16.22, -45.8 ],
    [ 51, 16.22, -45.4 ]
  ]
]
13 [ 52.8, 17.84, -43.1 ] [
  [],
  [],
  [
    [ 51, 16.22, -47 ],
    [ 51, 16.22, -46.6 ],
    [ 51, 16.22, -46.2 ],
    [ 51, 16.22, -45.8 ],
    [ 51, 16.22, -45.4 ]
  ],
  [
    [ 51, 16.22, -47 ],
    [ 51, 16.22, -46.6 ],
    [ 51, 16.22, -46.2 ],
    [ 51, 16.22, -45.8 ]
  ]
]
14 [ 52.5, 17.84, -43.7 ] [
  [
    [ 51, 16.22, -47 ],
    [ 51, 16.22, -46.6 ],
    [ 51, 16.22, -46.2 ],
    [ 51, 16.22, -45.8 ],
    [ 51, 16.22, -45.4 ]
  ],
  [],
  [],
  [ [ 51, 16.22, -46.6 ], [ 51, 16.22, -46.2 ], [ 51, 16.22, -45.8 ] ]
]
15 [ 52.35, 17.84, -43.7 ] [ [ [ 51, 16.22, -47 ] ], [], [], [] ]
16 [ 52.8, 17.64, -43.4 ] [
  [],
  [ [ 51, 16.22, -47 ], [ 51, 16.22, -46.6 ], [ 51, 16.22, -46.2 ] ],
  [
    [ 48.8, 16.22, -44.5 ],
    [ 51, 16.22, -47 ],
    [ 51, 16.22, -46.6 ],
    [ 51, 16.22, -46.2 ],
    [ 51, 16.22, -45.8 ],
    [ 51, 16.22, -45.4 ]
  ],
  [
    [ 51, 16.22, -47 ],
    [ 51, 16.22, -46.6 ],
    [ 51, 16.22, -46.2 ],
    [ 51, 16.22, -45.8 ],
    [ 51, 16.22, -45.4 ]
  ]
]
17 [ 52.8, 18.040000000000003, -43.4 ] [
  [],
  [],
  [],
  [ [ 51, 16.22, -46.2 ], [ 51, 16.22, -45.8 ], [ 51, 16.22, -45.4 ] ]
]
18 [ 52.65, 17.84, -43.7 ] [
  [],
  [],
  [],
  [
    [ 51, 16.22, -47 ],
    [ 51, 16.22, -46.6 ],
    [ 51, 16.22, -46.2 ],
    [ 51, 16.22, -45.8 ],
    [ 51, 16.22, -45.4 ]
  ]
]
19 [ 52.8, 17.64, -43.1 ] [
  [
    [ 51, 16.22, -47 ],
    [ 51, 16.22, -46.6 ],
    [ 51, 16.22, -46.2 ],
    [ 51, 16.22, -45.8 ]
  ],
  [ [ 51, 16.22, -47 ], [ 51, 16.22, -46.6 ] ],
  [
    [ 51, 16.22, -47 ],
    [ 51, 16.22, -46.6 ],
    [ 51, 16.22, -46.2 ],
    [ 51, 16.22, -45.8 ],
    [ 51, 16.22, -45.4 ]
  ],
  [
    [ 51, 16.22, -47 ],
    [ 51, 16.22, -46.6 ],
    [ 51, 16.22, -46.2 ],
    [ 51, 16.22, -45.8 ]
  ]
]
20 [ 52.8, 18.040000000000003, -43.1 ] [
  [],
  [],
  [],
  [
    [ 51, 16.22, -47 ],
    [ 51, 16.22, -46.6 ],
    [ 51, 16.22, -46.2 ],
    [ 51, 16.22, -45.8 ]
  ]
]
21 [ 52.5, 17.44, -43.1 ] [
  [ [ 51, 16.22, -47 ], [ 51, 16.22, -46.6 ] ],
  [ [ 48.8, 16.22, -44.5 ], [ 49.2, 16.22, -44.5 ] ],
  [
    [ 51, 16.22, -47 ],
    [ 51, 16.22, -46.6 ],
    [ 51, 16.22, -46.2 ],
    [ 51, 16.22, -45.8 ],
    [ 51, 16.22, -45.4 ]
  ],
  [
    [ 48.8, 16.22, -44.5 ],
    [ 51, 16.22, -47 ],
    [ 51, 16.22, -46.6 ],
    [ 51, 16.22, -46.2 ],
    [ 51, 16.22, -45.8 ]
  ]
]
22 [ 52.5, 18.040000000000003, -43.7 ] [
  [
    [ 51, 16.22, -47 ],
    [ 51, 16.22, -46.6 ],
    [ 51, 16.22, -46.2 ],
    [ 51, 16.22, -45.8 ],
    [ 51, 16.22, -45.4 ]
  ],
  [
    [ 48.8, 16.22, -44.5 ],
    [ 49.2, 16.22, -44.5 ],
    [ 49.6, 16.22, -44.5 ]
  ],
  [],
  []
]
23 [ 52.35, 17.44, -43.1 ] [
  [],
  [ [ 48.8, 16.22, -44.5 ], [ 49.2, 16.22, -44.5 ] ],
  [
    [ 51, 16.22, -47 ],
    [ 51, 16.22, -46.6 ],
    [ 51, 16.22, -46.2 ],
    [ 51, 16.22, -45.8 ],
    [ 51, 16.22, -45.4 ]
  ],
  [
    [ 48.8, 16.22, -44.5 ],
    [ 51, 16.22, -47 ],
    [ 51, 16.22, -46.6 ],
    [ 51, 16.22, -46.2 ],
    [ 51, 16.22, -45.8 ]
  ]
]
24 [ 52.35, 18.040000000000003, -43.7 ] [
  [
    [ 51, 16.22, -47 ],
    [ 51, 16.22, -46.6 ],
    [ 51, 16.22, -46.2 ],
    [ 51, 16.22, -45.8 ],
    [ 51, 16.22, -45.4 ]
  ],
  [
    [ 48.8, 16.22, -44.5 ],
    [ 49.2, 16.22, -44.5 ],
    [ 49.6, 16.22, -44.5 ]
  ],
  [],
  []
]
