/Users/hina/Documents/Experience-Intelligence-Domain/wonderforge/scripts/blender_colosseum_aqueduct.py:34: DeprecationWarning: 'Material.use_nodes' is expected to be removed in Blender 6.0
  mat.use_nodes = True
INFO Draco is available, use library at /Applications/Blender.app/Contents/Resources/5.2/scripts/addons_core/io_scene_gltf2/libbf_intern_draco_bridge.dylib
INFO MeshOptimizer is available, use library at /Applications/Blender.app/Contents/Resources/5.2/scripts/addons_core/io_scene_gltf2/libbf_intern_meshopt_bridge.dylib
18:27:02 | INFO: Starting glTF 2.0 export
18:27:02 | INFO: Extracting primitive: aqueduct-arch
18:27:02 | INFO: Primitives created: 1
18:27:02 | INFO: Extracting primitive: aqueduct-archPortrait
18:27:02 | INFO: Primitives created: 1
18:27:02 | INFO: Extracting primitive: aqueduct-channel
18:27:02 | INFO: Primitives created: 1
18:27:02 | INFO: Extracting primitive: aqueduct-impost
18:27:02 | INFO: Primitives created: 1
18:27:02 | INFO: Extracting primitive: aqueduct-pier
18:27:02 | INFO: Primitives created: 1
18:27:02 | INFO: Finished glTF 2.0 export in 0.008736848831176758 s
00:05.823  render           | Saved: '/Users/hina/Documents/Experience-Intelligence-Domain/wonderforge/artifacts/colosseum-aqueduct-2026-09-20/aqueduct-blender-inspection.png'

Info: Saved as "neronian-aqueduct.blend"
{"blend": "/Users/hina/Documents/Experience-Intelligence-Domain/wonderforge/artifacts/colosseum-aqueduct-2026-09-20/neronian-aqueduct.blend", "glb": "/Users/hina/Documents/Experience-Intelligence-Domain/wonderforge/public/models/colosseum-rome/neronian-aqueduct.glb", "bytes": 23604, "parts": {"aqueduct-pier": {"triangles": 12, "vertices": 24}, "aqueduct-impost": {"triangles": 12, "vertices": 24}, "aqueduct-arch": {"triangles": 118, "vertices": 236}, "aqueduct-archPortrait": {"triangles": 60, "vertices": 120}, "aqueduct-channel": {"triangles": 48, "vertices": 96}}, "plan": {"glb": "/models/colosseum-rome/neronian-aqueduct.glb", "pierCount": 28, "clearSpan": 7.75, "pierWidth": 2.3, "depth": 2.1, "archRise": 3.875, "spandrelTop": 4.65, "channelHeight": 1.8, "capHeight": 0.22, "capDepth": 2.55, "springingHeight": 25.2, "grade": 0.001, "start": [140, -260], "direction": [0.9191450300180578, -0.39391929857916763], "desktopSegments": 10, "portraitSegments": 7}, "render": "/Users/hina/Documents/Experience-Intelligence-Domain/wonderforge/artifacts/colosseum-aqueduct-2026-09-20/aqueduct-blender-inspection.png"}
Blender 5.2.1 LTS (hash 9e2066aef7ef built 2026-08-25 01:35:57)

Blender quit
