{
  "captures": 18,
  "errors": [],
  "playback": {
    "reverseSeekExactPixels": true,
    "pointerSeek": 0.142,
    "samples": [
      {
        "t": 0.147,
        "metrics": {
          "renderer": {
            "calls": 93,
            "triangles": 174820,
            "points": 0,
            "lines": 0,
            "geometries": 25,
            "textures": 16
          },
          "scene": "eiffel-tower-reference"
        }
      },
      {
        "t": 0.288,
        "metrics": {
          "renderer": {
            "calls": 94,
            "triangles": 202064,
            "points": 0,
            "lines": 0,
            "geometries": 25,
            "textures": 16
          },
          "scene": "eiffel-tower-reference"
        }
      },
      {
        "t": 0.442,
        "metrics": {
          "renderer": {
            "calls": 105,
            "triangles": 240234,
            "points": 0,
            "lines": 0,
            "geometries": 25,
            "textures": 16
          },
          "scene": "eiffel-tower-reference"
        }
      },
      {
        "t": 0.588,
        "metrics": {
          "renderer": {
            "calls": 105,
            "triangles": 268890,
            "points": 0,
            "lines": 0,
            "geometries": 25,
            "textures": 16
          },
          "scene": "eiffel-tower-reference"
        }
      },
      {
        "t": 0.72,
        "metrics": {
          "renderer": {
            "calls": 110,
            "triangles": 279268,
            "points": 0,
            "lines": 0,
            "geometries": 25,
            "textures": 16
          },
          "scene": "eiffel-tower-reference"
        }
      },
      {
        "t": 0.874,
        "metrics": {
          "renderer": {
            "calls": 105,
            "triangles": 291896,
            "points": 0,
            "lines": 0,
            "geometries": 25,
            "textures": 16
          },
          "scene": "eiffel-tower-reference"
        }
      },
      {
        "t": 1,
        "metrics": {
          "renderer": {
            "calls": 91,
            "triangles": 289374,
            "points": 0,
            "lines": 0,
            "geometries": 26,
            "textures": 16
          },
          "scene": "eiffel-tower-reference"
        }
      },
      {
        "t": 1,
        "metrics": {
          "renderer": {
            "calls": 91,
            "triangles": 289374,
            "points": 0,
            "lines": 0,
            "geometries": 26,
            "textures": 16
          },
          "scene": "eiffel-tower-reference"
        }
      }
    ],
    "completed": true,
    "replayed": true
  },
  "reducedMotion": {
    "time": 1
  }
}
