{
  "entry": {
    "partId": "summit-access-stair-m000-c000",
    "carrierOrigin": [
      -8.5,
      58.280002441406246,
      -4
    ],
    "masterOrigin": [
      -8.5,
      65.16250274658205,
      -4
    ],
    "cart": {
      "position": [
        -8.5,
        57.94000244140625,
        -4
      ],
      "distance": 13,
      "wheelAngle": -108.33333333333334,
      "moving": false,
      "chocked": true
    },
    "slingSupport": "carrier-saddle",
    "hookReleased": true
  },
  "loadEnvelope": {
    "meshCount": 26,
    "min": [
      -0.2199999988079071,
      0,
      -0.2199999988079071
    ],
    "max": [
      0.2199999988079071,
      7.030500326968263,
      0.2199999988079071
    ],
    "size": [
      0.4399999976158142,
      7.030500326968263,
      0.4399999976158142
    ],
    "masterOffset": [
      0,
      6.882500305175803,
      0
    ]
  },
  "floorY": 116.13999938964844,
  "towerRoute": [
    {
      "id": "vertical",
      "bounds": {
        "min": [
          -8.719999998807907,
          58.280002441406246,
          -4.219999998807907
        ],
        "max": [
          -8.280000001192093,
          124.73050032696827,
          -3.780000001192093
        ]
      },
      "hits": []
    },
    {
      "id": "diagonal",
      "bounds": {
        "min": [
          6.49003237395531,
          117.7,
          6.235012689839607
        ],
        "max": [
          13.910085099963093,
          124.73050032696827,
          6.792850030128284
        ]
      },
      "hits": []
    },
    {
      "id": "lower",
      "bounds": {
        "min": [
          -15.219999998807907,
          116.47999938964844,
          -2.019999998807907
        ],
        "max": [
          -14.780000001192093,
          124.73050032696827,
          -1.580000001192093
        ]
      },
      "hits": []
    }
  ],
  "oldFrameRoute": [
    {
      "id": "vertical",
      "bounds": {
        "min": [
          -8.719999998807907,
          58.280002441406246,
          -4.219999998807907
        ],
        "max": [
          -8.280000001192093,
          124.73050032696827,
          -3.780000001192093
        ]
      },
      "hits": [
        {
          "id": "frame:girder-1003",
          "worldBounds": {
            "min": [
              -17.136627197265625,
              120.72000122070312,
              -4.740285873413086
            ],
            "max": [
              -7.677087783813477,
              121.26000213623047,
              -1.3540798425674438
            ]
          }
        },
        {
          "id": "frame:girder--1003",
          "worldBounds": {
            "min": [
              -16.91221046447754,
              120.72000122070312,
              -4.077234745025635
            ],
            "max": [
              -7.452670574188232,
              121.26000213623047,
              -0.6910287141799927
            ]
          }
        }
      ]
    },
    {
      "id": "diagonal",
      "bounds": {
        "min": [
          6.49003237395531,
          117.7,
          6.235012689839607
        ],
        "max": [
          13.910085099963093,
          124.73050032696827,
          6.792850030128284
        ]
      },
      "hits": [
        {
          "id": "frame:girder-1003",
          "worldBounds": {
            "min": [
              -17.136627197265625,
              120.72000122070312,
              -4.740285873413086
            ],
            "max": [
              -7.677087783813477,
              121.26000213623047,
              -1.3540798425674438
            ]
          }
        },
        {
          "id": "frame:girder--1003",
          "worldBounds": {
            "min": [
              -16.91221046447754,
              120.72000122070312,
              -4.077234745025635
            ],
            "max": [
              -7.452670574188232,
              121.26000213623047,
              -0.6910287141799927
            ]
          }
        },
        {
          "id": "frame:portal-head-0-1001",
          "worldBounds": {
            "min": [
              -11.71601676940918,
              120.5,
              -4.0845208168029785
            ],
            "max": [
              -11.172168731689453,
              120.72000122070312,
              -3.221096992492676
            ]
          }
        },
        {
          "id": "frame:portal-head-0--1001",
          "worldBounds": {
            "min": [
              -11.321683883666992,
              120.5,
              -2.919445276260376
            ],
            "max": [
              -10.777835845947266,
              120.72000122070312,
              -2.0560214519500732
            ]
          }
        }
      ]
    },
    {
      "id": "lower",
      "bounds": {
        "min": [
          -15.219999998807907,
          116.47999938964844,
          -2.019999998807907
        ],
        "max": [
          -14.780000001192093,
          124.73050032696827,
          -1.580000001192093
        ]
      },
      "hits": [
        {
          "id": "frame:girder-1003",
          "worldBounds": {
            "min": [
              -17.136627197265625,
              120.72000122070312,
              -4.740285873413086
            ],
            "max": [
              -7.677087783813477,
              121.26000213623047,
              -1.3540798425674438
            ]
          }
        },
        {
          "id": "frame:girder--1003",
          "worldBounds": {
            "min": [
              -16.91221046447754,
              120.72000122070312,
              -4.077234745025635
            ],
            "max": [
              -7.452670574188232,
              121.26000213623047,
              -0.6910287141799927
            ]
          }
        }
      ]
    }
  ],
  "cartRoute": [
    {
      "id": "vertical",
      "bounds": {
        "min": [
          -8.719999998807907,
          58.280002441406246,
          -4.219999998807907
        ],
        "max": [
          -8.280000001192093,
          124.73050032696827,
          -3.780000001192093
        ]
      },
      "hits": []
    },
    {
      "id": "diagonal",
      "bounds": {
        "min": [
          6.49003237395531,
          117.7,
          6.235012689839607
        ],
        "max": [
          13.910085099963093,
          124.73050032696827,
          6.792850030128284
        ]
      },
      "hits": []
    },
    {
      "id": "lower",
      "bounds": {
        "min": [
          -15.219999998807907,
          116.47999938964844,
          -2.019999998807907
        ],
        "max": [
          -14.780000001192093,
          124.73050032696827,
          -1.580000001192093
        ]
      },
      "hits": [
        {
          "id": "cart:cart-bed002",
          "worldBounds": {
            "min": [
              -15.400000005960464,
              116.37999938428402,
              -2.1999999582767487
            ],
            "max": [
              -14.599999994039536,
              116.47999939322472,
              -1.3999999463558197
            ]
          }
        }
      ]
    }
  ],
  "supportMisses": [],
  "supportCount": 16
}
{
  "raise": 4.35,
  "raisedFrame": {
    "lowerHeadY": 124.85,
    "girderUndersideY": 125.07,
    "railTopY": 125.72999999999999,
    "sheaveCenterY": 125.69999999999999,
    "trolleyRootY": 125.845,
    "loadTopAtTransfer": 124.73050032696827,
    "hoistEndAtTransfer": 124.90750030517582,
    "route": [
      {
        "id": "vertical",
        "bounds": {
          "min": [
            -8.719999998807907,
            58.280002441406246,
            -4.219999998807907
          ],
          "max": [
            -8.280000001192093,
            124.73050032696827,
            -3.780000001192093
          ]
        },
        "hits": []
      },
      {
        "id": "diagonal",
        "bounds": {
          "min": [
            6.49003237395531,
            117.7,
            6.235012689839607
          ],
          "max": [
            13.910085099963093,
            124.73050032696827,
            6.792850030128284
          ]
        },
        "hits": []
      },
      {
        "id": "lower",
        "bounds": {
          "min": [
            -15.219999998807907,
            116.47999938964844,
            -2.019999998807907
          ],
          "max": [
            -14.780000001192093,
            124.73050032696827,
            -1.580000001192093
          ]
        },
        "hits": []
      }
    ],
    "staticTowerHits": [
      {
        "part": "raised:post-1-1003",
        "hits": [
          {
            "id": "shaft-00-m025-c003",
            "worldBounds": {
              "min": [
                -16.86842118650677,
                122.89999965343034,
                -5.589474213123322
              ],
              "max": [
                -16.668421159684637,
                123.10000034656966,
                -4.649162290704112e-7
              ]
            }
          },
          {
            "id": "shaft-00-m030-c003",
            "worldBounds": {
              "min": [
                -17.159517654591273,
                121.2461999135369,
                -5.3594784931364785
              ],
              "max": [
                -16.96403276044779,
                121.89547794290841,
                0.3567137912932168
              ]
            }
          }
        ]
      },
      {
        "part": "raised:post-1--1003",
        "hits": [
          {
            "id": "shaft-01-m029-c003",
            "worldBounds": {
              "min": [
                -16.49958526341184,
                124.46116057069854,
                -5.18321499340275
              ],
              "max": [
                -16.31883514674441,
                125.03883942930146,
                0.31216177456119665
              ]
            }
          }
        ]
      },
      {
        "part": "raised:rail-1003",
        "hits": [
          {
            "id": "shaft-01-m027-c002",
            "worldBounds": {
              "min": [
                -16.458275142122766,
                124.93609113782779,
                -6.015662772630762
              ],
              "max": [
                -16.05225342233036,
                126.06390886217221,
                -0.600126640821387
              ]
            }
          }
        ]
      }
    ]
  },
  "towerClearance": [
    {
      "guaranteedUniformEnvelopePadding": 0.1499999761581421,
      "firstObstruction": [
        {
          "id": "platform-2-3-02-m001-c000",
          "worldBounds": {
            "min": [
              -9.130000010728853,
              113.56999666929244,
              -4.500000015497207
            ],
            "max": [
              -8.869999989271147,
              113.82999722719194,
              1.5497207073167374e-8
            ]
          }
        },
        {
          "id": "platform-2-3-02-m002-c000",
          "worldBounds": {
            "min": [
              -9.130000010728853,
              115.46999819517134,
              -4.500000015497207
            ],
            "max": [
              -8.869999989271147,
              115.72999875307084,
              1.5497207073167374e-8
            ]
          }
        }
      ]
    },
    {
      "guaranteedUniformEnvelopePadding": 0.49999988079071045,
      "firstObstruction": []
    },
    {
      "guaranteedUniformEnvelopePadding": 0.34000110626220703,
      "firstObstruction": [
        {
          "id": "platform-2-3-02-m000-c000",
          "worldBounds": {
            "min": [
              -20.699999570846558,
              115.6999981701374,
              -2.25
            ],
            "max": [
              -14.84999966621399,
              116.13999816775322,
              0
            ]
          }
        },
        {
          "id": "platform-2-3-02-m000-c001",
          "worldBounds": {
            "min": [
              -20.699999570846558,
              115.6999981701374,
              -4.5
            ],
            "max": [
              -14.84999966621399,
              116.13999816775322,
              -2.25
            ]
          }
        },
        {
          "id": "platform-2-3-02-m000-c002",
          "worldBounds": {
            "min": [
              -14.850000143051147,
              115.6999981701374,
              -2.25
            ],
            "max": [
              -9.000000238418579,
              116.13999816775322,
              0
            ]
          }
        },
        {
          "id": "platform-2-3-02-m000-c003",
          "worldBounds": {
            "min": [
              -14.850000143051147,
              115.6999981701374,
              -4.5
            ],
            "max": [
              -9.000000238418579,
              116.13999816775322,
              -2.25
            ]
          }
        }
      ]
    }
  ],
  "ropeFailureCount": 103,
  "ropeFailures": [
    {
      "sample": {
        "leg": "vertical",
        "u": 0,
        "y": 58.280002441406246
      },
      "segment": 97,
      "hits": [
        {
          "id": "shaft-01-m027-c002",
          "worldBounds": {
            "min": [
              -16.458275142122766,
              124.93609113782779,
              -6.015662772630762
            ],
            "max": [
              -16.05225342233036,
              126.06390886217221,
              -0.600126640821387
            ]
          }
        },
        {
          "id": "shaft-01-m028-c003",
          "worldBounds": {
            "min": [
              -16.195631766229887,
              125.95699967248972,
              -5.384211068511009
            ],
            "max": [
              -16.109631753057222,
              126.04300032751028,
              -4.7171115857835844e-7
            ]
          }
        }
      ]
    },
    {
      "sample": {
        "leg": "vertical",
        "u": 0,
        "y": 59.76550238037109
      },
      "segment": 97,
      "hits": [
        {
          "id": "shaft-01-m027-c002",
          "worldBounds": {
            "min": [
              -16.458275142122766,
              124.93609113782779,
              -6.015662772630762
            ],
            "max": [
              -16.05225342233036,
              126.06390886217221,
              -0.600126640821387
            ]
          }
        },
        {
          "id": "shaft-01-m028-c003",
          "worldBounds": {
            "min": [
              -16.195631766229887,
              125.95699967248972,
              -5.384211068511009
            ],
            "max": [
              -16.109631753057222,
              126.04300032751028,
              -4.7171115857835844e-7
            ]
          }
        }
      ]
    },
    {
      "sample": {
        "leg": "vertical",
        "u": 0,
        "y": 61.25100231933593
      },
      "segment": 97,
      "hits": [
        {
          "id": "shaft-01-m027-c002",
          "worldBounds": {
            "min": [
              -16.458275142122766,
              124.93609113782779,
              -6.015662772630762
            ],
            "max": [
              -16.05225342233036,
              126.06390886217221,
              -0.600126640821387
            ]
          }
        },
        {
          "id": "shaft-01-m028-c003",
          "worldBounds": {
            "min": [
              -16.195631766229887,
              125.95699967248972,
              -5.384211068511009
            ],
            "max": [
              -16.109631753057222,
              126.04300032751028,
              -4.7171115857835844e-7
            ]
          }
        }
      ]
    },
    {
      "sample": {
        "leg": "vertical",
        "u": 0,
        "y": 62.736502258300774
      },
      "segment": 97,
      "hits": [
        {
          "id": "shaft-01-m027-c002",
          "worldBounds": {
            "min": [
              -16.458275142122766,
              124.93609113782779,
              -6.015662772630762
            ],
            "max": [
              -16.05225342233036,
              126.06390886217221,
              -0.600126640821387
            ]
          }
        },
        {
          "id": "shaft-01-m028-c003",
          "worldBounds": {
            "min": [
              -16.195631766229887,
              125.95699967248972,
              -5.384211068511009
            ],
            "max": [
              -16.109631753057222,
              126.04300032751028,
              -4.7171115857835844e-7
            ]
          }
        }
      ]
    },
    {
      "sample": {
        "leg": "vertical",
        "u": 0,
        "y": 64.22200219726562
      },
      "segment": 97,
      "hits": [
        {
          "id": "shaft-01-m027-c002",
          "worldBounds": {
            "min": [
              -16.458275142122766,
              124.93609113782779,
              -6.015662772630762
            ],
            "max": [
              -16.05225342233036,
              126.06390886217221,
              -0.600126640821387
            ]
          }
        },
        {
          "id": "shaft-01-m028-c003",
          "worldBounds": {
            "min": [
              -16.195631766229887,
              125.95699967248972,
              -5.384211068511009
            ],
            "max": [
              -16.109631753057222,
              126.04300032751028,
              -4.7171115857835844e-7
            ]
          }
        }
      ]
    },
    {
      "sample": {
        "leg": "vertical",
        "u": 0,
        "y": 65.70750213623046
      },
      "segment": 97,
      "hits": [
        {
          "id": "shaft-01-m027-c002",
          "worldBounds": {
            "min": [
              -16.458275142122766,
              124.93609113782779,
              -6.015662772630762
            ],
            "max": [
              -16.05225342233036,
              126.06390886217221,
              -0.600126640821387
            ]
          }
        },
        {
          "id": "shaft-01-m028-c003",
          "worldBounds": {
            "min": [
              -16.195631766229887,
              125.95699967248972,
              -5.384211068511009
            ],
            "max": [
              -16.109631753057222,
              126.04300032751028,
              -4.7171115857835844e-7
            ]
          }
        }
      ]
    },
    {
      "sample": {
        "leg": "vertical",
        "u": 0,
        "y": 67.19300207519531
      },
      "segment": 97,
      "hits": [
        {
          "id": "shaft-01-m027-c002",
          "worldBounds": {
            "min": [
              -16.458275142122766,
              124.93609113782779,
              -6.015662772630762
            ],
            "max": [
              -16.05225342233036,
              126.06390886217221,
              -0.600126640821387
            ]
          }
        },
        {
          "id": "shaft-01-m028-c003",
          "worldBounds": {
            "min": [
              -16.195631766229887,
              125.95699967248972,
              -5.384211068511009
            ],
            "max": [
              -16.109631753057222,
              126.04300032751028,
              -4.7171115857835844e-7
            ]
          }
        }
      ]
    },
    {
      "sample": {
        "leg": "vertical",
        "u": 0,
        "y": 68.67850201416016
      },
      "segment": 97,
      "hits": [
        {
          "id": "shaft-01-m027-c002",
          "worldBounds": {
            "min": [
              -16.458275142122766,
              124.93609113782779,
              -6.015662772630762
            ],
            "max": [
              -16.05225342233036,
              126.06390886217221,
              -0.600126640821387
            ]
          }
        },
        {
          "id": "shaft-01-m028-c003",
          "worldBounds": {
            "min": [
              -16.195631766229887,
              125.95699967248972,
              -5.384211068511009
            ],
            "max": [
              -16.109631753057222,
              126.04300032751028,
              -4.7171115857835844e-7
            ]
          }
        }
      ]
    }
  ],
  "upperCartContacts": [
    {
      "point": [
        -15.219999998807907,
        116.47999938964844,
        -1.580000001192093
      ],
      "hit": "cart-bed002",
      "hitY": 116.47999939322472,
      "residual": -3.576275275918306e-9
    },
    {
      "point": [
        -15.167071059346199,
        116.47999938964844,
        -1.7929289324209094
      ],
      "hit": "cart-bed002",
      "hitY": 116.47999939322472,
      "residual": -3.576275275918306e-9
    },
    {
      "point": [
        -15.166087612509727,
        116.47999938964844,
        -1.7920664671808482
      ],
      "hit": "cart-bed002",
      "hitY": 116.47999939322472,
      "residual": -3.576275275918306e-9
    },
    {
      "point": [
        -15.168660253286362,
        116.47999938964844,
        -1.7950000001117588
      ],
      "hit": "cart-bed002",
      "hitY": 116.47999939322472,
      "residual": -3.576275275918306e-9
    },
    {
      "point": [
        -15.169238790869713,
        116.47999938964844,
        -1.796173165505752
      ],
      "hit": "cart-bed002",
      "hitY": 116.47999939322472,
      "residual": -3.576275275918306e-9
    },
    {
      "point": [
        -15.16965925693512,
        116.47999938964844,
        -1.7974118096288294
      ],
      "hit": "cart-bed002",
      "hitY": 116.47999939322472,
      "residual": -3.576275275918306e-9
    },
    {
      "point": [
        -15.169914439320564,
        116.47999938964844,
        -1.7986947380239144
      ],
      "hit": "cart-bed002",
      "hitY": 116.47999939322472,
      "residual": -3.576275275918306e-9
    },
    {
      "point": [
        -15.167933523654938,
        116.47999938964844,
        -1.793912385776639
      ],
      "hit": "cart-bed002",
      "hitY": 116.47999939322472,
      "residual": -3.576275275918306e-9
    },
    {
      "point": [
        -15.16499999165535,
        116.47999938964844,
        -1.7913397459313274
      ],
      "hit": "cart-bed002",
      "hitY": 116.47999939322472,
      "residual": -3.576275275918306e-9
    },
    {
      "point": [
        -15.16382683813572,
        116.47999938964844,
        -1.7907612055540085
      ],
      "hit": "cart-bed002",
      "hitY": 116.47999939322472,
      "residual": -3.576275275918306e-9
    },
    {
      "point": [
        -15.162588194012642,
        116.47999938964844,
        -1.7903407422825695
      ],
      "hit": "cart-bed002",
      "hitY": 116.47999939322472,
      "residual": -3.576275275918306e-9
    },
    {
      "point": [
        -15.161305263638496,
        116.47999938964844,
        -1.7900855515152216
      ],
      "hit": "cart-bed002",
      "hitY": 116.47999939322472,
      "residual": -3.576275275918306e-9
    },
    {
      "point": [
        -15.159999996423721,
        116.47999938964844,
        -1.7900000002235175
      ],
      "hit": "cart-bed002",
      "hitY": 116.47999939322472,
      "residual": -3.576275275918306e-9
    },
    {
      "point": [
        -15.158694729208946,
        116.47999938964844,
        -1.7900855515152216
      ],
      "hit": "cart-bed002",
      "hitY": 116.47999939322472,
      "residual": -3.576275275918306e-9
    },
    {
      "point": [
        -15.1574117988348,
        116.47999938964844,
        -1.7903407422825695
      ],
      "hit": "cart-bed002",
      "hitY": 116.47999939322472,
      "residual": -3.576275275918306e-9
    },
    {
      "point": [
        -15.156173154711723,
        116.47999938964844,
        -1.7907612055540085
      ],
      "hit": "cart-bed002",
      "hitY": 116.47999939322472,
      "residual": -3.576275275918306e-9
    },
    {
      "point": [
        -15.155000001192093,
        116.47999938964844,
        -1.7913397459313274
      ],
      "hit": "cart-bed002",
      "hitY": 116.47999939322472,
      "residual": -3.576275275918306e-9
    },
    {
      "point": [
        -15.153912380337715,
        116.47999938964844,
        -1.7920664671808482
      ],
      "hit": "cart-bed002",
      "hitY": 116.47999939322472,
      "residual": -3.576275275918306e-9
    },
    {
      "point": [
        -15.152928933501244,
        116.47999938964844,
        -1.7929289324209094
      ],
      "hit": "cart-bed002",
      "hitY": 116.47999939322472,
      "residual": -3.576275275918306e-9
    },
    {
      "point": [
        -15.152066469192505,
        116.47999938964844,
        -1.793912385776639
      ],
      "hit": "cart-bed002",
      "hitY": 116.47999939322472,
      "residual": -3.576275275918306e-9
    },
    {
      "point": [
        -15.151339739561081,
        116.47999938964844,
        -1.7950000001117588
      ],
      "hit": "cart-bed002",
      "hitY": 116.47999939322472,
      "residual": -3.576275275918306e-9
    },
    {
      "point": [
        -15.15076120197773,
        116.47999938964844,
        -1.796173165505752
      ],
      "hit": "cart-bed002",
      "hitY": 116.47999939322472,
      "residual": -3.576275275918306e-9
    },
    {
      "point": [
        -15.150340735912323,
        116.47999938964844,
        -1.7974118096288294
      ],
      "hit": "cart-bed002",
      "hitY": 116.47999939322472,
      "residual": -3.576275275918306e-9
    },
    {
      "point": [
        -15.150085553526878,
        116.47999938964844,
        -1.7986947380239144
      ],
      "hit": "cart-bed002",
      "hitY": 116.47999939322472,
      "residual": -3.576275275918306e-9
    },
    {
      "point": [
        -15.00707106757909,
        116.47999938964844,
        -1.632928940653801
      ],
      "hit": "cart-bed002",
      "hitY": 116.47999939322472,
      "residual": -3.576275275918306e-9
    },
    {
      "point": [
        -15.007933532819152,
        116.47999938964844,
        -1.6339123874902726
      ],
      "hit": "cart-bed002",
      "hitY": 116.47999939322472,
      "residual": -3.576275275918306e-9
    },
    {
      "point": [
        -15.004999999888241,
        116.47999938964844,
        -1.6313397467136384
      ],
      "hit": "cart-bed002",
      "hitY": 116.47999939322472,
      "residual": -3.576275275918306e-9
    },
    {
      "point": [
        -15.003826834494248,
        116.47999938964844,
        -1.6307612091302872
      ],
      "hit": "cart-bed002",
      "hitY": 116.47999939322472,
      "residual": -3.576275275918306e-9
    },
    {
      "point": [
        -15.006087614223361,
        116.47999938964844,
        -1.6320664763450623
      ],
      "hit": "cart-bed002",
      "hitY": 116.47999939322472,
      "residual": -3.576275275918306e-9
    },
    {
      "point": [
        -15.00258819037117,
        116.47999938964844,
        -1.6303407430648804
      ],
      "hit": "cart-bed002",
      "hitY": 116.47999939322472,
      "residual": -3.576275275918306e-9
    },
    {
      "point": [
        -15.001305261976086,
        116.47999938964844,
        -1.6300855606794358
      ],
      "hit": "cart-bed002",
      "hitY": 116.47999939322472,
      "residual": -3.576275275918306e-9
    },
    {
      "point": [
        -15.008660254068673,
        116.47999938964844,
        -1.6350000083446503
      ],
      "hit": "cart-bed002",
      "hitY": 116.47999939322472,
      "residual": -3.576275275918306e-9
    },
    {
      "point": [
        -15.009238794445992,
        116.47999938964844,
        -1.6361731618642807
      ],
      "hit": "cart-bed002",
      "hitY": 116.47999939322472,
      "residual": -3.576275275918306e-9
    },
    {
      "point": [
        -15.00965925771743,
        116.47999938964844,
        -1.6374118059873581
      ],
      "hit": "cart-bed002",
      "hitY": 116.47999939322472,
      "residual": -3.576275275918306e-9
    },
    {
      "point": [
        -15.009914448484778,
        116.47999938964844,
        -1.6386947363615036
      ],
      "hit": "cart-bed002",
      "hitY": 116.47999939322472,
      "residual": -3.576275275918306e-9
    },
    {
      "point": [
        -15.009999999776483,
        116.47999938964844,
        -1.6400000035762787
      ],
      "hit": "cart-bed002",
      "hitY": 116.47999939322472,
      "residual": -3.576275275918306e-9
    },
    {
      "point": [
        -15.009914448484778,
        116.47999938964844,
        -1.6413052707910538
      ],
      "hit": "cart-bed002",
      "hitY": 116.47999939322472,
      "residual": -3.576275275918306e-9
    },
    {
      "point": [
        -15.00965925771743,
        116.47999938964844,
        -1.6425882011651993
      ],
      "hit": "cart-bed002",
      "hitY": 116.47999939322472,
      "residual": -3.576275275918306e-9
    },
    {
      "point": [
        -15.009238794445992,
        116.47999938964844,
        -1.6438268452882767
      ],
      "hit": "cart-bed002",
      "hitY": 116.47999939322472,
      "residual": -3.576275275918306e-9
    },
    {
      "point": [
        -15.008660254068673,
        116.47999938964844,
        -1.6449999988079071
      ],
      "hit": "cart-bed002",
      "hitY": 116.47999939322472,
      "residual": -3.576275275918306e-9
    },
    {
      "point": [
        -15.007933532819152,
        116.47999938964844,
        -1.646087619662285
      ],
      "hit": "cart-bed002",
      "hitY": 116.47999939322472,
      "residual": -3.576275275918306e-9
    },
    {
      "point": [
        -15.00707106757909,
        116.47999938964844,
        -1.6470710664987565
      ],
      "hit": "cart-bed002",
      "hitY": 116.47999939322472,
      "residual": -3.576275275918306e-9
    },
    {
      "point": [
        -15.006087614223361,
        116.47999938964844,
        -1.6479335308074952
      ],
      "hit": "cart-bed002",
      "hitY": 116.47999939322472,
      "residual": -3.576275275918306e-9
    },
    {
      "point": [
        -15.004999999888241,
        116.47999938964844,
        -1.6486602604389191
      ],
      "hit": "cart-bed002",
      "hitY": 116.47999939322472,
      "residual": -3.576275275918306e-9
    },
    {
      "point": [
        -15.003826834494248,
        116.47999938964844,
        -1.6492387980222702
      ],
      "hit": "cart-bed002",
      "hitY": 116.47999939322472,
      "residual": -3.576275275918306e-9
    },
    {
      "point": [
        -15.00258819037117,
        116.47999938964844,
        -1.649659264087677
      ],
      "hit": "cart-bed002",
      "hitY": 116.47999939322472,
      "residual": -3.576275275918306e-9
    },
    {
      "point": [
        -15.001305261976086,
        116.47999938964844,
        -1.6499144464731217
      ],
      "hit": "cart-bed002",
      "hitY": 116.47999939322472,
      "residual": -3.576275275918306e-9
    },
    {
      "point": [
        -15.17000000178814,
        116.47999938964844,
        -1.8
      ],
      "hit": "cart-bed002",
      "hitY": 116.47999939322472,
      "residual": -3.576275275918306e-9
    },
    {
      "point": [
        -15.169914439320564,
        116.47999938964844,
        -1.8013052619760856
      ],
      "hit": "cart-bed002",
      "hitY": 116.47999939322472,
      "residual": -3.576275275918306e-9
    },
    {
      "point": [
        -15.16965925693512,
        116.47999938964844,
        -1.8025881903711707
      ],
      "hit": "cart-bed002",
      "hitY": 116.47999939322472,
      "residual": -3.576275275918306e-9
    },
    {
      "point": [
        -15.169238790869713,
        116.47999938964844,
        -1.803826834494248
      ],
      "hit": "cart-bed002",
      "hitY": 116.47999939322472,
      "residual": -3.576275275918306e-9
    },
    {
      "point": [
        -15.168660253286362,
        116.47999938964844,
        -1.8049999998882413
      ],
      "hit": "cart-bed002",
      "hitY": 116.47999939322472,
      "residual": -3.576275275918306e-9
    },
    {
      "point": [
        -15.167933523654938,
        116.47999938964844,
        -1.806087614223361
      ],
      "hit": "cart-bed002",
      "hitY": 116.47999939322472,
      "residual": -3.576275275918306e-9
    },
    {
      "point": [
        -15.167071059346199,
        116.47999938964844,
        -1.8070710675790906
      ],
      "hit": "cart-bed002",
      "hitY": 116.47999939322472,
      "residual": -3.576275275918306e-9
    },
    {
      "point": [
        -15.166087612509727,
        116.47999938964844,
        -1.807933532819152
      ],
      "hit": "cart-bed002",
      "hitY": 116.47999939322472,
      "residual": -3.576275275918306e-9
    },
    {
      "point": [
        -15.16499999165535,
        116.47999938964844,
        -1.8086602540686727
      ],
      "hit": "cart-bed002",
      "hitY": 116.47999939322472,
      "residual": -3.576275275918306e-9
    },
    {
      "point": [
        -15.16382683813572,
        116.47999938964844,
        -1.8092387944459916
      ],
      "hit": "cart-bed002",
      "hitY": 116.47999939322472,
      "residual": -3.576275275918306e-9
    },
    {
      "point": [
        -15.162588194012642,
        116.47999938964844,
        -1.8096592577174306
      ],
      "hit": "cart-bed002",
      "hitY": 116.47999939322472,
      "residual": -3.576275275918306e-9
    },
    {
      "point": [
        -15.161305263638496,
        116.47999938964844,
        -1.8099144484847784
      ],
      "hit": "cart-bed002",
      "hitY": 116.47999939322472,
      "residual": -3.576275275918306e-9
    },
    {
      "point": [
        -15.159999996423721,
        116.47999938964844,
        -1.8099999997764826
      ],
      "hit": "cart-bed002",
      "hitY": 116.47999939322472,
      "residual": -3.576275275918306e-9
    },
    {
      "point": [
        -15.158694729208946,
        116.47999938964844,
        -1.8099144484847784
      ],
      "hit": "cart-bed002",
      "hitY": 116.47999939322472,
      "residual": -3.576275275918306e-9
    },
    {
      "point": [
        -15.151339739561081,
        116.47999938964844,
        -1.8049999998882413
      ],
      "hit": "cart-bed002",
      "hitY": 116.47999939322472,
      "residual": -3.576275275918306e-9
    },
    {
      "point": [
        -15.152066469192505,
        116.47999938964844,
        -1.806087614223361
      ],
      "hit": "cart-bed002",
      "hitY": 116.47999939322472,
      "residual": -3.576275275918306e-9
    },
    {
      "point": [
        -15.1574117988348,
        116.47999938964844,
        -1.8096592577174306
      ],
      "hit": "cart-bed002",
      "hitY": 116.47999939322472,
      "residual": -3.576275275918306e-9
    },
    {
      "point": [
        -15.156173154711723,
        116.47999938964844,
        -1.8092387944459916
      ],
      "hit": "cart-bed002",
      "hitY": 116.47999939322472,
      "residual": -3.576275275918306e-9
    },
    {
      "point": [
        -15.155000001192093,
        116.47999938964844,
        -1.8086602540686727
      ],
      "hit": "cart-bed002",
      "hitY": 116.47999939322472,
      "residual": -3.576275275918306e-9
    },
    {
      "point": [
        -15.153912380337715,
        116.47999938964844,
        -1.807933532819152
      ],
      "hit": "cart-bed002",
      "hitY": 116.47999939322472,
      "residual": -3.576275275918306e-9
    },
    {
      "point": [
        -15.152928933501244,
        116.47999938964844,
        -1.8070710675790906
      ],
      "hit": "cart-bed002",
      "hitY": 116.47999939322472,
      "residual": -3.576275275918306e-9
    },
    {
      "point": [
        -15.149999991059303,
        116.47999938964844,
        -1.8
      ],
      "hit": "cart-bed002",
      "hitY": 116.47999939322472,
      "residual": -3.576275275918306e-9
    },
    {
      "point": [
        -15.150085553526878,
        116.47999938964844,
        -1.8013052619760856
      ],
      "hit": "cart-bed002",
      "hitY": 116.47999939322472,
      "residual": -3.576275275918306e-9
    },
    {
      "point": [
        -15.150340735912323,
        116.47999938964844,
        -1.8025881903711707
      ],
      "hit": "cart-bed002",
      "hitY": 116.47999939322472,
      "residual": -3.576275275918306e-9
    },
    {
      "point": [
        -15.15076120197773,
        116.47999938964844,
        -1.803826834494248
      ],
      "hit": "cart-bed002",
      "hitY": 116.47999939322472,
      "residual": -3.576275275918306e-9
    },
    {
      "point": [
        -15.219999998807907,
        116.47999938964844,
        -2.019999998807907
      ],
      "hit": "cart-bed002",
      "hitY": 116.47999939322472,
      "residual": -3.576275275918306e-9
    },
    {
      "point": [
        -15.003826834494248,
        116.47999938964844,
        -1.9507612019777298
      ],
      "hit": "cart-bed002",
      "hitY": 116.47999939322472,
      "residual": -3.576275275918306e-9
    },
    {
      "point": [
        -15.00258819037117,
        116.47999938964844,
        -1.950340735912323
      ],
      "hit": "cart-bed002",
      "hitY": 116.47999939322472,
      "residual": -3.576275275918306e-9
    },
    {
      "point": [
        -15.001305261976086,
        116.47999938964844,
        -1.9500855535268784
      ],
      "hit": "cart-bed002",
      "hitY": 116.47999939322472,
      "residual": -3.576275275918306e-9
    },
    {
      "point": [
        -15.00707106757909,
        116.47999938964844,
        -1.9529289335012436
      ],
      "hit": "cart-bed002",
      "hitY": 116.47999939322472,
      "residual": -3.576275275918306e-9
    },
    {
      "point": [
        -15.007933532819152,
        116.47999938964844,
        -1.9539123803377152
      ],
      "hit": "cart-bed002",
      "hitY": 116.47999939322472,
      "residual": -3.576275275918306e-9
    },
    {
      "point": [
        -15.008660254068673,
        116.47999938964844,
        -1.955000001192093
      ],
      "hit": "cart-bed002",
      "hitY": 116.47999939322472,
      "residual": -3.576275275918306e-9
    },
    {
      "point": [
        -15.009238794445992,
        116.47999938964844,
        -1.9561731547117234
      ],
      "hit": "cart-bed002",
      "hitY": 116.47999939322472,
      "residual": -3.576275275918306e-9
    },
    {
      "point": [
        -15.00965925771743,
        116.47999938964844,
        -1.9574117988348008
      ],
      "hit": "cart-bed002",
      "hitY": 116.47999939322472,
      "residual": -3.576275275918306e-9
    },
    {
      "point": [
        -15.009914448484778,
        116.47999938964844,
        -1.9586947292089463
      ],
      "hit": "cart-bed002",
      "hitY": 116.47999939322472,
      "residual": -3.576275275918306e-9
    },
    {
      "point": [
        -15.009999999776483,
        116.47999938964844,
        -1.9599999964237214
      ],
      "hit": "cart-bed002",
      "hitY": 116.47999939322472,
      "residual": -3.576275275918306e-9
    },
    {
      "point": [
        -15.009914448484778,
        116.47999938964844,
        -1.9613052636384964
      ],
      "hit": "cart-bed002",
      "hitY": 116.47999939322472,
      "residual": -3.576275275918306e-9
    },
    {
      "point": [
        -15.00965925771743,
        116.47999938964844,
        -1.962588194012642
      ],
      "hit": "cart-bed002",
      "hitY": 116.47999939322472,
      "residual": -3.576275275918306e-9
    },
    {
      "point": [
        -15.009238794445992,
        116.47999938964844,
        -1.9638268381357193
      ],
      "hit": "cart-bed002",
      "hitY": 116.47999939322472,
      "residual": -3.576275275918306e-9
    },
    {
      "point": [
        -15.008660254068673,
        116.47999938964844,
        -1.9649999916553498
      ],
      "hit": "cart-bed002",
      "hitY": 116.47999939322472,
      "residual": -3.576275275918306e-9
    },
    {
      "point": [
        -15.006087614223361,
        116.47999938964844,
        -1.952066469192505
      ],
      "hit": "cart-bed002",
      "hitY": 116.47999939322472,
      "residual": -3.576275275918306e-9
    },
    {
      "point": [
        -15.004999999888241,
        116.47999938964844,
        -1.951339739561081
      ],
      "hit": "cart-bed002",
      "hitY": 116.47999939322472,
      "residual": -3.576275275918306e-9
    },
    {
      "point": [
        -15.007933532819152,
        116.47999938964844,
        -1.9660876125097275
      ],
      "hit": "cart-bed002",
      "hitY": 116.47999939322472,
      "residual": -3.576275275918306e-9
    },
    {
      "point": [
        -15.00707106757909,
        116.47999938964844,
        -1.967071059346199
      ],
      "hit": "cart-bed002",
      "hitY": 116.47999939322472,
      "residual": -3.576275275918306e-9
    },
    {
      "point": [
        -15.006087614223361,
        116.47999938964844,
        -1.9679335236549378
      ],
      "hit": "cart-bed002",
      "hitY": 116.47999939322472,
      "residual": -3.576275275918306e-9
    },
    {
      "point": [
        -15.004999999888241,
        116.47999938964844,
        -1.9686602532863617
      ],
      "hit": "cart-bed002",
      "hitY": 116.47999939322472,
      "residual": -3.576275275918306e-9
    },
    {
      "point": [
        -15.003826834494248,
        116.47999938964844,
        -1.9692387908697129
      ],
      "hit": "cart-bed002",
      "hitY": 116.47999939322472,
      "residual": -3.576275275918306e-9
    },
    {
      "point": [
        -15.00258819037117,
        116.47999938964844,
        -1.9696592569351197
      ],
      "hit": "cart-bed002",
      "hitY": 116.47999939322472,
      "residual": -3.576275275918306e-9
    },
    {
      "point": [
        -15.001305261976086,
        116.47999938964844,
        -1.9699144393205643
      ],
      "hit": "cart-bed002",
      "hitY": 116.47999939322472,
      "residual": -3.576275275918306e-9
    },
    {
      "point": [
        -15,
        116.47999938964844,
        -1.6299999982118607
      ],
      "hit": "cart-bed002",
      "hitY": 116.47999939322472,
      "residual": -3.576275275918306e-9
    },
    {
      "point": [
        -14.998694738023914,
        116.47999938964844,
        -1.6300855606794358
      ],
      "hit": "cart-bed002",
      "hitY": 116.47999939322472,
      "residual": -3.576275275918306e-9
    },
    {
      "point": [
        -14.99741180962883,
        116.47999938964844,
        -1.6303407430648804
      ],
      "hit": "cart-bed002",
      "hitY": 116.47999939322472,
      "residual": -3.576275275918306e-9
    },
    {
      "point": [
        -14.996173165505752,
        116.47999938964844,
        -1.6307612091302872
      ],
      "hit": "cart-bed002",
      "hitY": 116.47999939322472,
      "residual": -3.576275275918306e-9
    },
    {
      "point": [
        -14.995000000111759,
        116.47999938964844,
        -1.6313397467136384
      ],
      "hit": "cart-bed002",
      "hitY": 116.47999939322472,
      "residual": -3.576275275918306e-9
    },
    {
      "point": [
        -14.993912385776639,
        116.47999938964844,
        -1.6320664763450623
      ],
      "hit": "cart-bed002",
      "hitY": 116.47999939322472,
      "residual": -3.576275275918306e-9
    },
    {
      "point": [
        -14.99292893242091,
        116.47999938964844,
        -1.632928940653801
      ],
      "hit": "cart-bed002",
      "hitY": 116.47999939322472,
      "residual": -3.576275275918306e-9
    },
    {
      "point": [
        -14.992066467180848,
        116.47999938964844,
        -1.6339123874902726
      ],
      "hit": "cart-bed002",
      "hitY": 116.47999939322472,
      "residual": -3.576275275918306e-9
    },
    {
      "point": [
        -14.995000000111759,
        116.47999938964844,
        -1.6486602604389191
      ],
      "hit": "cart-bed002",
      "hitY": 116.47999939322472,
      "residual": -3.576275275918306e-9
    },
    {
      "point": [
        -14.993912385776639,
        116.47999938964844,
        -1.6479335308074952
      ],
      "hit": "cart-bed002",
      "hitY": 116.47999939322472,
      "residual": -3.576275275918306e-9
    },
    {
      "point": [
        -14.991339745931327,
        116.47999938964844,
        -1.6350000083446503
      ],
      "hit": "cart-bed002",
      "hitY": 116.47999939322472,
      "residual": -3.576275275918306e-9
    },
    {
      "point": [
        -14.990761205554008,
        116.47999938964844,
        -1.6361731618642807
      ],
      "hit": "cart-bed002",
      "hitY": 116.47999939322472,
      "residual": -3.576275275918306e-9
    },
    {
      "point": [
        -14.99034074228257,
        116.47999938964844,
        -1.6374118059873581
      ],
      "hit": "cart-bed002",
      "hitY": 116.47999939322472,
      "residual": -3.576275275918306e-9
    },
    {
      "point": [
        -14.990085551515222,
        116.47999938964844,
        -1.6386947363615036
      ],
      "hit": "cart-bed002",
      "hitY": 116.47999939322472,
      "residual": -3.576275275918306e-9
    },
    {
      "point": [
        -14.990000000223517,
        116.47999938964844,
        -1.6400000035762787
      ],
      "hit": "cart-bed002",
      "hitY": 116.47999939322472,
      "residual": -3.576275275918306e-9
    },
    {
      "point": [
        -14.990085551515222,
        116.47999938964844,
        -1.6413052707910538
      ],
      "hit": "cart-bed002",
      "hitY": 116.47999939322472,
      "residual": -3.576275275918306e-9
    },
    {
      "point": [
        -14.99034074228257,
        116.47999938964844,
        -1.6425882011651993
      ],
      "hit": "cart-bed002",
      "hitY": 116.47999939322472,
      "residual": -3.576275275918306e-9
    },
    {
      "point": [
        -14.990761205554008,
        116.47999938964844,
        -1.6438268452882767
      ],
      "hit": "cart-bed002",
      "hitY": 116.47999939322472,
      "residual": -3.576275275918306e-9
    },
    {
      "point": [
        -14.991339745931327,
        116.47999938964844,
        -1.6449999988079071
      ],
      "hit": "cart-bed002",
      "hitY": 116.47999939322472,
      "residual": -3.576275275918306e-9
    },
    {
      "point": [
        -14.992066467180848,
        116.47999938964844,
        -1.646087619662285
      ],
      "hit": "cart-bed002",
      "hitY": 116.47999939322472,
      "residual": -3.576275275918306e-9
    },
    {
      "point": [
        -14.99292893242091,
        116.47999938964844,
        -1.6470710664987565
      ],
      "hit": "cart-bed002",
      "hitY": 116.47999939322472,
      "residual": -3.576275275918306e-9
    },
    {
      "point": [
        -15,
        116.47999938964844,
        -1.6500000089406968
      ],
      "hit": "cart-bed002",
      "hitY": 116.47999939322472,
      "residual": -3.576275275918306e-9
    },
    {
      "point": [
        -14.998694738023914,
        116.47999938964844,
        -1.6499144464731217
      ],
      "hit": "cart-bed002",
      "hitY": 116.47999939322472,
      "residual": -3.576275275918306e-9
    },
    {
      "point": [
        -14.99741180962883,
        116.47999938964844,
        -1.649659264087677
      ],
      "hit": "cart-bed002",
      "hitY": 116.47999939322472,
      "residual": -3.576275275918306e-9
    },
    {
      "point": [
        -14.996173165505752,
        116.47999938964844,
        -1.6492387980222702
      ],
      "hit": "cart-bed002",
      "hitY": 116.47999939322472,
      "residual": -3.576275275918306e-9
    },
    {
      "point": [
        -14.780000001192093,
        116.47999938964844,
        -1.580000001192093
      ],
      "hit": "cart-bed002",
      "hitY": 116.47999939322472,
      "residual": -3.576275275918306e-9
    },
    {
      "point": [
        -14.84923879802227,
        116.47999938964844,
        -1.796173165505752
      ],
      "hit": "cart-bed002",
      "hitY": 116.47999939322472,
      "residual": -3.576275275918306e-9
    },
    {
      "point": [
        -14.849659264087677,
        116.47999938964844,
        -1.7974118096288294
      ],
      "hit": "cart-bed002",
      "hitY": 116.47999939322472,
      "residual": -3.576275275918306e-9
    },
    {
      "point": [
        -14.849914446473122,
        116.47999938964844,
        -1.7986947380239144
      ],
      "hit": "cart-bed002",
      "hitY": 116.47999939322472,
      "residual": -3.576275275918306e-9
    },
    {
      "point": [
        -14.847071066498756,
        116.47999938964844,
        -1.7929289324209094
      ],
      "hit": "cart-bed002",
      "hitY": 116.47999939322472,
      "residual": -3.576275275918306e-9
    },
    {
      "point": [
        -14.846087619662285,
        116.47999938964844,
        -1.7920664671808482
      ],
      "hit": "cart-bed002",
      "hitY": 116.47999939322472,
      "residual": -3.576275275918306e-9
    },
    {
      "point": [
        -14.844999998807907,
        116.47999938964844,
        -1.7913397459313274
      ],
      "hit": "cart-bed002",
      "hitY": 116.47999939322472,
      "residual": -3.576275275918306e-9
    },
    {
      "point": [
        -14.843826845288277,
        116.47999938964844,
        -1.7907612055540085
      ],
      "hit": "cart-bed002",
      "hitY": 116.47999939322472,
      "residual": -3.576275275918306e-9
    },
    {
      "point": [
        -14.8425882011652,
        116.47999938964844,
        -1.7903407422825695
      ],
      "hit": "cart-bed002",
      "hitY": 116.47999939322472,
      "residual": -3.576275275918306e-9
    },
    {
      "point": [
        -14.847933530807495,
        116.47999938964844,
        -1.793912385776639
      ],
      "hit": "cart-bed002",
      "hitY": 116.47999939322472,
      "residual": -3.576275275918306e-9
    },
    {
      "point": [
        -14.848660260438919,
        116.47999938964844,
        -1.7950000001117588
      ],
      "hit": "cart-bed002",
      "hitY": 116.47999939322472,
      "residual": -3.576275275918306e-9
    },
    {
      "point": [
        -14.841305270791054,
        116.47999938964844,
        -1.7900855515152216
      ],
      "hit": "cart-bed002",
      "hitY": 116.47999939322472,
      "residual": -3.576275275918306e-9
    },
    {
      "point": [
        -14.840000003576279,
        116.47999938964844,
        -1.7900000002235175
      ],
      "hit": "cart-bed002",
      "hitY": 116.47999939322472,
      "residual": -3.576275275918306e-9
    },
    {
      "point": [
        -14.838694736361504,
        116.47999938964844,
        -1.7900855515152216
      ],
      "hit": "cart-bed002",
      "hitY": 116.47999939322472,
      "residual": -3.576275275918306e-9
    },
    {
      "point": [
        -14.837411805987358,
        116.47999938964844,
        -1.7903407422825695
      ],
      "hit": "cart-bed002",
      "hitY": 116.47999939322472,
      "residual": -3.576275275918306e-9
    },
    {
      "point": [
        -14.83617316186428,
        116.47999938964844,
        -1.7907612055540085
      ],
      "hit": "cart-bed002",
      "hitY": 116.47999939322472,
      "residual": -3.576275275918306e-9
    },
    {
      "point": [
        -14.83500000834465,
        116.47999938964844,
        -1.7913397459313274
      ],
      "hit": "cart-bed002",
      "hitY": 116.47999939322472,
      "residual": -3.576275275918306e-9
    },
    {
      "point": [
        -14.833912387490273,
        116.47999938964844,
        -1.7920664671808482
      ],
      "hit": "cart-bed002",
      "hitY": 116.47999939322472,
      "residual": -3.576275275918306e-9
    },
    {
      "point": [
        -14.832928940653801,
        116.47999938964844,
        -1.7929289324209094
      ],
      "hit": "cart-bed002",
      "hitY": 116.47999939322472,
      "residual": -3.576275275918306e-9
    },
    {
      "point": [
        -14.832066476345062,
        116.47999938964844,
        -1.793912385776639
      ],
      "hit": "cart-bed002",
      "hitY": 116.47999939322472,
      "residual": -3.576275275918306e-9
    },
    {
      "point": [
        -14.831339746713638,
        116.47999938964844,
        -1.7950000001117588
      ],
      "hit": "cart-bed002",
      "hitY": 116.47999939322472,
      "residual": -3.576275275918306e-9
    },
    {
      "point": [
        -14.830761209130287,
        116.47999938964844,
        -1.796173165505752
      ],
      "hit": "cart-bed002",
      "hitY": 116.47999939322472,
      "residual": -3.576275275918306e-9
    },
    {
      "point": [
        -14.83034074306488,
        116.47999938964844,
        -1.7974118096288294
      ],
      "hit": "cart-bed002",
      "hitY": 116.47999939322472,
      "residual": -3.576275275918306e-9
    },
    {
      "point": [
        -14.830085560679436,
        116.47999938964844,
        -1.7986947380239144
      ],
      "hit": "cart-bed002",
      "hitY": 116.47999939322472,
      "residual": -3.576275275918306e-9
    },
    {
      "point": [
        -15,
        116.47999938964844,
        -1.9499999910593033
      ],
      "hit": "cart-bed002",
      "hitY": 116.47999939322472,
      "residual": -3.576275275918306e-9
    },
    {
      "point": [
        -14.998694738023914,
        116.47999938964844,
        -1.9500855535268784
      ],
      "hit": "cart-bed002",
      "hitY": 116.47999939322472,
      "residual": -3.576275275918306e-9
    },
    {
      "point": [
        -14.99741180962883,
        116.47999938964844,
        -1.950340735912323
      ],
      "hit": "cart-bed002",
      "hitY": 116.47999939322472,
      "residual": -3.576275275918306e-9
    },
    {
      "point": [
        -14.996173165505752,
        116.47999938964844,
        -1.9507612019777298
      ],
      "hit": "cart-bed002",
      "hitY": 116.47999939322472,
      "residual": -3.576275275918306e-9
    },
    {
      "point": [
        -14.995000000111759,
        116.47999938964844,
        -1.951339739561081
      ],
      "hit": "cart-bed002",
      "hitY": 116.47999939322472,
      "residual": -3.576275275918306e-9
    },
    {
      "point": [
        -14.993912385776639,
        116.47999938964844,
        -1.952066469192505
      ],
      "hit": "cart-bed002",
      "hitY": 116.47999939322472,
      "residual": -3.576275275918306e-9
    },
    {
      "point": [
        -14.99292893242091,
        116.47999938964844,
        -1.9529289335012436
      ],
      "hit": "cart-bed002",
      "hitY": 116.47999939322472,
      "residual": -3.576275275918306e-9
    },
    {
      "point": [
        -14.992066467180848,
        116.47999938964844,
        -1.9539123803377152
      ],
      "hit": "cart-bed002",
      "hitY": 116.47999939322472,
      "residual": -3.576275275918306e-9
    },
    {
      "point": [
        -14.991339745931327,
        116.47999938964844,
        -1.955000001192093
      ],
      "hit": "cart-bed002",
      "hitY": 116.47999939322472,
      "residual": -3.576275275918306e-9
    },
    {
      "point": [
        -14.990761205554008,
        116.47999938964844,
        -1.9561731547117234
      ],
      "hit": "cart-bed002",
      "hitY": 116.47999939322472,
      "residual": -3.576275275918306e-9
    },
    {
      "point": [
        -14.99034074228257,
        116.47999938964844,
        -1.9574117988348008
      ],
      "hit": "cart-bed002",
      "hitY": 116.47999939322472,
      "residual": -3.576275275918306e-9
    },
    {
      "point": [
        -14.990085551515222,
        116.47999938964844,
        -1.9586947292089463
      ],
      "hit": "cart-bed002",
      "hitY": 116.47999939322472,
      "residual": -3.576275275918306e-9
    },
    {
      "point": [
        -14.990000000223517,
        116.47999938964844,
        -1.9599999964237214
      ],
      "hit": "cart-bed002",
      "hitY": 116.47999939322472,
      "residual": -3.576275275918306e-9
    },
    {
      "point": [
        -14.990085551515222,
        116.47999938964844,
        -1.9613052636384964
      ],
      "hit": "cart-bed002",
      "hitY": 116.47999939322472,
      "residual": -3.576275275918306e-9
    },
    {
      "point": [
        -14.99034074228257,
        116.47999938964844,
        -1.962588194012642
      ],
      "hit": "cart-bed002",
      "hitY": 116.47999939322472,
      "residual": -3.576275275918306e-9
    },
    {
      "point": [
        -14.990761205554008,
        116.47999938964844,
        -1.9638268381357193
      ],
      "hit": "cart-bed002",
      "hitY": 116.47999939322472,
      "residual": -3.576275275918306e-9
    },
    {
      "point": [
        -14.991339745931327,
        116.47999938964844,
        -1.9649999916553498
      ],
      "hit": "cart-bed002",
      "hitY": 116.47999939322472,
      "residual": -3.576275275918306e-9
    },
    {
      "point": [
        -15,
        116.47999938964844,
        -1.9700000017881394
      ],
      "hit": "cart-bed002",
      "hitY": 116.47999939322472,
      "residual": -3.576275275918306e-9
    },
    {
      "point": [
        -14.998694738023914,
        116.47999938964844,
        -1.9699144393205643
      ],
      "hit": "cart-bed002",
      "hitY": 116.47999939322472,
      "residual": -3.576275275918306e-9
    },
    {
      "point": [
        -14.99741180962883,
        116.47999938964844,
        -1.9696592569351197
      ],
      "hit": "cart-bed002",
      "hitY": 116.47999939322472,
      "residual": -3.576275275918306e-9
    },
    {
      "point": [
        -14.993912385776639,
        116.47999938964844,
        -1.9679335236549378
      ],
      "hit": "cart-bed002",
      "hitY": 116.47999939322472,
      "residual": -3.576275275918306e-9
    },
    {
      "point": [
        -14.996173165505752,
        116.47999938964844,
        -1.9692387908697129
      ],
      "hit": "cart-bed002",
      "hitY": 116.47999939322472,
      "residual": -3.576275275918306e-9
    },
    {
      "point": [
        -14.995000000111759,
        116.47999938964844,
        -1.9686602532863617
      ],
      "hit": "cart-bed002",
      "hitY": 116.47999939322472,
      "residual": -3.576275275918306e-9
    },
    {
      "point": [
        -14.992066467180848,
        116.47999938964844,
        -1.9660876125097275
      ],
      "hit": "cart-bed002",
      "hitY": 116.47999939322472,
      "residual": -3.576275275918306e-9
    },
    {
      "point": [
        -14.99292893242091,
        116.47999938964844,
        -1.967071059346199
      ],
      "hit": "cart-bed002",
      "hitY": 116.47999939322472,
      "residual": -3.576275275918306e-9
    },
    {
      "point": [
        -14.850000008940697,
        116.47999938964844,
        -1.8
      ],
      "hit": "cart-bed002",
      "hitY": 116.47999939322472,
      "residual": -3.576275275918306e-9
    },
    {
      "point": [
        -14.849914446473122,
        116.47999938964844,
        -1.8013052619760856
      ],
      "hit": "cart-bed002",
      "hitY": 116.47999939322472,
      "residual": -3.576275275918306e-9
    },
    {
      "point": [
        -14.849659264087677,
        116.47999938964844,
        -1.8025881903711707
      ],
      "hit": "cart-bed002",
      "hitY": 116.47999939322472,
      "residual": -3.576275275918306e-9
    },
    {
      "point": [
        -14.84923879802227,
        116.47999938964844,
        -1.803826834494248
      ],
      "hit": "cart-bed002",
      "hitY": 116.47999939322472,
      "residual": -3.576275275918306e-9
    },
    {
      "point": [
        -14.848660260438919,
        116.47999938964844,
        -1.8049999998882413
      ],
      "hit": "cart-bed002",
      "hitY": 116.47999939322472,
      "residual": -3.576275275918306e-9
    },
    {
      "point": [
        -14.847933530807495,
        116.47999938964844,
        -1.806087614223361
      ],
      "hit": "cart-bed002",
      "hitY": 116.47999939322472,
      "residual": -3.576275275918306e-9
    },
    {
      "point": [
        -14.847071066498756,
        116.47999938964844,
        -1.8070710675790906
      ],
      "hit": "cart-bed002",
      "hitY": 116.47999939322472,
      "residual": -3.576275275918306e-9
    },
    {
      "point": [
        -14.846087619662285,
        116.47999938964844,
        -1.807933532819152
      ],
      "hit": "cart-bed002",
      "hitY": 116.47999939322472,
      "residual": -3.576275275918306e-9
    },
    {
      "point": [
        -14.844999998807907,
        116.47999938964844,
        -1.8086602540686727
      ],
      "hit": "cart-bed002",
      "hitY": 116.47999939322472,
      "residual": -3.576275275918306e-9
    },
    {
      "point": [
        -14.843826845288277,
        116.47999938964844,
        -1.8092387944459916
      ],
      "hit": "cart-bed002",
      "hitY": 116.47999939322472,
      "residual": -3.576275275918306e-9
    },
    {
      "point": [
        -14.8425882011652,
        116.47999938964844,
        -1.8096592577174306
      ],
      "hit": "cart-bed002",
      "hitY": 116.47999939322472,
      "residual": -3.576275275918306e-9
    },
    {
      "point": [
        -14.841305270791054,
        116.47999938964844,
        -1.8099144484847784
      ],
      "hit": "cart-bed002",
      "hitY": 116.47999939322472,
      "residual": -3.576275275918306e-9
    },
    {
      "point": [
        -14.840000003576279,
        116.47999938964844,
        -1.8099999997764826
      ],
      "hit": "cart-bed002",
      "hitY": 116.47999939322472,
      "residual": -3.576275275918306e-9
    },
    {
      "point": [
        -14.838694736361504,
        116.47999938964844,
        -1.8099144484847784
      ],
      "hit": "cart-bed002",
      "hitY": 116.47999939322472,
      "residual": -3.576275275918306e-9
    },
    {
      "point": [
        -14.837411805987358,
        116.47999938964844,
        -1.8096592577174306
      ],
      "hit": "cart-bed002",
      "hitY": 116.47999939322472,
      "residual": -3.576275275918306e-9
    },
    {
      "point": [
        -14.83617316186428,
        116.47999938964844,
        -1.8092387944459916
      ],
      "hit": "cart-bed002",
      "hitY": 116.47999939322472,
      "residual": -3.576275275918306e-9
    },
    {
      "point": [
        -14.83500000834465,
        116.47999938964844,
        -1.8086602540686727
      ],
      "hit": "cart-bed002",
      "hitY": 116.47999939322472,
      "residual": -3.576275275918306e-9
    },
    {
      "point": [
        -14.832066476345062,
        116.47999938964844,
        -1.806087614223361
      ],
      "hit": "cart-bed002",
      "hitY": 116.47999939322472,
      "residual": -3.576275275918306e-9
    },
    {
      "point": [
        -14.82999999821186,
        116.47999938964844,
        -1.8
      ],
      "hit": "cart-bed002",
      "hitY": 116.47999939322472,
      "residual": -3.576275275918306e-9
    },
    {
      "point": [
        -14.830085560679436,
        116.47999938964844,
        -1.8013052619760856
      ],
      "hit": "cart-bed002",
      "hitY": 116.47999939322472,
      "residual": -3.576275275918306e-9
    },
    {
      "point": [
        -14.83034074306488,
        116.47999938964844,
        -1.8025881903711707
      ],
      "hit": "cart-bed002",
      "hitY": 116.47999939322472,
      "residual": -3.576275275918306e-9
    },
    {
      "point": [
        -14.830761209130287,
        116.47999938964844,
        -1.803826834494248
      ],
      "hit": "cart-bed002",
      "hitY": 116.47999939322472,
      "residual": -3.576275275918306e-9
    },
    {
      "point": [
        -14.831339746713638,
        116.47999938964844,
        -1.8049999998882413
      ],
      "hit": "cart-bed002",
      "hitY": 116.47999939322472,
      "residual": -3.576275275918306e-9
    },
    {
      "point": [
        -14.833912387490273,
        116.47999938964844,
        -1.807933532819152
      ],
      "hit": "cart-bed002",
      "hitY": 116.47999939322472,
      "residual": -3.576275275918306e-9
    },
    {
      "point": [
        -14.832928940653801,
        116.47999938964844,
        -1.8070710675790906
      ],
      "hit": "cart-bed002",
      "hitY": 116.47999939322472,
      "residual": -3.576275275918306e-9
    },
    {
      "point": [
        -14.780000001192093,
        116.47999938964844,
        -2.019999998807907
      ],
      "hit": "cart-bed002",
      "hitY": 116.47999939322472,
      "residual": -3.576275275918306e-9
    }
  ]
}
