[09/08/26 16:03:13] INFO     Processing request of type            server.py:727
                             CallToolRequest                                    
                    INFO     Processing request of type            server.py:727
                             ListToolsRequest                                   
{"status": "ok", "result": {"version": "5.2.1 LTS", "scene": "WonderForge \u2014 supported climbing gin pole.011", "file": "", "objects": 492}}
                    INFO     Processing request of type            server.py:727
                             CallToolRequest                                    
{
  "file": "/Users/hina/Documents/Experience-Intelligence-Domain/wonderforge/artifacts/eiffel-gin-pole-climb-2026-09-08/blender/eiffel-summit-gin-pole-climb.blend",
  "objects": 334,
  "meshes": 298,
  "roles": [
    "climb-drive-fixed",
    "climb-east-fairlead",
    "climb-east-upper-fairlead",
    "climb-input-crank",
    "climb-output-gear",
    "climb-pawl",
    "climb-ratchet-wheel",
    "climb-west-fairlead",
    "climb-winch-drum",
    "gin-pole-system",
    "guide-0-fixed",
    "guide-0-north-latch",
    "guide-0-north-leaf",
    "guide-0-south-latch",
    "guide-0-south-leaf",
    "guide-1-axial-pin",
    "guide-1-fixed",
    "guide-1-north-latch",
    "guide-1-north-leaf",
    "guide-1-south-latch",
    "guide-1-south-leaf",
    "guide-2-fixed",
    "guide-2-north-latch",
    "guide-2-north-leaf",
    "guide-2-south-latch",
    "guide-2-south-leaf",
    "guide-3-axial-pin",
    "guide-3-fixed",
    "guide-3-north-latch",
    "guide-3-north-leaf",
    "guide-3-south-latch",
    "guide-3-south-leaf",
    "jib-pitch",
    "jib-yaw",
    "mast-access-ladder",
    "moving-pole"
  ]
}
