{
  "scope": "Rejection probe for carrying the new plate/pads rigidly beside the first ground-delivered beam; completed tower minus replaced slab, 245 static support solids, both cargo, baskets, upper slings and hook. Excludes actual articulated crane, exact cart and crew.",
  "includesCarrierFrame": true,
  "step": 0.1,
  "productionAdmitted": false,
  "reports": [
    {
      "offset": 0.4,
      "samples": 461,
      "findings": [
        {
          "piece": "outrigger-0",
          "fixed": "lower-ne-02-m013-c001",
          "seconds": 22.2,
          "depth": 0.033005658102101765
        }
      ]
    }
  ]
}
