
 RUN  v3.2.7 /Users/hina/Documents/Experience-Intelligence-Domain/wonderforge

 ✓ tests/eiffel-long-load-film-camera.test.ts (2 tests) 1005ms
   ✓ main-film actual long-load camera > keeps the five-metre near frustum outside every completed-tower solid  999ms
 ✓ tests/eiffel-long-load-film-system.test.ts (3 tests) 50ms
 ✓ tests/eiffel-long-load-drive-system.test.ts (3 tests) 45ms
 ❯ tests/eiffel-film.test.ts (14 tests | 1 failed) 13500ms
   ✓ Eiffel main film chapter > covers the short production gap between adjacent editorial cards without changing its clock 3ms
   ✓ Eiffel main film chapter > preserves every original production coordinate outside the chapter 10ms
   ✓ Eiffel main film chapter > brackets the complete lift with explicit, opaque installation/removal omissions 6ms
   ✓ Eiffel main film chapter > keeps environment motion continuous while construction holds and all original orbit endpoints 1ms
   × Eiffel main film chapter > keeps immediate constant-direction azimuth motion through every inserted chapter boundary 5262ms
     → Test timed out in 5000ms.
If this is a long-running test, pass a timeout value as the last argument or configure it globally with "testTimeout".
   ✓ Eiffel main film chapter > contains phase-specific supported establish/recovery and payload/cart working bounds at aspect 1.6 5ms
   ✓ Eiffel main film chapter > contains phase-specific supported establish/recovery and payload/cart working bounds at aspect 0.46208530805687204 5ms
   ✓ Eiffel main film chapter > contains phase-specific supported establish/recovery and payload/cart working bounds at aspect 0.3791469194312796 17ms
   ✓ Eiffel main film chapter > continues traffic after the original60s boundary without changing the default API 1ms
   ✓ Eiffel main film chapter > derives independent seated handoffs and insertion clocks on forward and reverse seeks 0ms
   ✓ Eiffel main film chapter > withholds the actual long member through landing and seats it only after the opaque later-work cut 0ms
   ✓ Eiffel main film chapter > binds the lightweight insertion coordinate to the actual production plan and manifest bytes  8189ms
   ✓ Eiffel main film chapter > admits only audited joint routes, then preserves both independent cargo handoffs 1ms
   ✓ Eiffel main film chapter > uses the longer duration only for Eiffel and restores other wonders 0ms

⎯⎯⎯⎯⎯⎯⎯ Failed Tests 1 ⎯⎯⎯⎯⎯⎯⎯

 FAIL  tests/eiffel-film.test.ts > Eiffel main film chapter > keeps immediate constant-direction azimuth motion through every inserted chapter boundary
Error: Test timed out in 5000ms.
If this is a long-running test, pass a timeout value as the last argument or configure it globally with "testTimeout".
 ❯ tests/eiffel-film.test.ts:66:3
     64|     expect(eiffelFilmShotAt(1).azimuth - eiffelFilmShotAt(0).azimuth).…
     65|   });
     66|   it('keeps immediate constant-direction azimuth motion through every …
       |   ^
     67|     const samples=Array.from({length:26401},(_,i)=>eiffelFilmShotAt(i/…
     68|     expect(deltas[0]).toBeGreaterThan(0);

⎯⎯⎯⎯⎯⎯⎯⎯⎯⎯⎯⎯⎯⎯⎯⎯⎯⎯⎯⎯⎯⎯⎯⎯[1/1]⎯


 Test Files  1 failed | 3 passed (4)
      Tests  1 failed | 21 passed (22)
   Start at  10:12:43
   Duration  14.01s (transform 249ms, setup 48ms, collect 575ms, tests 14.60s, environment 0ms, prepare 129ms)

