[09/08/26 10:09:18] INFO     Processing request of type            server.py:727
                             CallToolRequest                                    
                    INFO     Processing request of type            server.py:727
                             ListToolsRequest                                   
{"status": "ok", "result": {"version": "5.2.1 LTS", "scene": "WonderForge \u2014 first-floor steam winch drive.002", "file": "", "objects": 154}}
                    INFO     Processing request of type            server.py:727
                             CallToolRequest                                    
{
  "status": "ok",
  "result": {
    "file": "/Users/hina/Documents/Experience-Intelligence-Domain/wonderforge/artifacts/eiffel-long-load-main-2026-09-08/blender/eiffel-first-floor-steam-drive.blend",
    "savedScenes": [
      "WonderForge \u2014 first-floor steam winch drive.002"
    ],
    "objects": 154,
    "meshes": 139,
    "roles": [
      "",
      "bearing-pedestal",
      "boiler-band",
      "boiler-chimney",
      "boiler-foot",
      "boiler-shell",
      "boiler-water-gauge",
      "bored-crank-bearing",
      "bridge-iron",
      "bridge-timber",
      "cart-wheel",
      "connecting-rod-big-end",
      "connecting-rod-shank",
      "connecting-rod-small-end",
      "crank-pin",
      "crank-web",
      "crosshead",
      "crosshead-guide",
      "crosshead-pin",
      "cylinder-back-cap",
      "cylinder-foot",
      "cylinder-gland",
      "drive-connecting-rod",
      "drive-crank",
      "drive-fixed",
      "drive-slider",
      "driven-shaft",
      "drum",
      "engine-bed",
      "fire-door",
      "first-floor-station",
      "flywheel-rim",
      "flywheel-spoke",
      "frame",
      "freight-hatch",
      "gauge-connection",
      "hatch-hinge-pin",
      "hatch-knuckle",
      "involute-drum-24",
      "involute-pinion-12",
      "operator-boot",
      "operator-cap",
      "operator-coat",
      "operator-forearm",
      "operator-hand",
      "operator-head",
      "operator-neck",
      "operator-pelvis",
      "operator-trouser",
      "operator-upper-arm",
      "piston-rod",
      "review-only-deck",
      "sheave",
      "steam-boiler",
      "steam-control-wheel",
      "steam-cylinder",
      "steam-pipe",
      "steam-valve-stem",
      "steam-wheel-spoke",
      "stock-cart",
      "trolley",
      "winch-operator"
    ],
    "engineOrigin": [
      -24.079999923706055,
      4.690000057220459,
      58.7400016784668
    ]
  }
}
