
> wonderforge@0.1.0 build
> tsc -b && vite build

vite v7.3.6 building client environment for production...
transforming...
[plugin vite:resolve] Module "node:fs" has been externalized for browser compatibility, imported by "/Users/hina/Documents/Experience-Intelligence-Domain/wonderforge/src/render/three/eiffelPalais.ts". See https://vite.dev/guide/troubleshooting.html#module-externalized-for-browser-compatibility for more details.
[plugin vite:resolve] Module "node:path" has been externalized for browser compatibility, imported by "/Users/hina/Documents/Experience-Intelligence-Domain/wonderforge/src/render/three/eiffelPalais.ts". See https://vite.dev/guide/troubleshooting.html#module-externalized-for-browser-compatibility for more details.
[plugin vite:resolve] Module "node:fs" has been externalized for browser compatibility, imported by "/Users/hina/Documents/Experience-Intelligence-Domain/wonderforge/src/render/three/eiffelParis.ts". See https://vite.dev/guide/troubleshooting.html#module-externalized-for-browser-compatibility for more details.
[plugin vite:resolve] Module "node:path" has been externalized for browser compatibility, imported by "/Users/hina/Documents/Experience-Intelligence-Domain/wonderforge/src/render/three/eiffelParis.ts". See https://vite.dev/guide/troubleshooting.html#module-externalized-for-browser-compatibility for more details.
✓ 1843 modules transformed.
rendering chunks...
computing gzip size...
dist/eiffel-crane.html                               0.48 kB │ gzip:   0.32 kB
dist/index.html                                      1.07 kB │ gzip:   0.57 kB
dist/assets/eiffelCrane-bsYd2smN.css                 1.75 kB │ gzip:   0.81 kB
dist/assets/main-BTtBKJVC.css                       39.67 kB │ gzip:   7.29 kB
dist/assets/eiffelCrane-svlAlKUR.js                 29.14 kB │ gzip:   8.65 kB
dist/assets/__vite-browser-external-Dl9T5PVq.js    671.25 kB │ gzip: 173.85 kB
dist/assets/main-DboWmeYR.js                     1,847.79 kB │ gzip: 338.15 kB

(!) Some chunks are larger than 500 kB after minification. Consider:
- Using dynamic import() to code-split the application
- Use build.rollupOptions.output.manualChunks to improve chunking: https://rollupjs.org/configuration-options/#output-manualchunks
- Adjust chunk size limit for this warning via build.chunkSizeWarningLimit.
✓ built in 2.13s
