{
  "captures": 18,
  "errors": [],
  "playback": {
    "reverseSeekExactPixels": true,
    "pointerSeek": 0.142,
    "samples": [
      {
        "t": 0.147,
        "metrics": {
          "renderer": {
            "calls": 160,
            "triangles": 178922,
            "points": 0,
            "lines": 0,
            "geometries": 122,
            "textures": 16
          },
          "scene": "eiffel-tower-reference"
        }
      },
      {
        "t": 0.295,
        "metrics": {
          "renderer": {
            "calls": 166,
            "triangles": 231651,
            "points": 0,
            "lines": 0,
            "geometries": 122,
            "textures": 16
          },
          "scene": "eiffel-tower-reference"
        }
      },
      {
        "t": 0.441,
        "metrics": {
          "renderer": {
            "calls": 166,
            "triangles": 264943,
            "points": 0,
            "lines": 0,
            "geometries": 122,
            "textures": 16
          },
          "scene": "eiffel-tower-reference"
        }
      },
      {
        "t": 0.589,
        "metrics": {
          "renderer": {
            "calls": 176,
            "triangles": 282245,
            "points": 0,
            "lines": 0,
            "geometries": 123,
            "textures": 16
          },
          "scene": "eiffel-tower-reference"
        }
      },
      {
        "t": 0.735,
        "metrics": {
          "renderer": {
            "calls": 182,
            "triangles": 312213,
            "points": 0,
            "lines": 0,
            "geometries": 123,
            "textures": 16
          },
          "scene": "eiffel-tower-reference"
        }
      },
      {
        "t": 0.882,
        "metrics": {
          "renderer": {
            "calls": 177,
            "triangles": 319967,
            "points": 0,
            "lines": 0,
            "geometries": 123,
            "textures": 16
          },
          "scene": "eiffel-tower-reference"
        }
      },
      {
        "t": 1,
        "metrics": {
          "renderer": {
            "calls": 159,
            "triangles": 315836,
            "points": 0,
            "lines": 0,
            "geometries": 126,
            "textures": 16
          },
          "scene": "eiffel-tower-reference"
        }
      },
      {
        "t": 1,
        "metrics": {
          "renderer": {
            "calls": 159,
            "triangles": 315836,
            "points": 0,
            "lines": 0,
            "geometries": 126,
            "textures": 16
          },
          "scene": "eiffel-tower-reference"
        }
      }
    ],
    "completed": true,
    "replayed": true
  },
  "reducedMotion": {
    "time": 1
  }
}
