[09/07/26 23:53:59] INFO     Processing request of type            server.py:727
                             CallToolRequest                                    
                    INFO     Processing request of type            server.py:727
                             ListToolsRequest                                   
{"status": "ok", "result": {"version": "5.2.1 LTS", "scene": "WonderForge \u2014 ground-loaded face-joint carrier", "file": "/Users/hina/Documents/Experience-Intelligence-Domain/wonderforge/artifacts/eiffel-face-carrier-2026-09-07/blender/eiffel-face-carrier.blend", "objects": 45}}
                    INFO     Processing request of type            server.py:727
                             CallToolRequest                                    
{
  "status": "ok",
  "result": {
    "scene": "WonderForge \u2014 ground-loaded face-joint carrier.001",
    "blend": "/Users/hina/Documents/Experience-Intelligence-Domain/wonderforge/artifacts/eiffel-face-carrier-2026-09-07/blender/eiffel-face-carrier.blend",
    "productionAdmitted": false,
    "clampEnds": [
      -1.6,
      0.9
    ],
    "cartSlots": [
      {
        "centerZ": -1.5912350325892373,
        "width": 0.2,
        "depth": 0.035
      },
      {
        "centerZ": 0.895069705831446,
        "width": 0.2,
        "depth": 0.035
      }
    ],
    "frameMeshes": 20,
    "plateMeshes": 5,
    "sourceCarrierSHA256": "d3b3a6070925009191927faf09ec0dadee1b7191c7c7f69e389562315c21bf21",
    "limits": [
      "Ground-load and carrier geometry study. No lift or fastening admission.",
      "Plate-to-pad manufacturing fasteners remain unmodelled.",
      "Changed mass and transverse COM require a new supported lifting bridle; the original two slings are not admitted for this load.",
      "Carrier release, grounded crew and placement sequence remain to be authored."
    ]
  },
  "stdout": "23:54:00 | INFO: Data are loaded, start creating Blender stuff\n23:54:00 | INFO: Blender create Mesh node lower-ne-02-m015-c000.001\n23:54:00 | INFO: Blender create Mesh node lower-ne-02-m015-c001.001\n23:54:00 | INFO: Blender create Mesh node lower-ne-02-m015-c002.001\n23:54:00 | INFO: Blender create Mesh node lower-ne-02-m015-c003.001\n23:54:00 | INFO: Blender create Mesh node lower-ne-02-m015-c004.001\n23:54:01 | INFO: glTF import finished in 0.28s\n23:54:01 | INFO: Starting glTF 2.0 export\n23:54:01 | INFO: Extracting primitive: bottom-seat-flange.001\n23:54:01 | INFO: Primitives created: 1\n23:54:01 | INFO: Extracting primitive: bottom-seat-web.001\n23:54:01 | INFO: Primitives created: 1\n23:54:01 | INFO: Extracting primitive: clamp-0-lower.001\n23:54:01 | INFO: Primitives created: 1\n23:54:01 | INFO: Extracting primitive: clamp-0-side-1.001\n23:54:01 | INFO: Primitives created: 1\n23:54:01 | INFO: Extracting primitive: clamp-0-side--1.001\n23:54:01 | INFO: Primitives created: 1\n23:54:01 | INFO: Extracting primitive: clamp-0-upper.001\n23:54:01 | INFO: Primitives created: 1\n23:54:01 | INFO: Extracting primitive: clamp-1-lower.001\n23:54:01 | INFO: Primitives created: 1\n23:54:01 | INFO: Extracting primitive: clamp-1-side-1.001\n23:54:01 | INFO: Primitives created: 1\n23:54:01 | INFO: Extracting primitive: clamp-1-side--1.001\n23:54:01 | INFO: Primitives created: 1\n23:54:01 | INFO: Extracting primitive: clamp-1-upper.001\n23:54:01 | INFO: Primitives created: 1\n23:54:01 | INFO: Extracting primitive: outrigger-0-flange.001\n23:54:01 | INFO: Primitives created: 1\n23:54:01 | INFO: Extracting primitive: outrigger-0-web.001\n23:54:01 | INFO: Primitives created: 1\n23:54:01 | INFO: Extracting primitive: outrigger-1-flange.001\n23:54:01 | INFO: Primitives created: 1\n23:54:01 | INFO: Extracting primitive: outrigger-1-web.001\n23:54:01 | INFO: Primitives created: 1\n23:54:01 | INFO: Extracting primitive: upper-backstop-flange.001\n23:54:01 | INFO: Primitives created: 1\n23:54:01 | INFO: Extracting primitive: upper-backstop-web.001\n23:54:01 | INFO: Primitives created: 1\n23:54:01 | INFO: Extracting primitive: upright-0-flange.001\n23:54:01 | INFO: Primitives created: 1\n23:54:01 | INFO: Extracting primitive: upright-0-web.001\n23:54:01 | INFO: Primitives created: 1\n23:54:01 | INFO: Extracting primitive: upright-1-flange.001\n23:54:01 | INFO: Primitives created: 1\n23:54:01 | INFO: Extracting primitive: upright-1-web.001\n23:54:01 | INFO: Primitives created: 1\n23:54:01 | INFO: Finished glTF 2.0 export in 0.03154492378234863 s\n\n23:54:01 | INFO: Data are loaded, start creating Blender stuff\n23:54:01 | INFO: Blender create Mesh node joint-cart-body-iron.002\n23:54:01 | INFO: Blender create Mesh node joint-cart-body-timber-dark.002\n23:54:01 | INFO: Blender create Mesh node joint-cart-body-timber.002\n23:54:01 | INFO: Blender create Mesh node joint-cart-wheel-iron.002\n23:54:01 | INFO: Blender create Mesh node joint-cart-wheel-timber.002\n23:54:01 | INFO: glTF import finished in 0.36s\n23:54:01 | INFO: Starting glTF 2.0 export\n23:54:01 | INFO: Extracting primitive: carrier-cart-body-timber\n23:54:01 | INFO: Primitives created: 1\n23:54:01 | INFO: Extracting primitive: joint-cart-body-iron.004\n23:54:01 | INFO: Primitives created: 1\n23:54:01 | INFO: Extracting primitive: joint-cart-body-timber-dark.004\n23:54:01 | INFO: Primitives created: 1\n23:54:01 | INFO: Extracting primitive: joint-cart-wheel-iron.004\n23:54:01 | INFO: Primitives created: 1\n23:54:01 | INFO: Extracting primitive: joint-cart-wheel-timber.004\n23:54:01 | INFO: Primitives created: 1\n23:54:01 | INFO: Finished glTF 2.0 export in 0.055010080337524414 s\n\n23:54:01 | INFO: Starting glTF 2.0 export\n23:54:01 | INFO: Extracting primitive: bottom-seat-flange.001\n23:54:01 | INFO: Primitives created: 1\n23:54:01 | INFO: Extracting primitive: bottom-seat-web.001\n23:54:01 | INFO: Primitives created: 1\n23:54:01 | INFO: Extracting primitive: clamp-0-lower.001\n23:54:01 | INFO: Primitives created: 1\n23:54:01 | INFO: Extracting primitive: clamp-0-side-1.001\n23:54:01 | INFO: Primitives created: 1\n23:54:01 | INFO: Extracting primitive: clamp-0-side--1.001\n23:54:01 | INFO: Primitives created: 1\n23:54:01 | INFO: Extracting primitive: clamp-0-upper.001\n23:54:01 | INFO: Primitives created: 1\n23:54:01 | INFO: Extracting primitive: clamp-1-lower.001\n23:54:01 | INFO: Primitives created: 1\n23:54:01 | INFO: Extracting primitive: clamp-1-side-1.001\n23:54:01 | INFO: Primitives created: 1\n23:54:01 | INFO: Extracting primitive: clamp-1-side--1.001\n23:54:01 | INFO: Primitives created: 1\n23:54:01 | INFO: Extracting primitive: clamp-1-upper.001\n23:54:01 | INFO: Primitives created: 1\n23:54:01 | INFO: Extracting primitive: carrier-cart-body-timber\n23:54:01 | INFO: Primitives created: 1\n23:54:01 | INFO: Extracting primitive: joint-cart-body-iron.004\n23:54:01 | INFO: Primitives created: 1\n23:54:01 | INFO: Extracting primitive: joint-cart-body-timber-dark.004\n23:54:01 | INFO: Primitives created: 1\n23:54:01 | INFO: Extracting primitive: joint-cart-wheel-iron.004\n23:54:01 | INFO: Primitives created: 1\n23:54:01 | INFO: Extracting primitive: joint-cart-wheel-timber.004\n23:54:01 | INFO: Primitives created: 1\n23:54:01 | INFO: Extracting primitive: lower-ne-02-m012-c001.001\n23:54:01 | INFO: Primitives created: 1\n23:54:01 | INFO: Extracting primitive: lower-ne-02-m015-c000.003\n23:54:01 | INFO: Primitives created: 1\n23:54:01 | INFO: Extracting primitive: lower-ne-02-m015-c001.003\n23:54:01 | INFO: Primitives created: 1\n23:54:01 | INFO: Extracting primitive: lower-ne-02-m015-c002.003\n23:54:01 | INFO: Primitives created: 1\n23:54:01 | INFO: Extracting primitive: lower-ne-02-m015-c003.003\n23:54:01 | INFO: Primitives created: 1\n23:54:01 | INFO: Extracting primitive: lower-ne-02-m015-c004.003\n23:54:01 | INFO: Primitives created: 1\n23:54:01 | INFO: Extracting primitive: outrigger-0-flange.001\n23:54:01 | INFO: Primitives created: 1\n23:54:01 | INFO: Extracting primitive: outrigger-0-web.001\n23:54:01 | INFO: Primitives created: 1\n23:54:01 | INFO: Extracting primitive: outrigger-1-flange.001\n23:54:01 | INFO: Primitives created: 1\n23:54:01 | INFO: Extracting primitive: outrigger-1-web.001\n23:54:01 | INFO: Primitives created: 1\n23:54:01 | INFO: Extracting primitive: upper-backstop-flange.001\n23:54:01 | INFO: Primitives created: 1\n23:54:01 | INFO: Extracting primitive: upper-backstop-web.001\n23:54:01 | INFO: Primitives created: 1\n23:54:01 | INFO: Extracting primitive: upright-0-flange.001\n23:54:01 | INFO: Primitives created: 1\n23:54:01 | INFO: Extracting primitive: upright-0-web.001\n23:54:01 | INFO: Primitives created: 1\n23:54:01 | INFO: Extracting primitive: upright-1-flange.001\n23:54:01 | INFO: Primitives created: 1\n23:54:01 | INFO: Extracting primitive: upright-1-web.001\n23:54:01 | INFO: Primitives created: 1\n23:54:01 | INFO: Finished glTF 2.0 export in 0.04106903076171875 s\n\nInfo: Saved as \"eiffel-face-carrier.blend\"\n"
}
