ffmpeg version 8.1.2 Copyright (c) 2000-2026 the FFmpeg developers
  built with Apple clang version 21.0.0 (clang-2100.0.123.102)
  configuration: --prefix=/opt/homebrew/Cellar/ffmpeg/8.1.2_1 --enable-shared --enable-pthreads --enable-version3 --cc=clang --host-cflags= --host-ldflags= --enable-ffplay --enable-gpl --enable-libsvtav1 --enable-libopus --enable-libx264 --enable-libmp3lame --enable-libdav1d --enable-libvmaf --enable-libvpx --enable-libx265 --enable-openssl --enable-videotoolbox --enable-audiotoolbox --enable-neon
  libavutil      60. 26.102 / 60. 26.102
  libavcodec     62. 28.102 / 62. 28.102
  libavformat    62. 12.102 / 62. 12.102
  libavdevice    62.  3.102 / 62.  3.102
  libavfilter    11. 14.102 / 11. 14.102
  libswscale      9.  5.102 /  9.  5.102
  libswresample   6.  3.102 /  6.  3.102
Input #0, matroska,webm, from 'artifacts/sydney-overhaul-2026-09-23/live-film/page@1c6572af1041e64481a8928ad7d88eca.webm':
  Metadata:
    ENCODER         : Lavf61.1.100
  Duration: 00:01:06.36, start: 0.000000, bitrate: 991 kb/s
  Stream #0:0(eng): Video: vp8, yuv420p(progressive), 1440x900, SAR 1:1 DAR 8:5, 25 fps, 25 tbr, 1k tbn (default)
    Metadata:
      ENCODER         : Lavc61.3.100 libvpx
      DURATION        : 00:01:06.360000000
Stream mapping:
  Stream #0:0 -> #0:0 (vp8 (native) -> mjpeg (native))
Press [q] to stop, [?] for help
Output #0, image2, to 'artifacts/sydney-overhaul-2026-09-23/live-film/lift-%02d.jpg':
  Metadata:
    encoder         : Lavf62.12.102
  Stream #0:0(eng): Video: mjpeg, yuv420p(pc, bt470bg/unknown/unknown, progressive), 1440x900 [SAR 1:1 DAR 8:5], q=2-31, 200 kb/s, 6 fps, 6 tbn (default)
    Metadata:
      encoder         : Lavc62.28.102 mjpeg
      DURATION        : 00:01:06.360000000
    Side data:
      CPB properties: bitrate max/min/avg: 0/0/200000 buffer size: 0 vbv_delay: N/A
[out#0/image2 @ 0xb23004300] video:1080KiB audio:0KiB subtitle:0KiB other streams:0KiB global headers:0KiB muxing overhead: unknown
frame=   24 fps=0.0 q=24.8 Lsize=N/A time=00:00:04.00 bitrate=N/A speed=19.8x elapsed=0:00:00.20    
