[09/08/26 18:08:57] INFO     Processing request of type            server.py:727
                             CallToolRequest                                    
                    INFO     Processing request of type            server.py:727
                             ListToolsRequest                                   
{"status": "ok", "result": {"version": "5.2.1 LTS", "scene": "WonderForge \u2014 supported summit cargo candidate.005", "file": "", "objects": 2481}}
                    INFO     Processing request of type            server.py:727
                             CallToolRequest                                    
{
  "file": "/Users/hina/Documents/Experience-Intelligence-Domain/wonderforge/artifacts/eiffel-summit-operation-2026-09-08/blender/eiffel-summit-operation-rig.blend",
  "objects": 1099,
  "meshes": 1021,
  "roles": [
    "cargo-annular-feed",
    "cargo-cart-wheel--0.3--2.45",
    "cargo-cart-wheel--0.3-2.45",
    "cargo-cart-wheel-0.3--2.45",
    "cargo-cart-wheel-0.3-2.45",
    "cargo-drive-fixed",
    "cargo-drum-carriage",
    "cargo-drum-rope-inventory",
    "cargo-east-fairlead",
    "cargo-east-upper-fairlead",
    "cargo-fixed-head-entry",
    "cargo-heel-feed",
    "cargo-input-crank",
    "cargo-jib-pitch",
    "cargo-jib-yaw",
    "cargo-lower-load-sheave",
    "cargo-luff-drum",
    "cargo-luff-head-sheave",
    "cargo-luff-input",
    "cargo-luff-input-wheel",
    "cargo-luff-moving-block",
    "cargo-luff-output-wheel",
    "cargo-luff-pawl",
    "cargo-luff-ratchet",
    "cargo-luff-swivel",
    "cargo-output-gear",
    "cargo-output-shaft",
    "cargo-pawl",
    "cargo-ratchet-wheel",
    "cargo-tail-collar",
    "cargo-tail-pin",
    "cargo-tail-pin-negative",
    "cargo-tip-sheave",
    "cargo-travelling-block",
    "cargo-traverse-cam",
    "cargo-traverse-cam-sprocket",
    "cargo-traverse-drive-sprocket",
    "cargo-traverse-follower",
    "cargo-upper-collar",
    "cargo-west-fairlead",
    "cargo-west-horizontal-fairlead",
    "cargo-winch-drum",
    "cargo-yaw-head-exit",
    "climb-drive-fixed",
    "climb-east-fairlead",
    "climb-east-upper-fairlead",
    "climb-input-crank",
    "climb-output-gear",
    "climb-pawl",
    "climb-ratchet-wheel",
    "climb-west-fairlead",
    "climb-winch-drum",
    "gin-pole-system",
    "guide-0-fixed",
    "guide-0-north-latch",
    "guide-0-north-leaf",
    "guide-0-south-latch",
    "guide-0-south-leaf",
    "guide-1-axial-pin",
    "guide-1-fixed",
    "guide-1-north-latch",
    "guide-1-north-leaf",
    "guide-1-south-latch",
    "guide-1-south-leaf",
    "guide-2-fixed",
    "guide-2-north-latch",
    "guide-2-north-leaf",
    "guide-2-south-latch",
    "guide-2-south-leaf",
    "guide-3-axial-pin",
    "guide-3-fixed",
    "guide-3-north-latch",
    "guide-3-north-leaf",
    "guide-3-south-latch",
    "guide-3-south-leaf",
    "mast-access-ladder",
    "moving-pole",
    "terrace-cargo-cart"
  ]
}
