{
  "node": "v24.4.0",
  "bundle": {
    "path": "dist/assets/main-sSeE3a1U.js",
    "bytes": 2106252,
    "sha256": "85bc2321a16b3321049d847374e91309146fd28173361fea834113db905c57a5"
  },
  "publicRelay": {
    "path": "public/models/eiffel-second-floor-relay/relay.glb",
    "bytes": 1580952,
    "sha256": "4b71e83c5e2403feceb44e6da7543fcc3ac96736af969adabdd96807067f4e76"
  },
  "servedBundle": {
    "url": "http://127.0.0.1:5589/assets/main-sSeE3a1U.js",
    "status": 200,
    "bytes": 2106252,
    "sha256": "85bc2321a16b3321049d847374e91309146fd28173361fea834113db905c57a5"
  },
  "servedRelay": {
    "url": "http://127.0.0.1:5589/models/eiffel-second-floor-relay/relay.glb",
    "status": 200,
    "bytes": 1580952,
    "sha256": "4b71e83c5e2403feceb44e6da7543fcc3ac96736af969adabdd96807067f4e76"
  },
  "pass": true
}
