{
  "before": {
    "path": "artifacts/eiffel-second-floor-relay-2026-09-08/versions/v4/model/second-floor-relay.glb",
    "sha256": "1ee73a0c07d7d1eb6efb05c8e993cee5069a50afaa141baaf04372ba3a08be10",
    "bytes": 1580948,
    "meshCount": 301
  },
  "after": {
    "path": "public/models/eiffel-second-floor-relay/relay.glb",
    "sha256": "4b71e83c5e2403feceb44e6da7543fcc3ac96736af969adabdd96807067f4e76",
    "bytes": 1580952,
    "meshCount": 301
  },
  "upper": {
    "matched": 165,
    "removed": 0,
    "added": 0
  },
  "all": {
    "exact": 286,
    "micron": 286,
    "removed": [
      {
        "name": "tray-leg037",
        "roles": [
          "relay-bolt-tray"
        ],
        "bounds": {
          "min": [
            -9.385000838898122,
            57.940000757575035,
            -4.830000056885183
          ],
          "max": [
            -9.355000839568675,
            58.21000076830387,
            -4.800000057555735
          ]
        }
      },
      {
        "name": "tray-leg038",
        "roles": [
          "relay-bolt-tray"
        ],
        "bounds": {
          "min": [
            -9.385000838898122,
            57.940000757575035,
            -4.589999808929861
          ],
          "max": [
            -9.355000839568675,
            58.21000076830387,
            -4.559999809600413
          ]
        }
      },
      {
        "name": "tray-leg039",
        "roles": [
          "relay-bolt-tray"
        ],
        "bounds": {
          "min": [
            -9.144999160431325,
            57.940000757575035,
            -4.830000056885183
          ],
          "max": [
            -9.114999161101878,
            58.21000076830387,
            -4.800000057555735
          ]
        }
      },
      {
        "name": "tray-leg040",
        "roles": [
          "relay-bolt-tray"
        ],
        "bounds": {
          "min": [
            -9.144999160431325,
            57.940000757575035,
            -4.589999808929861
          ],
          "max": [
            -9.114999161101878,
            58.21000076830387,
            -4.559999809600413
          ]
        }
      },
      {
        "name": "tray010",
        "roles": [
          "relay-bolt-tray"
        ],
        "bounds": {
          "min": [
            -9.42000000178814,
            58.21000335738063,
            -4.875000178813934
          ],
          "max": [
            -9.07999999821186,
            58.25000335648656,
            -4.51500016450882
          ]
        }
      },
      {
        "name": "wrench-heel010",
        "roles": [
          "relay-wrench"
        ],
        "bounds": {
          "min": [
            -9.283999877981842,
            58.2510021366179,
            -4.640000132843852
          ],
          "max": [
            -9.271999877877533,
            58.26900213584304,
            -4.5800001341849566
          ]
        }
      },
      {
        "name": "wrench-jaw019",
        "roles": [
          "relay-wrench"
        ],
        "bounds": {
          "min": [
            -9.276000000536442,
            58.2510021366179,
            -4.641500301193446
          ],
          "max": [
            -9.223999999463558,
            58.26900213584304,
            -4.626500301528722
          ]
        }
      },
      {
        "name": "wrench-jaw020",
        "roles": [
          "relay-wrench"
        ],
        "bounds": {
          "min": [
            -9.276000000536442,
            58.2510021366179,
            -4.5934999655000865
          ],
          "max": [
            -9.223999999463558,
            58.26900213584304,
            -4.578499965835363
          ]
        }
      },
      {
        "name": "wrench-shank010",
        "roles": [
          "relay-wrench"
        ],
        "bounds": {
          "min": [
            -9.250000074505806,
            58.254002136178315,
            -4.619000133126974
          ],
          "max": [
            -9.090000078082085,
            58.26600213628262,
            -4.6010001339018345
          ]
        }
      },
      {
        "name": "scaffold-longitudinal088",
        "roles": [
          "relay-access-scaffold"
        ],
        "bounds": {
          "min": [
            -7.562000274658203,
            59.34800338745117,
            -4.599999904632568
          ],
          "max": [
            -7.478000640869141,
            59.432003021240234,
            -3.4000000953674316
          ]
        }
      },
      {
        "name": "scaffold-longitudinal089",
        "roles": [
          "relay-access-scaffold"
        ],
        "bounds": {
          "min": [
            -8.041999816894531,
            59.34800338745117,
            -4.599999904632568
          ],
          "max": [
            -7.958000183105469,
            59.432003021240234,
            -3.4000000953674316
          ]
        }
      },
      {
        "name": "scaffold-longitudinal090",
        "roles": [
          "relay-access-scaffold"
        ],
        "bounds": {
          "min": [
            -7.562000274658203,
            60.798004150390625,
            -4.599999904632568
          ],
          "max": [
            -7.478000640869141,
            60.88200378417969,
            -3.4000000953674316
          ]
        }
      },
      {
        "name": "scaffold-longitudinal091",
        "roles": [
          "relay-access-scaffold"
        ],
        "bounds": {
          "min": [
            -8.041999816894531,
            60.798004150390625,
            -4.599999904632568
          ],
          "max": [
            -7.958000183105469,
            60.88200378417969,
            -3.4000000953674316
          ]
        }
      },
      {
        "name": "scaffold-longitudinal092",
        "roles": [
          "relay-access-scaffold"
        ],
        "bounds": {
          "min": [
            -7.562000274658203,
            62.24800109863281,
            -4.599999904632568
          ],
          "max": [
            -7.478000640869141,
            62.332000732421875,
            -3.4000000953674316
          ]
        }
      },
      {
        "name": "scaffold-longitudinal093",
        "roles": [
          "relay-access-scaffold"
        ],
        "bounds": {
          "min": [
            -8.041999816894531,
            62.24800109863281,
            -4.599999904632568
          ],
          "max": [
            -7.958000183105469,
            62.332000732421875,
            -3.4000000953674316
          ]
        }
      }
    ],
    "added": [
      {
        "name": "tray-leg053",
        "roles": [
          "relay-bolt-tray"
        ],
        "bounds": {
          "min": [
            -9.385000838898122,
            57.940000757575035,
            -3.580000056885183
          ],
          "max": [
            -9.355000839568675,
            58.21000076830387,
            -3.550000057555735
          ]
        }
      },
      {
        "name": "tray-leg054",
        "roles": [
          "relay-bolt-tray"
        ],
        "bounds": {
          "min": [
            -9.385000838898122,
            57.940000757575035,
            -3.3399998089298606
          ],
          "max": [
            -9.355000839568675,
            58.21000076830387,
            -3.309999809600413
          ]
        }
      },
      {
        "name": "tray-leg055",
        "roles": [
          "relay-bolt-tray"
        ],
        "bounds": {
          "min": [
            -9.144999160431325,
            57.940000757575035,
            -3.580000056885183
          ],
          "max": [
            -9.114999161101878,
            58.21000076830387,
            -3.550000057555735
          ]
        }
      },
      {
        "name": "tray-leg056",
        "roles": [
          "relay-bolt-tray"
        ],
        "bounds": {
          "min": [
            -9.144999160431325,
            57.940000757575035,
            -3.3399998089298606
          ],
          "max": [
            -9.114999161101878,
            58.21000076830387,
            -3.309999809600413
          ]
        }
      },
      {
        "name": "tray014",
        "roles": [
          "relay-bolt-tray"
        ],
        "bounds": {
          "min": [
            -9.42000000178814,
            58.21000335738063,
            -3.6250001788139343
          ],
          "max": [
            -9.07999999821186,
            58.25000335648656,
            -3.2650001645088196
          ]
        }
      },
      {
        "name": "wrench-heel014",
        "roles": [
          "relay-wrench"
        ],
        "bounds": {
          "min": [
            -9.283999877981842,
            58.2510021366179,
            -3.389999894425273
          ],
          "max": [
            -9.271999877877533,
            58.26900213584304,
            -3.3299998957663774
          ]
        }
      },
      {
        "name": "wrench-jaw027",
        "roles": [
          "relay-wrench"
        ],
        "bounds": {
          "min": [
            -9.276000000536442,
            58.2510021366179,
            -3.3914998243562877
          ],
          "max": [
            -9.223999999463558,
            58.26900213584304,
            -3.376499824691564
          ]
        }
      },
      {
        "name": "wrench-jaw028",
        "roles": [
          "relay-wrench"
        ],
        "bounds": {
          "min": [
            -9.276000000536442,
            58.2510021366179,
            -3.3434999655000865
          ],
          "max": [
            -9.223999999463558,
            58.26900213584304,
            -3.3284999658353627
          ]
        }
      },
      {
        "name": "wrench-shank014",
        "roles": [
          "relay-wrench"
        ],
        "bounds": {
          "min": [
            -9.250000074505806,
            58.254002136178315,
            -3.368999894708395
          ],
          "max": [
            -9.090000078082085,
            58.26600213628262,
            -3.3509998954832554
          ]
        }
      },
      {
        "name": "scaffold-longitudinal136",
        "roles": [
          "relay-access-scaffold"
        ],
        "bounds": {
          "min": [
            -7.562000274658203,
            59.34800338745117,
            -4.400000095367432
          ],
          "max": [
            -7.478000640869141,
            59.432003021240234,
            -3.5999999046325684
          ]
        }
      },
      {
        "name": "scaffold-longitudinal137",
        "roles": [
          "relay-access-scaffold"
        ],
        "bounds": {
          "min": [
            -8.041999816894531,
            59.34800338745117,
            -4.400000095367432
          ],
          "max": [
            -7.958000183105469,
            59.432003021240234,
            -3.5999999046325684
          ]
        }
      },
      {
        "name": "scaffold-longitudinal138",
        "roles": [
          "relay-access-scaffold"
        ],
        "bounds": {
          "min": [
            -7.562000274658203,
            60.798004150390625,
            -4.400000095367432
          ],
          "max": [
            -7.478000640869141,
            60.88200378417969,
            -3.5999999046325684
          ]
        }
      },
      {
        "name": "scaffold-longitudinal139",
        "roles": [
          "relay-access-scaffold"
        ],
        "bounds": {
          "min": [
            -8.041999816894531,
            60.798004150390625,
            -4.400000095367432
          ],
          "max": [
            -7.958000183105469,
            60.88200378417969,
            -3.5999999046325684
          ]
        }
      },
      {
        "name": "scaffold-longitudinal140",
        "roles": [
          "relay-access-scaffold"
        ],
        "bounds": {
          "min": [
            -7.562000274658203,
            62.24800109863281,
            -4.400000095367432
          ],
          "max": [
            -7.478000640869141,
            62.332000732421875,
            -3.5999999046325684
          ]
        }
      },
      {
        "name": "scaffold-longitudinal141",
        "roles": [
          "relay-access-scaffold"
        ],
        "bounds": {
          "min": [
            -8.041999816894531,
            62.24800109863281,
            -4.400000095367432
          ],
          "max": [
            -7.958000183105469,
            62.332000732421875,
            -3.5999999046325684
          ]
        }
      }
    ]
  },
  "onlyAllowedChanged": true
}
