{
  "envelope": {
    "manifestSha256": "e054bfb8cbded7e636075ba1371e624430f600da0b2e8f0cc765e205d1e54080",
    "wave": 3596,
    "partIds": [
      "summit-crown-m072-c002",
      "summit-crown-m076-c000"
    ],
    "minimum": [
      -8.533692355049961,
      298.6700097620487,
      -2.8833333333333333
    ],
    "maximum": [
      0.6500000119209289,
      316.95901128760397,
      3.735068408021646
    ]
  },
  "operations": [
    {
      "id": "summit-crown-m072-c002",
      "station": {
        "base": [
          -3.2350684026572276,
          300.6700097620487,
          0
        ],
        "mastHeight": 8,
        "boomLength": 8.4
      },
      "pickup": {
        "position": [
          -6.470136805314455,
          301.660009765625,
          0
        ],
        "quaternion": [
          0,
          0,
          0.7071067811865476,
          0.7071067811865476
        ]
      },
      "final": {
        "position": [
          0,
          309.6666564941406,
          0
        ],
        "quaternion": [
          -0.5,
          -0.5000000596046448,
          -0.5,
          0.5
        ]
      }
    },
    {
      "id": "summit-crown-m076-c000",
      "station": null,
      "pickup": {
        "position": [
          -6.470136705973987,
          301.6600096662845,
          -1.666656494140625
        ],
        "quaternion": [
          0,
          0.7071068022599702,
          -4.214684723446994e-8,
          -0.707106760113123
        ]
      },
      "final": {
        "position": [
          0,
          308,
          0
        ],
        "quaternion": [
          0.5,
          0.5,
          0.5,
          0.5
        ]
      }
    }
  ]
}
