[09/08/26 10:57:07] INFO     Processing request of type            server.py:727
                             CallToolRequest                                    
                    INFO     Processing request of type            server.py:727
                             ListToolsRequest                                   
{
  "status": "ok",
  "result": {
    "savedReloadSummary": [
      {
        "path": "/Users/hina/Documents/Experience-Intelligence-Domain/wonderforge/artifacts/eiffel-summit-revision-2026-09-08/blender/source-generation/eiffel-tower.blend",
        "scene": "WonderForge Eiffel \u2014 Blender reconstruction",
        "objects": 7322,
        "meshes": 7317,
        "packedReferences": [
          {
            "name": "Rouillard 1889 \u2014 public-domain summit section.001",
            "size": [
              2310,
              3535
            ],
            "packed": true
          }
        ]
      },
      {
        "path": "/Users/hina/Documents/Experience-Intelligence-Domain/wonderforge/artifacts/eiffel-summit-revision-2026-09-08/blender/eiffel-tower.blend",
        "scene": "WonderForge Eiffel \u2014 bounded erection kit.001",
        "objects": 14192,
        "meshes": 14187,
        "packedReferences": [
          {
            "name": "Rouillard 1889 \u2014 public-domain summit section.002",
            "size": [
              2310,
              3535
            ],
            "packed": true
          }
        ]
      }
    ],
    "currentScene": "WonderForge Eiffel \u2014 bounded erection kit.001",
    "currentObjects": 14192,
    "currentPackedReferences": [
      "Rouillard 1889 \u2014 public-domain summit section.002"
    ]
  }
}
