[09/08/26 11:16:15] INFO     Processing request of type            server.py:727
                             CallToolRequest                                    
                    INFO     Processing request of type            server.py:727
                             ListToolsRequest                                   
{"status": "ok", "result": {"version": "5.2.1 LTS", "scene": "Scene", "file": "", "objects": 3}}
                    INFO     Processing request of type            server.py:727
                             CallToolRequest                                    
{
  "status": "ok",
  "result": {
    "scene": "WonderForge Eiffel \u2014 bounded erection kit",
    "assemblies": 13852,
    "meshNodes": 13852,
    "triangles": 166320,
    "seatedTriangles": 86436,
    "glbBytes": 5008832,
    "foundationBearings": 16,
    "maxTransportSize": [
      2.339999961853027,
      2.04998779296875,
      6.0
    ],
    "blender": "5.2.1 LTS",
    "constructionReady": false
  },
  "stdout": "INFO Draco is available, use library at /Applications/Blender.app/Contents/Resources/5.2/scripts/addons_core/io_scene_gltf2/libbf_intern_draco_bridge.dylib\nINFO MeshOptimizer is available, use library at /Applications/Blender.app/Contents/Resources/5.2/scripts/addons_core/io_scene_gltf2/libbf_intern_meshopt_bridge.dylib\n11:16:15 | INFO: Starting glTF 2.0 export\n11:16:16 | INFO: Extracting primitive: linked-unit-beam-iron\n11:16:16 | INFO: Primitives created: 1\n11:16:16 | INFO: Extracting primitive: 1889-curved-beacon-cupola\n11:16:16 | INFO: Primitives created: 1\n11:16:16 | INFO: Extracting primitive: linked-unit-beam-window\n11:16:16 | INFO: Primitives created: 1\n11:16:16 | INFO: Extracting primitive: linked-unit-beam-deck\n11:16:16 | INFO: Primitives created: 1\n11:16:16 | INFO: Extracting primitive: linked-unit-beam-dark-iron\n11:16:16 | INFO: Primitives created: 1\n11:16:16 | INFO: Extracting primitive: linked-unit-beam-masonry\n11:16:16 | INFO: Primitives created: 1\n11:16:16 | INFO: Extracting primitive: linked-unit-beam-gold\n11:16:16 | INFO: Primitives created: 1\n11:16:16 | INFO: Extracting primitive: linked-unit-beam-roof\n11:16:16 | INFO: Primitives created: 1\n11:16:17 | INFO: Finished glTF 2.0 export in 1.1937429904937744 s\n\nEIFFEL BUILD COMPLETE 377 parts 7072 mesh nodes 85236 triangles\n11:16:17 | INFO: Starting glTF 2.0 export\n11:16:17 | INFO: Extracting primitive: linked-unit-beam-iron\n11:16:17 | INFO: Primitives created: 1\n11:16:17 | INFO: Extracting primitive: 1889-curved-beacon-cupola\n11:16:17 | INFO: Primitives created: 1\n11:16:17 | INFO: Extracting primitive: linked-unit-beam-window\n11:16:17 | INFO: Primitives created: 1\n11:16:17 | INFO: Extracting primitive: linked-unit-beam-deck\n11:16:17 | INFO: Primitives created: 1\n11:16:17 | INFO: Extracting primitive: linked-unit-beam-dark-iron\n11:16:17 | INFO: Primitives created: 1\n11:16:17 | INFO: Extracting primitive: linked-unit-beam-masonry\n11:16:17 | INFO: Primitives created: 1\n11:16:18 | INFO: Extracting primitive: linked-unit-beam-gold\n11:16:18 | INFO: Primitives created: 1\n11:16:18 | INFO: Extracting primitive: linked-unit-beam-roof\n11:16:18 | INFO: Primitives created: 1\n11:16:18 | INFO: Finished glTF 2.0 export in 1.2612321376800537 s\n\n11:16:55 | INFO: Starting glTF 2.0 export\n11:16:55 | INFO: Extracting primitive: linked-unit-beam-iron\n11:16:55 | INFO: Primitives created: 1\n11:16:55 | INFO: Extracting primitive: cupola-gore-00\n11:16:55 | INFO: Primitives created: 1\n11:16:55 | INFO: Extracting primitive: cupola-gore-01\n11:16:55 | INFO: Primitives created: 1\n11:16:55 | INFO: Extracting primitive: cupola-gore-02\n11:16:55 | INFO: Primitives created: 1\n11:16:55 | INFO: Extracting primitive: cupola-gore-03\n11:16:55 | INFO: Primitives created: 1\n11:16:55 | INFO: Extracting primitive: cupola-gore-04\n11:16:55 | INFO: Primitives created: 1\n11:16:55 | INFO: Extracting primitive: cupola-gore-05\n11:16:55 | INFO: Primitives created: 1\n11:16:55 | INFO: Extracting primitive: cupola-gore-06\n11:16:55 | INFO: Primitives created: 1\n11:16:55 | INFO: Extracting primitive: cupola-gore-07\n11:16:55 | INFO: Primitives created: 1\n11:16:55 | INFO: Extracting primitive: cupola-gore-08\n11:16:55 | INFO: Primitives created: 1\n11:16:55 | INFO: Extracting primitive: cupola-gore-09\n11:16:55 | INFO: Primitives created: 1\n11:16:55 | INFO: Extracting primitive: cupola-gore-10\n11:16:55 | INFO: Primitives created: 1\n11:16:55 | INFO: Extracting primitive: cupola-gore-11\n11:16:55 | INFO: Primitives created: 1\n11:16:55 | INFO: Extracting primitive: cupola-gore-12\n11:16:55 | INFO: Primitives created: 1\n11:16:55 | INFO: Extracting primitive: cupola-gore-13\n11:16:55 | INFO: Primitives created: 1\n11:16:55 | INFO: Extracting primitive: cupola-gore-14\n11:16:55 | INFO: Primitives created: 1\n11:16:55 | INFO: Extracting primitive: cupola-gore-15\n11:16:55 | INFO: Primitives created: 1\n11:16:55 | INFO: Extracting primitive: cupola-gore-16\n11:16:55 | INFO: Primitives created: 1\n11:16:55 | INFO: Extracting primitive: cupola-gore-17\n11:16:55 | INFO: Primitives created: 1\n11:16:55 | INFO: Extracting primitive: cupola-gore-18\n11:16:55 | INFO: Primitives created: 1\n11:16:55 | INFO: Extracting primitive: cupola-gore-19\n11:16:55 | INFO: Primitives created: 1\n11:16:55 | INFO: Extracting primitive: cupola-gore-20\n11:16:55 | INFO: Primitives created: 1\n11:16:55 | INFO: Extracting primitive: cupola-gore-21\n11:16:55 | INFO: Primitives created: 1\n11:16:55 | INFO: Extracting primitive: cupola-gore-22\n11:16:55 | INFO: Primitives created: 1\n11:16:55 | INFO: Extracting primitive: cupola-gore-23\n11:16:55 | INFO: Primitives created: 1\n11:16:55 | INFO: Extracting primitive: linked-unit-beam-window\n11:16:55 | INFO: Primitives created: 1\n11:16:55 | INFO: Extracting primitive: linked-unit-beam-deck\n11:16:55 | INFO: Primitives created: 1\n11:16:55 | INFO: Extracting primitive: linked-unit-beam-masonry\n11:16:55 | INFO: Primitives created: 1\n11:16:55 | INFO: Extracting primitive: linked-unit-beam-dark-iron\n11:16:55 | INFO: Primitives created: 1\n11:16:56 | INFO: Extracting primitive: linked-unit-beam-gold\n11:16:56 | INFO: Primitives created: 1\n11:16:56 | INFO: Extracting primitive: linked-unit-beam-roof\n11:16:56 | INFO: Primitives created: 1\n11:16:58 | INFO: Finished glTF 2.0 export in 2.788388729095459 s\n\nBOUNDED EIFFEL KIT COMPLETE {\"scene\": \"WonderForge Eiffel \\u2014 bounded erection kit\", \"assemblies\": 13852, \"meshNodes\": 13852, \"triangles\": 166320, \"seatedTriangles\": 86436, \"glbBytes\": 5008832, \"foundationBearings\": 16, \"maxTransportSize\": [2.339999961853027, 2.04998779296875, 6.0], \"blender\": \"5.2.1 LTS\", \"constructionReady\": false}\n"
}
