[09/08/26 11:02:54] INFO     Processing request of type            server.py:727
                             CallToolRequest                                    
                    INFO     Processing request of type            server.py:727
                             ListToolsRequest                                   
{"status": "ok", "result": {"version": "5.2.1 LTS", "scene": "Scene", "file": "", "objects": 3}}
                    INFO     Processing request of type            server.py:727
                             CallToolRequest                                    
{
  "status": "ok",
  "result": {
    "scene": "WonderForge Eiffel \u2014 bounded erection kit",
    "assemblies": 14298,
    "meshNodes": 14298,
    "triangles": 171672,
    "seatedTriangles": 90180,
    "glbBytes": 5171452,
    "foundationBearings": 16,
    "maxTransportSize": [
      2.339999961853027,
      2.04998779296875,
      6.0
    ],
    "blender": "5.2.1 LTS",
    "constructionReady": false
  },
  "stdout": "INFO Draco is available, use library at /Applications/Blender.app/Contents/Resources/5.2/scripts/addons_core/io_scene_gltf2/libbf_intern_draco_bridge.dylib\nINFO MeshOptimizer is available, use library at /Applications/Blender.app/Contents/Resources/5.2/scripts/addons_core/io_scene_gltf2/libbf_intern_meshopt_bridge.dylib\n11:02:55 | INFO: Starting glTF 2.0 export\n11:02:55 | INFO: Extracting primitive: linked-unit-beam-iron\n11:02:55 | INFO: Primitives created: 1\n11:02:55 | INFO: Extracting primitive: 1889-curved-beacon-cupola\n11:02:55 | INFO: Primitives created: 1\n11:02:55 | INFO: Extracting primitive: linked-unit-beam-window\n11:02:55 | INFO: Primitives created: 1\n11:02:55 | INFO: Extracting primitive: linked-unit-beam-deck\n11:02:55 | INFO: Primitives created: 1\n11:02:55 | INFO: Extracting primitive: linked-unit-beam-dark-iron\n11:02:55 | INFO: Primitives created: 1\n11:02:55 | INFO: Extracting primitive: linked-unit-beam-masonry\n11:02:55 | INFO: Primitives created: 1\n11:02:55 | INFO: Extracting primitive: linked-unit-beam-gold\n11:02:55 | INFO: Primitives created: 1\n11:02:55 | INFO: Extracting primitive: linked-unit-beam-roof\n11:02:55 | INFO: Primitives created: 1\n11:02:56 | INFO: Finished glTF 2.0 export in 1.191925048828125 s\n\nEIFFEL BUILD COMPLETE 377 parts 7384 mesh nodes 88980 triangles\n11:02:57 | INFO: Starting glTF 2.0 export\n11:02:57 | INFO: Extracting primitive: linked-unit-beam-iron\n11:02:57 | INFO: Primitives created: 1\n11:02:57 | INFO: Extracting primitive: 1889-curved-beacon-cupola\n11:02:57 | INFO: Primitives created: 1\n11:02:57 | INFO: Extracting primitive: linked-unit-beam-window\n11:02:57 | INFO: Primitives created: 1\n11:02:57 | INFO: Extracting primitive: linked-unit-beam-deck\n11:02:57 | INFO: Primitives created: 1\n11:02:57 | INFO: Extracting primitive: linked-unit-beam-dark-iron\n11:02:57 | INFO: Primitives created: 1\n11:02:57 | INFO: Extracting primitive: linked-unit-beam-masonry\n11:02:57 | INFO: Primitives created: 1\n11:02:57 | INFO: Extracting primitive: linked-unit-beam-gold\n11:02:57 | INFO: Primitives created: 1\n11:02:57 | INFO: Extracting primitive: linked-unit-beam-roof\n11:02:57 | INFO: Primitives created: 1\n11:02:58 | INFO: Finished glTF 2.0 export in 1.2906410694122314 s\n\n11:03:34 | INFO: Starting glTF 2.0 export\n11:03:34 | INFO: Extracting primitive: linked-unit-beam-iron\n11:03:34 | INFO: Primitives created: 1\n11:03:34 | INFO: Extracting primitive: cupola-gore-00\n11:03:34 | INFO: Primitives created: 1\n11:03:34 | INFO: Extracting primitive: cupola-gore-01\n11:03:34 | INFO: Primitives created: 1\n11:03:34 | INFO: Extracting primitive: cupola-gore-02\n11:03:34 | INFO: Primitives created: 1\n11:03:34 | INFO: Extracting primitive: cupola-gore-03\n11:03:34 | INFO: Primitives created: 1\n11:03:34 | INFO: Extracting primitive: cupola-gore-04\n11:03:34 | INFO: Primitives created: 1\n11:03:34 | INFO: Extracting primitive: cupola-gore-05\n11:03:34 | INFO: Primitives created: 1\n11:03:34 | INFO: Extracting primitive: cupola-gore-06\n11:03:34 | INFO: Primitives created: 1\n11:03:34 | INFO: Extracting primitive: cupola-gore-07\n11:03:34 | INFO: Primitives created: 1\n11:03:34 | INFO: Extracting primitive: cupola-gore-08\n11:03:34 | INFO: Primitives created: 1\n11:03:34 | INFO: Extracting primitive: cupola-gore-09\n11:03:34 | INFO: Primitives created: 1\n11:03:34 | INFO: Extracting primitive: cupola-gore-10\n11:03:34 | INFO: Primitives created: 1\n11:03:34 | INFO: Extracting primitive: cupola-gore-11\n11:03:34 | INFO: Primitives created: 1\n11:03:34 | INFO: Extracting primitive: cupola-gore-12\n11:03:34 | INFO: Primitives created: 1\n11:03:34 | INFO: Extracting primitive: cupola-gore-13\n11:03:34 | INFO: Primitives created: 1\n11:03:34 | INFO: Extracting primitive: cupola-gore-14\n11:03:34 | INFO: Primitives created: 1\n11:03:34 | INFO: Extracting primitive: cupola-gore-15\n11:03:34 | INFO: Primitives created: 1\n11:03:34 | INFO: Extracting primitive: cupola-gore-16\n11:03:34 | INFO: Primitives created: 1\n11:03:34 | INFO: Extracting primitive: cupola-gore-17\n11:03:34 | INFO: Primitives created: 1\n11:03:34 | INFO: Extracting primitive: cupola-gore-18\n11:03:34 | INFO: Primitives created: 1\n11:03:34 | INFO: Extracting primitive: cupola-gore-19\n11:03:34 | INFO: Primitives created: 1\n11:03:34 | INFO: Extracting primitive: cupola-gore-20\n11:03:34 | INFO: Primitives created: 1\n11:03:34 | INFO: Extracting primitive: cupola-gore-21\n11:03:34 | INFO: Primitives created: 1\n11:03:34 | INFO: Extracting primitive: cupola-gore-22\n11:03:34 | INFO: Primitives created: 1\n11:03:34 | INFO: Extracting primitive: cupola-gore-23\n11:03:34 | INFO: Primitives created: 1\n11:03:34 | INFO: Extracting primitive: linked-unit-beam-window\n11:03:34 | INFO: Primitives created: 1\n11:03:34 | INFO: Extracting primitive: linked-unit-beam-deck\n11:03:34 | INFO: Primitives created: 1\n11:03:34 | INFO: Extracting primitive: linked-unit-beam-masonry\n11:03:34 | INFO: Primitives created: 1\n11:03:34 | INFO: Extracting primitive: linked-unit-beam-dark-iron\n11:03:34 | INFO: Primitives created: 1\n11:03:34 | INFO: Extracting primitive: linked-unit-beam-gold\n11:03:34 | INFO: Primitives created: 1\n11:03:35 | INFO: Extracting primitive: linked-unit-beam-roof\n11:03:35 | INFO: Primitives created: 1\n11:03:37 | INFO: Finished glTF 2.0 export in 2.8800461292266846 s\n\nBOUNDED EIFFEL KIT COMPLETE {\"scene\": \"WonderForge Eiffel \\u2014 bounded erection kit\", \"assemblies\": 14298, \"meshNodes\": 14298, \"triangles\": 171672, \"seatedTriangles\": 90180, \"glbBytes\": 5171452, \"foundationBearings\": 16, \"maxTransportSize\": [2.339999961853027, 2.04998779296875, 6.0], \"blender\": \"5.2.1 LTS\", \"constructionReady\": false}\n"
}
