[09/08/26 10:51:32] INFO     Processing request of type            server.py:727
                             CallToolRequest                                    
                    INFO     Processing request of type            server.py:727
                             ListToolsRequest                                   
{"status": "ok", "result": {"version": "5.2.1 LTS", "scene": "Scene", "file": "", "objects": 3}}
                    INFO     Processing request of type            server.py:727
                             CallToolRequest                                    
{
  "status": "ok",
  "result": {
    "scene": "WonderForge Eiffel \u2014 bounded erection kit",
    "assemblies": 14186,
    "meshNodes": 14186,
    "triangles": 170328,
    "seatedTriangles": 89364,
    "glbBytes": 5130412,
    "foundationBearings": 16,
    "maxTransportSize": [
      2.339999961853027,
      2.04998779296875,
      6.0
    ],
    "blender": "5.2.1 LTS",
    "constructionReady": false
  },
  "stdout": "INFO Draco is available, use library at /Applications/Blender.app/Contents/Resources/5.2/scripts/addons_core/io_scene_gltf2/libbf_intern_draco_bridge.dylib\nINFO MeshOptimizer is available, use library at /Applications/Blender.app/Contents/Resources/5.2/scripts/addons_core/io_scene_gltf2/libbf_intern_meshopt_bridge.dylib\n10:51:32 | INFO: Starting glTF 2.0 export\n10:51:32 | INFO: Extracting primitive: linked-unit-beam-iron\n10:51:32 | INFO: Primitives created: 1\n10:51:32 | INFO: Extracting primitive: 1889-curved-beacon-cupola\n10:51:32 | INFO: Primitives created: 1\n10:51:32 | INFO: Extracting primitive: linked-unit-beam-window\n10:51:32 | INFO: Primitives created: 1\n10:51:32 | INFO: Extracting primitive: linked-unit-beam-deck\n10:51:32 | INFO: Primitives created: 1\n10:51:32 | INFO: Extracting primitive: linked-unit-beam-dark-iron\n10:51:32 | INFO: Primitives created: 1\n10:51:32 | INFO: Extracting primitive: linked-unit-beam-masonry\n10:51:32 | INFO: Primitives created: 1\n10:51:33 | INFO: Extracting primitive: linked-unit-beam-gold\n10:51:33 | INFO: Primitives created: 1\n10:51:33 | INFO: Extracting primitive: linked-unit-beam-roof\n10:51:33 | INFO: Primitives created: 1\n10:51:33 | INFO: Finished glTF 2.0 export in 1.199666976928711 s\n\nEIFFEL BUILD COMPLETE 376 parts 7316 mesh nodes 88164 triangles\n10:51:34 | INFO: Starting glTF 2.0 export\n10:51:34 | INFO: Extracting primitive: linked-unit-beam-iron\n10:51:34 | INFO: Primitives created: 1\n10:51:34 | INFO: Extracting primitive: 1889-curved-beacon-cupola\n10:51:34 | INFO: Primitives created: 1\n10:51:34 | INFO: Extracting primitive: linked-unit-beam-window\n10:51:34 | INFO: Primitives created: 1\n10:51:34 | INFO: Extracting primitive: linked-unit-beam-deck\n10:51:34 | INFO: Primitives created: 1\n10:51:34 | INFO: Extracting primitive: linked-unit-beam-dark-iron\n10:51:34 | INFO: Primitives created: 1\n10:51:34 | INFO: Extracting primitive: linked-unit-beam-masonry\n10:51:34 | INFO: Primitives created: 1\n10:51:35 | INFO: Extracting primitive: linked-unit-beam-gold\n10:51:35 | INFO: Primitives created: 1\n10:51:35 | INFO: Extracting primitive: linked-unit-beam-roof\n10:51:35 | INFO: Primitives created: 1\n10:51:35 | INFO: Finished glTF 2.0 export in 1.2579200267791748 s\n\n10:52:15 | INFO: Starting glTF 2.0 export\n10:52:15 | INFO: Extracting primitive: linked-unit-beam-iron\n10:52:15 | INFO: Primitives created: 1\n10:52:15 | INFO: Extracting primitive: cupola-gore-00\n10:52:15 | INFO: Primitives created: 1\n10:52:15 | INFO: Extracting primitive: cupola-gore-01\n10:52:15 | INFO: Primitives created: 1\n10:52:15 | INFO: Extracting primitive: cupola-gore-02\n10:52:15 | INFO: Primitives created: 1\n10:52:15 | INFO: Extracting primitive: cupola-gore-03\n10:52:15 | INFO: Primitives created: 1\n10:52:15 | INFO: Extracting primitive: cupola-gore-04\n10:52:15 | INFO: Primitives created: 1\n10:52:15 | INFO: Extracting primitive: cupola-gore-05\n10:52:15 | INFO: Primitives created: 1\n10:52:15 | INFO: Extracting primitive: cupola-gore-06\n10:52:15 | INFO: Primitives created: 1\n10:52:15 | INFO: Extracting primitive: cupola-gore-07\n10:52:15 | INFO: Primitives created: 1\n10:52:15 | INFO: Extracting primitive: cupola-gore-08\n10:52:15 | INFO: Primitives created: 1\n10:52:15 | INFO: Extracting primitive: cupola-gore-09\n10:52:15 | INFO: Primitives created: 1\n10:52:15 | INFO: Extracting primitive: cupola-gore-10\n10:52:15 | INFO: Primitives created: 1\n10:52:15 | INFO: Extracting primitive: cupola-gore-11\n10:52:15 | INFO: Primitives created: 1\n10:52:15 | INFO: Extracting primitive: cupola-gore-12\n10:52:15 | INFO: Primitives created: 1\n10:52:15 | INFO: Extracting primitive: cupola-gore-13\n10:52:15 | INFO: Primitives created: 1\n10:52:15 | INFO: Extracting primitive: cupola-gore-14\n10:52:15 | INFO: Primitives created: 1\n10:52:15 | INFO: Extracting primitive: cupola-gore-15\n10:52:15 | INFO: Primitives created: 1\n10:52:15 | INFO: Extracting primitive: cupola-gore-16\n10:52:15 | INFO: Primitives created: 1\n10:52:15 | INFO: Extracting primitive: cupola-gore-17\n10:52:15 | INFO: Primitives created: 1\n10:52:15 | INFO: Extracting primitive: cupola-gore-18\n10:52:15 | INFO: Primitives created: 1\n10:52:15 | INFO: Extracting primitive: cupola-gore-19\n10:52:15 | INFO: Primitives created: 1\n10:52:15 | INFO: Extracting primitive: cupola-gore-20\n10:52:15 | INFO: Primitives created: 1\n10:52:15 | INFO: Extracting primitive: cupola-gore-21\n10:52:15 | INFO: Primitives created: 1\n10:52:15 | INFO: Extracting primitive: cupola-gore-22\n10:52:15 | INFO: Primitives created: 1\n10:52:15 | INFO: Extracting primitive: cupola-gore-23\n10:52:15 | INFO: Primitives created: 1\n10:52:15 | INFO: Extracting primitive: linked-unit-beam-window\n10:52:15 | INFO: Primitives created: 1\n10:52:15 | INFO: Extracting primitive: linked-unit-beam-deck\n10:52:15 | INFO: Primitives created: 1\n10:52:15 | INFO: Extracting primitive: linked-unit-beam-masonry\n10:52:15 | INFO: Primitives created: 1\n10:52:15 | INFO: Extracting primitive: linked-unit-beam-dark-iron\n10:52:15 | INFO: Primitives created: 1\n10:52:15 | INFO: Extracting primitive: linked-unit-beam-gold\n10:52:15 | INFO: Primitives created: 1\n10:52:15 | INFO: Extracting primitive: linked-unit-beam-roof\n10:52:15 | INFO: Primitives created: 1\n10:52:17 | INFO: Finished glTF 2.0 export in 2.913295030593872 s\n\nBOUNDED EIFFEL KIT COMPLETE {\"scene\": \"WonderForge Eiffel \\u2014 bounded erection kit\", \"assemblies\": 14186, \"meshNodes\": 14186, \"triangles\": 170328, \"seatedTriangles\": 89364, \"glbBytes\": 5130412, \"foundationBearings\": 16, \"maxTransportSize\": [2.339999961853027, 2.04998779296875, 6.0], \"blender\": \"5.2.1 LTS\", \"constructionReady\": false}\n"
}
