[09/08/26 11:04:14] INFO     Processing request of type            server.py:727
                             CallToolRequest                                    
[09/08/26 11:06:56] INFO     Processing request of type            server.py:727
                             ListToolsRequest                                   
{
  "status": "ok",
  "result": {
    "reloadedScenes": [
      {
        "path": "/Users/hina/Documents/Experience-Intelligence-Domain/wonderforge/artifacts/eiffel-summit-revision-2026-09-08/blender/source-generation/eiffel-tower.blend",
        "scene": "WonderForge Eiffel \u2014 Blender reconstruction",
        "objects": 7390,
        "meshes": 7385,
        "packedReferences": [
          {
            "name": "Rouillard 1889 \u2014 public-domain summit section.001",
            "size": [
              2310,
              3535
            ],
            "packed": true
          }
        ]
      },
      {
        "path": "/Users/hina/Documents/Experience-Intelligence-Domain/wonderforge/artifacts/eiffel-summit-revision-2026-09-08/blender/eiffel-tower.blend",
        "scene": "WonderForge Eiffel \u2014 bounded erection kit.001",
        "objects": 14304,
        "meshes": 14299,
        "packedReferences": [
          {
            "name": "Rouillard 1889 \u2014 public-domain summit section.002",
            "size": [
              2310,
              3535
            ],
            "packed": true
          }
        ]
      }
    ]
  }
}
