[09/08/26 06:53:32] INFO     Processing request of type            server.py:727
                             CallToolRequest                                    
[09/08/26 06:53:33] INFO     Processing request of type            server.py:727
                             ListToolsRequest                                   
{"status": "ok", "result": {"version": "5.2.1 LTS", "scene": "WonderForge \u2014 diagonal receiver frame candidate.003", "file": "/Users/hina/Documents/Experience-Intelligence-Domain/wonderforge/artifacts/eiffel-diagonal-receiver-2026-09-08/blender/eiffel-diagonal-receiver-frame.blend", "objects": 17}}
                    INFO     Processing request of type            server.py:727
                             CallToolRequest                                    
{
  "status": "ok",
  "result": {
    "scene": "WonderForge \u2014 actual payload size comparison",
    "actualMemberIds": [
      "shaft-13-m005-c000",
      "platform-3-0-00-m023-c000",
      "summit-access-stair-m000-c000",
      "summit-gallery-0-0-m006-c000"
    ],
    "blend": "/Users/hina/Documents/Experience-Intelligence-Domain/wonderforge/artifacts/eiffel-payload-admission-2026-09-08/blender/eiffel-payload-size-comparison.blend",
    "render": "/Users/hina/Documents/Experience-Intelligence-Domain/wonderforge/artifacts/eiffel-payload-admission-2026-09-08/renders/payload-size-comparison.png",
    "productionAdmitted": false
  },
  "stdout": "06:53:34 | INFO: Starting glTF 2.0 export\n06:53:34 | INFO: Extracting primitive: Cube.049\n06:53:34 | INFO: Primitives created: 1\n06:53:34 | INFO: Extracting primitive: Cube.051\n06:53:34 | INFO: Primitives created: 1\n06:53:34 | INFO: Extracting primitive: Cube.050\n06:53:34 | INFO: Primitives created: 1\n06:53:34 | INFO: Extracting primitive: Cube.052\n06:53:34 | INFO: Primitives created: 1\n06:53:34 | INFO: Extracting primitive: Cube.053\n06:53:34 | INFO: Primitives created: 1\n06:53:34 | INFO: Finished glTF 2.0 export in 0.05196380615234375 s\n\nInfo: Saved as \"eiffel-payload-size-comparison.blend\"\n"
}
