node:internal/modules/run_main:105
    triggerUncaughtException(
    ^

locator.click: Timeout 30000ms exceeded.
Call log:
[2m  - waiting for getByRole('button', { name: 'Pause', exact: true })[22m
[2m    - locator resolved to <button aria-label="Pause" class="grid min-h-11 min-w-11 cursor-pointer place-items-center rounded-full text-parchment/80 transition-colors hover:bg-white/10 hover:text-parchment focus-visible:outline-2 focus-visible:outline-gold">…</button>[22m
[2m  - attempting click action[22m
[2m    - waiting for element to be visible, enabled and stable[22m
[2m    - element is visible, enabled and stable[22m
[2m    - scrolling into view if needed[22m
[2m    - done scrolling[22m
[2m    - <canvas role="img" width="1440" height="900" data-assets="ready" class="block h-full w-full" data-engine="three.js r185" aria-label="Animated construction of Colosseum" data-renderer-diagnostics="{"calls":37,"triangles":29095,"points":0,"lines":0,"geometries":42,"textures":17}"></canvas> from <div class="absolute inset-0">…</div> subtree intercepts pointer events[22m
[2m  - retrying click action[22m
[2m    - waiting for element to be visible, enabled and stable[22m
[2m    - element is visible, enabled and stable[22m
[2m    - scrolling into view if needed[22m
[2m    - done scrolling[22m
[2m    - <canvas role="img" width="1440" height="900" data-assets="ready" class="block h-full w-full" data-engine="three.js r185" aria-label="Animated construction of Colosseum" data-renderer-diagnostics="{"calls":37,"triangles":29085,"points":0,"lines":0,"geometries":42,"textures":17}"></canvas> from <div class="absolute inset-0">…</div> subtree intercepts pointer events[22m
[2m  - retrying click action[22m
[2m    - waiting 20ms[22m
[2m    - waiting for element to be visible, enabled and stable[22m
[2m    - element is visible, enabled and stable[22m
[2m    - scrolling into view if needed[22m
[2m    - done scrolling[22m
[2m    - <canvas role="img" width="1440" height="900" data-assets="ready" class="block h-full w-full" data-engine="three.js r185" aria-label="Animated construction of Colosseum" data-renderer-diagnostics="{"calls":37,"triangles":29113,"points":0,"lines":0,"geometries":42,"textures":17}"></canvas> from <div class="absolute inset-0">…</div> subtree intercepts pointer events[22m
[2m  - retrying click action[22m
[2m    - waiting 100ms[22m
[2m    - waiting for element to be visible, enabled and stable[22m
[2m    - element is visible, enabled and stable[22m
[2m    - scrolling into view if needed[22m
[2m    - done scrolling[22m
[2m    - <canvas role="img" width="1440" height="900" data-assets="ready" class="block h-full w-full" data-engine="three.js r185" aria-label="Animated construction of Colosseum" data-renderer-diagnostics="{"calls":37,"triangles":29085,"points":0,"lines":0,"geometries":42,"textures":17}"></canvas> from <div class="absolute inset-0">…</div> subtree intercepts pointer events[22m
[2m  - retrying click action[22m
[2m    - waiting 100ms[22m
[2m    - waiting for element to be visible, enabled and stable[22m
[2m    - element is visible, enabled and stable[22m
[2m    - scrolling into view if needed[22m
[2m    - done scrolling[22m
[2m    - <canvas role="img" width="1440" height="900" data-assets="ready" class="block h-full w-full" data-engine="three.js r185" aria-label="Animated construction of Colosseum" data-renderer-diagnostics="{"calls":37,"triangles":29076,"points":0,"lines":0,"geometries":42,"textures":17}"></canvas> from <div class="absolute inset-0">…</div> subtree intercepts pointer events[22m
[2m  - retrying click action[22m
[2m    - waiting 500ms[22m
[2m    - waiting for element to be visible, enabled and stable[22m
[2m    - element is visible, enabled and stable[22m
[2m    - scrolling into view if needed[22m
[2m    - done scrolling[22m
[2m    - <canvas role="img" width="1440" height="900" data-assets="ready" class="block h-full w-full" data-engine="three.js r185" aria-label="Animated construction of Colosseum" data-renderer-diagnostics="{"calls":37,"triangles":28852,"points":0,"lines":0,"geometries":42,"textures":17}"></canvas> from <div class="absolute inset-0">…</div> subtree intercepts pointer events[22m
[2m  - retrying click action[22m
[2m    - waiting 500ms[22m
[2m    - waiting for element to be visible, enabled and stable[22m
[2m    - element is visible, enabled and stable[22m
[2m    - scrolling into view if needed[22m
[2m    - done scrolling[22m
[2m    - <canvas role="img" width="1440" height="900" data-assets="ready" class="block h-full w-full" data-engine="three.js r185" aria-label="Animated construction of Colosseum" data-renderer-diagnostics="{"calls":37,"triangles":28678,"points":0,"lines":0,"geometries":42,"textures":17}"></canvas> from <div class="absolute inset-0">…</div> subtree intercepts pointer events[22m
[2m  - retrying click action[22m
[2m    - waiting 500ms[22m
[2m    - waiting for element to be visible, enabled and stable[22m
[2m    - element is visible, enabled and stable[22m
[2m    - scrolling into view if needed[22m
[2m    - done scrolling[22m
[2m    - <canvas role="img" width="1440" height="900" data-assets="ready" class="block h-full w-full" data-engine="three.js r185" aria-label="Animated construction of Colosseum" data-renderer-diagnostics="{"calls":37,"triangles":28224,"points":0,"lines":0,"geometries":42,"textures":17}"></canvas> from <div class="absolute inset-0">…</div> subtree intercepts pointer events[22m
[2m  - retrying click action[22m
[2m    - waiting 500ms[22m
[2m    - waiting for element to be visible, enabled and stable[22m
[2m    - element is visible, enabled and stable[22m
[2m    - scrolling into view if needed[22m
[2m    - done scrolling[22m
[2m    - <canvas role="img" width="1440" height="900" data-assets="ready" class="block h-full w-full" data-engine="three.js r185" aria-label="Animated construction of Colosseum" data-renderer-diagnostics="{"calls":37,"triangles":28061,"points":0,"lines":0,"geometries":42,"textures":17}"></canvas> from <div class="absolute inset-0">…</div> subtree intercepts pointer events[22m
[2m  - retrying click action[22m
[2m    - waiting 500ms[22m
[2m    - waiting for element to be visible, enabled and stable[22m
[2m    - element is visible, enabled and stable[22m
[2m    - scrolling into view if needed[22m
[2m    - done scrolling[22m
[2m    - <canvas role="img" width="1440" height="900" data-assets="ready" class="block h-full w-full" data-engine="three.js r185" aria-label="Animated construction of Colosseum" data-renderer-diagnostics="{"calls":45,"triangles":30785,"points":0,"lines":0,"geometries":42,"textures":17}"></canvas> from <div class="absolute inset-0">…</div> subtree intercepts pointer events[22m
[2m  - retrying click action[22m
[2m    - waiting 500ms[22m
[2m    - waiting for element to be visible, enabled and stable[22m
[2m    - element is visible, enabled and stable[22m
[2m    - scrolling into view if needed[22m
[2m    - done scrolling[22m
[2m    - <canvas role="img" width="1440" height="900" data-assets="ready" class="block h-full w-full" data-engine="three.js r185" aria-label="Animated construction of Colosseum" data-renderer-diagnostics="{"calls":52,"triangles":33480,"points":0,"lines":0,"geometries":42,"textures":17}"></canvas> from <div class="absolute inset-0">…</div> subtree intercepts pointer events[22m
[2m  - retrying click action[22m
[2m    - waiting 500ms[22m
[2m    - waiting for element to be visible, enabled and stable[22m
[2m    - element is visible, enabled and stable[22m
[2m    - scrolling into view if needed[22m
[2m    - done scrolling[22m
[2m    - <canvas role="img" width="1440" height="900" data-assets="ready" class="block h-full w-full" data-engine="three.js r185" aria-label="Animated construction of Colosseum" data-renderer-diagnostics="{"calls":52,"triangles":34116,"points":0,"lines":0,"geometries":42,"textures":17}"></canvas> from <div class="absolute inset-0">…</div> subtree intercepts pointer events[22m
[2m  - retrying click action[22m
[2m    - waiting 500ms[22m
[2m    - waiting for element to be visible, enabled and stable[22m
[2m    - element is visible, enabled and stable[22m
[2m    - scrolling into view if needed[22m
[2m    - done scrolling[22m
[2m    - <canvas role="img" width="1440" height="900" data-assets="ready" class="block h-full w-full" data-engine="three.js r185" aria-label="Animated construction of Colosseum" data-renderer-diagnostics="{"calls":52,"triangles":34421,"points":0,"lines":0,"geometries":42,"textures":17}"></canvas> from <div class="absolute inset-0">…</div> subtree intercepts pointer events[22m
[2m  - retrying click action[22m
[2m    - waiting 500ms[22m
[2m    - waiting for element to be visible, enabled and stable[22m
[2m    - element is visible, enabled and stable[22m
[2m    - scrolling into view if needed[22m
[2m    - done scrolling[22m
[2m    - <canvas role="img" width="1440" height="900" data-assets="ready" class="block h-full w-full" data-engine="three.js r185" aria-label="Animated construction of Colosseum" data-renderer-diagnostics="{"calls":79,"triangles":37336,"points":0,"lines":0,"geometries":45,"textures":17}"></canvas> from <div class="absolute inset-0">…</div> subtree intercepts pointer events[22m
[2m  - retrying click action[22m
[2m    - waiting 500ms[22m
[2m    - waiting for element to be visible, enabled and stable[22m
[2m    - element is visible, enabled and stable[22m
[2m    - scrolling into view if needed[22m
[2m    - done scrolling[22m
[2m    - <canvas role="img" width="1440" height="900" data-assets="ready" class="block h-full w-full" data-engine="three.js r185" aria-label="Animated construction of Colosseum" data-renderer-diagnostics="{"calls":88,"triangles":43252,"points":0,"lines":0,"geometries":45,"textures":17}"></canvas> from <div class="absolute inset-0">…</div> subtree intercepts pointer events[22m
[2m  - retrying click action[22m
[2m    - waiting 500ms[22m
[2m    - waiting for element to be visible, enabled and stable[22m
[2m    - element is visible, enabled and stable[22m
[2m    - scrolling into view if needed[22m
[2m    - done scrolling[22m
[2m    - <canvas role="img" width="1440" height="900" data-assets="ready" class="block h-full w-full" data-engine="three.js r185" aria-label="Animated construction of Colosseum" data-renderer-diagnostics="{"calls":96,"triangles":48609,"points":0,"lines":0,"geometries":45,"textures":17}"></canvas> from <div class="absolute inset-0">…</div> subtree intercepts pointer events[22m
[2m  - retrying click action[22m
[2m    - waiting 500ms[22m
[2m    - waiting for element to be visible, enabled and stable[22m
[2m    - element is visible, enabled and stable[22m
[2m    - scrolling into view if needed[22m
[2m    - done scrolling[22m
[2m    - <canvas role="img" width="1440" height="900" data-assets="ready" class="block h-full w-full" data-engine="three.js r185" aria-label="Animated construction of Colosseum" data-renderer-diagnostics="{"calls":101,"triangles":53566,"points":0,"lines":0,"geometries":46,"textures":17}"></canvas> from <div class="absolute inset-0">…</div> subtree intercepts pointer events[22m
[2m  - retrying click action[22m
[2m    - waiting 500ms[22m
[2m    - waiting for element to be visible, enabled and stable[22m
[2m    - element is visible, enabled and stable[22m
[2m    - scrolling into view if needed[22m
[2m    - done scrolling[22m
[2m    - <canvas role="img" width="1440" height="900" data-assets="ready" class="block h-full w-full" data-engine="three.js r185" aria-label="Animated construction of Colosseum" data-renderer-diagnostics="{"calls":101,"triangles":55326,"points":0,"lines":0,"geometries":46,"textures":17}"></canvas> from <div class="absolute inset-0">…</div> subtree intercepts pointer events[22m
[2m  - retrying click action[22m
[2m    - waiting 500ms[22m
[2m    - waiting for element to be visible, enabled and stable[22m
[2m    - element is visible, enabled and stable[22m
[2m    - scrolling into view if needed[22m
[2m    - done scrolling[22m
[2m    - <canvas role="img" width="1440" height="900" data-assets="ready" class="block h-full w-full" data-engine="three.js r185" aria-label="Animated construction of Colosseum" data-renderer-diagnostics="{"calls":101,"triangles":59537,"points":0,"lines":0,"geometries":46,"textures":17}"></canvas> from <div class="absolute inset-0">…</div> subtree intercepts pointer events[22m
[2m  - retrying click action[22m
[2m    - waiting 500ms[22m
[2m    - waiting for element to be visible, enabled and stable[22m
[2m    - element is visible, enabled and stable[22m
[2m    - scrolling into view if needed[22m
[2m    - done scrolling[22m
[2m    - <canvas role="img" width="1440" height="900" data-assets="ready" class="block h-full w-full" data-engine="three.js r185" aria-label="Animated construction of Colosseum" data-renderer-diagnostics="{"calls":101,"triangles":60145,"points":0,"lines":0,"geometries":46,"textures":17}"></canvas> from <div class="absolute inset-0">…</div> subtree intercepts pointer events[22m
[2m  - retrying click action[22m
[2m    - waiting 500ms[22m
[2m    - waiting for element to be visible, enabled and stable[22m
[2m    - element is visible, enabled and stable[22m
[2m    - scrolling into view if needed[22m
[2m    - done scrolling[22m
[2m    - <canvas role="img" width="1440" height="900" data-assets="ready" class="block h-full w-full" data-engine="three.js r185" aria-label="Animated construction of Colosseum" data-renderer-diagnostics="{"calls":101,"triangles":60696,"points":0,"lines":0,"geometries":46,"textures":17}"></canvas> from <div class="absolute inset-0">…</div> subtree intercepts pointer events[22m
[2m  - retrying click action[22m
[2m    - waiting 500ms[22m
[2m    - waiting for element to be visible, enabled and stable[22m
[2m    - element is visible, enabled and stable[22m
[2m    - scrolling into view if needed[22m
[2m    - done scrolling[22m
[2m    - <canvas role="img" width="1440" height="900" data-assets="ready" class="block h-full w-full" data-engine="three.js r185" aria-label="Animated construction of Colosseum" data-renderer-diagnostics="{"calls":101,"triangles":59971,"points":0,"lines":0,"geometries":46,"textures":17}"></canvas> from <div class="absolute inset-0">…</div> subtree intercepts pointer events[22m
[2m  - retrying click action[22m
[2m    - waiting 500ms[22m
[2m    - waiting for element to be visible, enabled and stable[22m
[2m    - element is visible, enabled and stable[22m
[2m    - scrolling into view if needed[22m
[2m    - done scrolling[22m
[2m    - <canvas role="img" width="1440" height="900" data-assets="ready" class="block h-full w-full" data-engine="three.js r185" aria-label="Animated construction of Colosseum" data-renderer-diagnostics="{"calls":101,"triangles":60504,"points":0,"lines":0,"geometries":46,"textures":17}"></canvas> from <div class="absolute inset-0">…</div> subtree intercepts pointer events[22m
[2m  - retrying click action[22m
[2m    - waiting 500ms[22m
[2m    - waiting for element to be visible, enabled and stable[22m
[2m    - element is visible, enabled and stable[22m
[2m    - scrolling into view if needed[22m
[2m    - done scrolling[22m
[2m    - <canvas role="img" width="1440" height="900" data-assets="ready" class="block h-full w-full" data-engine="three.js r185" aria-label="Animated construction of Colosseum" data-renderer-diagnostics="{"calls":101,"triangles":61642,"points":0,"lines":0,"geometries":46,"textures":17}"></canvas> from <div class="absolute inset-0">…</div> subtree intercepts pointer events[22m
[2m  - retrying click action[22m
[2m    - waiting 500ms[22m
[2m    - waiting for element to be visible, enabled and stable[22m
[2m    - element is visible, enabled and stable[22m
[2m    - scrolling into view if needed[22m
[2m    - done scrolling[22m
[2m    - <canvas role="img" width="1440" height="900" data-assets="ready" class="block h-full w-full" data-engine="three.js r185" aria-label="Animated construction of Colosseum" data-renderer-diagnostics="{"calls":101,"triangles":58565,"points":0,"lines":0,"geometries":46,"textures":17}"></canvas> from <div class="absolute inset-0">…</div> subtree intercepts pointer events[22m
[2m  - retrying click action[22m
[2m    - waiting 500ms[22m
[2m    - waiting for element to be visible, enabled and stable[22m
[2m    - element is visible, enabled and stable[22m
[2m    - scrolling into view if needed[22m
[2m    - done scrolling[22m
[2m    - <canvas role="img" width="1440" height="900" data-assets="ready" class="block h-full w-full" data-engine="three.js r185" aria-label="Animated construction of Colosseum" data-renderer-diagnostics="{"calls":101,"triangles":58292,"points":0,"lines":0,"geometries":46,"textures":17}"></canvas> from <div class="absolute inset-0">…</div> subtree intercepts pointer events[22m
[2m  - retrying click action[22m
[2m    - waiting 500ms[22m
[2m    - waiting for element to be visible, enabled and stable[22m
[2m    - element is visible, enabled and stable[22m
[2m    - scrolling into view if needed[22m
[2m    - done scrolling[22m
[2m    - <canvas role="img" width="1440" height="900" data-assets="ready" class="block h-full w-full" data-engine="three.js r185" aria-label="Animated construction of Colosseum" data-renderer-diagnostics="{"calls":101,"triangles":58130,"points":0,"lines":0,"geometries":46,"textures":17}"></canvas> from <div class="absolute inset-0">…</div> subtree intercepts pointer events[22m
[2m  - retrying click action[22m
[2m    - waiting 500ms[22m
[2m    - waiting for element to be visible, enabled and stable[22m
[2m    - element is visible, enabled and stable[22m
[2m    - scrolling into view if needed[22m
[2m    - done scrolling[22m
[2m    - <canvas role="img" width="1440" height="900" data-assets="ready" class="block h-full w-full" data-engine="three.js r185" aria-label="Animated construction of Colosseum" data-renderer-diagnostics="{"calls":101,"triangles":57518,"points":0,"lines":0,"geometries":46,"textures":17}"></canvas> from <div class="absolute inset-0">…</div> subtree intercepts pointer events[22m
[2m  - retrying click action[22m
[2m    - waiting 500ms[22m
[2m    - waiting for element to be visible, enabled and stable[22m
[2m    - element is visible, enabled and stable[22m
[2m    - scrolling into view if needed[22m
[2m    - done scrolling[22m
[2m    - <canvas role="img" width="1440" height="900" data-assets="ready" class="block h-full w-full" data-engine="three.js r185" aria-label="Animated construction of Colosseum" data-renderer-diagnostics="{"calls":101,"triangles":58227,"points":0,"lines":0,"geometries":46,"textures":17}"></canvas> from <div class="absolute inset-0">…</div> subtree intercepts pointer events[22m
[2m  - retrying click action[22m
[2m    - waiting 500ms[22m
[2m    - waiting for element to be visible, enabled and stable[22m
[2m    - element is visible, enabled and stable[22m
[2m    - scrolling into view if needed[22m
[2m    - done scrolling[22m
[2m    - <canvas role="img" width="1440" height="900" data-assets="ready" class="block h-full w-full" data-engine="three.js r185" aria-label="Animated construction of Colosseum" data-renderer-diagnostics="{"calls":102,"triangles":60752,"points":0,"lines":0,"geometries":47,"textures":17}"></canvas> from <div class="absolute inset-0">…</div> subtree intercepts pointer events[22m
[2m  - retrying click action[22m
[2m    - waiting 500ms[22m
[2m    - waiting for element to be visible, enabled and stable[22m
[2m    - element is visible, enabled and stable[22m
[2m    - scrolling into view if needed[22m
[2m    - done scrolling[22m
[2m    - <canvas role="img" width="1440" height="900" data-assets="ready" class="block h-full w-full" data-engine="three.js r185" aria-label="Animated construction of Colosseum" data-renderer-diagnostics="{"calls":104,"triangles":63843,"points":0,"lines":0,"geometries":49,"textures":17}"></canvas> from <div class="absolute inset-0">…</div> subtree intercepts pointer events[22m
[2m  - retrying click action[22m
[2m    - waiting 500ms[22m
[2m    - waiting for element to be visible, enabled and stable[22m
[2m    - element is visible, enabled and stable[22m
[2m    - scrolling into view if needed[22m
[2m    - done scrolling[22m
[2m    - <canvas role="img" width="1440" height="900" data-assets="ready" class="block h-full w-full" data-engine="three.js r185" aria-label="Animated construction of Colosseum" data-renderer-diagnostics="{"calls":104,"triangles":65249,"points":0,"lines":0,"geometries":49,"textures":17}"></canvas> from <div class="absolute inset-0">…</div> subtree intercepts pointer events[22m
[2m  - retrying click action[22m
[2m    - waiting 500ms[22m
[2m    - waiting for element to be visible, enabled and stable[22m
[2m    - element is visible, enabled and stable[22m
[2m    - scrolling into view if needed[22m
[2m    - done scrolling[22m
[2m    - <canvas role="img" width="1440" height="900" data-assets="ready" class="block h-full w-full" data-engine="three.js r185" aria-label="Animated construction of Colosseum" data-renderer-diagnostics="{"calls":104,"triangles":65230,"points":0,"lines":0,"geometries":49,"textures":17}"></canvas> from <div class="absolute inset-0">…</div> subtree intercepts pointer events[22m
[2m  - retrying click action[22m
[2m    - waiting 500ms[22m
[2m    - waiting for element to be visible, enabled and stable[22m
[2m    - element is visible, enabled and stable[22m
[2m    - scrolling into view if needed[22m
[2m    - done scrolling[22m
[2m    - <canvas role="img" width="1440" height="900" data-assets="ready" class="block h-full w-full" data-engine="three.js r185" aria-label="Animated construction of Colosseum" data-renderer-diagnostics="{"calls":102,"triangles":63346,"points":0,"lines":0,"geometries":49,"textures":17}"></canvas> from <div class="absolute inset-0">…</div> subtree intercepts pointer events[22m
[2m  - retrying click action[22m
[2m    - waiting 500ms[22m
[2m    - waiting for element to be visible, enabled and stable[22m
[2m    - element is visible, enabled and stable[22m
[2m    - scrolling into view if needed[22m
[2m    - done scrolling[22m
[2m    - <canvas role="img" width="1440" height="900" data-assets="ready" class="block h-full w-full" data-engine="three.js r185" aria-label="Animated construction of Colosseum" data-renderer-diagnostics="{"calls":102,"triangles":67306,"points":0,"lines":0,"geometries":49,"textures":17}"></canvas> from <div class="absolute inset-0">…</div> subtree intercepts pointer events[22m
[2m  - retrying click action[22m
[2m    - waiting 500ms[22m
[2m    - waiting for element to be visible, enabled and stable[22m
[2m    - element is visible, enabled and stable[22m
[2m    - scrolling into view if needed[22m
[2m    - done scrolling[22m
[2m    - <canvas role="img" width="1440" height="900" data-assets="ready" class="block h-full w-full" data-engine="three.js r185" aria-label="Animated construction of Colosseum" data-renderer-diagnostics="{"calls":102,"triangles":72702,"points":0,"lines":0,"geometries":49,"textures":17}"></canvas> from <div class="absolute inset-0">…</div> subtree intercepts pointer events[22m
[2m  - retrying click action[22m
[2m    - waiting 500ms[22m
[2m    - waiting for element to be visible, enabled and stable[22m
[2m    - element is visible, enabled and stable[22m
[2m    - scrolling into view if needed[22m
[2m    - done scrolling[22m
[2m    - <canvas role="img" width="1440" height="900" data-assets="ready" class="block h-full w-full" data-engine="three.js r185" aria-label="Animated construction of Colosseum" data-renderer-diagnostics="{"calls":104,"triangles":74966,"points":0,"lines":0,"geometries":49,"textures":17}"></canvas> from <div class="absolute inset-0">…</div> subtree intercepts pointer events[22m
[2m  - retrying click action[22m
[2m    - waiting 500ms[22m
[2m    - waiting for element to be visible, enabled and stable[22m
[2m    - element is visible, enabled and stable[22m
[2m    - scrolling into view if needed[22m
[2m    - done scrolling[22m
[2m    - <canvas role="img" width="1440" height="900" data-assets="ready" class="block h-full w-full" data-engine="three.js r185" aria-label="Animated construction of Colosseum" data-renderer-diagnostics="{"calls":104,"triangles":69643,"points":0,"lines":0,"geometries":49,"textures":17}"></canvas> from <div class="absolute inset-0">…</div> subtree intercepts pointer events[22m
[2m  - retrying click action[22m
[2m    - waiting 500ms[22m
[2m    - waiting for element to be visible, enabled and stable[22m
[2m    - element is visible, enabled and stable[22m
[2m    - scrolling into view if needed[22m
[2m    - done scrolling[22m
[2m    - <canvas role="img" width="1440" height="900" data-assets="ready" class="block h-full w-full" data-engine="three.js r185" aria-label="Animated construction of Colosseum" data-renderer-diagnostics="{"calls":106,"triangles":73990,"points":0,"lines":0,"geometries":49,"textures":17}"></canvas> from <div class="absolute inset-0">…</div> subtree intercepts pointer events[22m
[2m  - retrying click action[22m
[2m    - waiting 500ms[22m
[2m    - waiting for element to be visible, enabled and stable[22m
[2m    - element is visible, enabled and stable[22m
[2m    - scrolling into view if needed[22m
[2m    - done scrolling[22m
[2m    - <canvas role="img" width="1440" height="900" data-assets="ready" class="block h-full w-full" data-engine="three.js r185" aria-label="Animated construction of Colosseum" data-renderer-diagnostics="{"calls":106,"triangles":74187,"points":0,"lines":0,"geometries":49,"textures":17}"></canvas> from <div class="absolute inset-0">…</div> subtree intercepts pointer events[22m
[2m  - retrying click action[22m
[2m    - waiting 500ms[22m
[2m    - waiting for element to be visible, enabled and stable[22m
[2m    - element is visible, enabled and stable[22m
[2m    - scrolling into view if needed[22m
[2m    - done scrolling[22m
[2m    - <canvas role="img" width="1440" height="900" data-assets="ready" class="block h-full w-full" data-engine="three.js r185" aria-label="Animated construction of Colosseum" data-renderer-diagnostics="{"calls":106,"triangles":75250,"points":0,"lines":0,"geometries":49,"textures":17}"></canvas> from <div class="absolute inset-0">…</div> subtree intercepts pointer events[22m
[2m  - retrying click action[22m
[2m    - waiting 500ms[22m
[2m    - waiting for element to be visible, enabled and stable[22m
[2m    - element is visible, enabled and stable[22m
[2m    - scrolling into view if needed[22m
[2m    - done scrolling[22m
[2m    - <canvas role="img" width="1440" height="900" data-assets="ready" class="block h-full w-full" data-engine="three.js r185" aria-label="Animated construction of Colosseum" data-renderer-diagnostics="{"calls":106,"triangles":74876,"points":0,"lines":0,"geometries":49,"textures":17}"></canvas> from <div class="absolute inset-0">…</div> subtree intercepts pointer events[22m
[2m  - retrying click action[22m
[2m    - waiting 500ms[22m
[2m    - waiting for element to be visible, enabled and stable[22m
[2m    - element is visible, enabled and stable[22m
[2m    - scrolling into view if needed[22m
[2m    - done scrolling[22m
[2m    - <canvas role="img" width="1440" height="900" data-assets="ready" class="block h-full w-full" data-engine="three.js r185" aria-label="Animated construction of Colosseum" data-renderer-diagnostics="{"calls":106,"triangles":75917,"points":0,"lines":0,"geometries":49,"textures":17}"></canvas> from <div class="absolute inset-0">…</div> subtree intercepts pointer events[22m
[2m  - retrying click action[22m
[2m    - waiting 500ms[22m
[2m    - waiting for element to be visible, enabled and stable[22m
[2m    - element is visible, enabled and stable[22m
[2m    - scrolling into view if needed[22m
[2m    - done scrolling[22m
[2m    - <canvas role="img" width="1440" height="900" data-assets="ready" class="block h-full w-full" data-engine="three.js r185" aria-label="Animated construction of Colosseum" data-renderer-diagnostics="{"calls":106,"triangles":76962,"points":0,"lines":0,"geometries":49,"textures":17}"></canvas> from <div class="absolute inset-0">…</div> subtree intercepts pointer events[22m
[2m  - retrying click action[22m
[2m    - waiting 500ms[22m
[2m    - waiting for element to be visible, enabled and stable[22m
[2m    - element is visible, enabled and stable[22m
[2m    - scrolling into view if needed[22m
[2m    - done scrolling[22m
[2m    - <canvas role="img" width="1440" height="900" data-assets="ready" class="block h-full w-full" data-engine="three.js r185" aria-label="Animated construction of Colosseum" data-renderer-diagnostics="{"calls":106,"triangles":76732,"points":0,"lines":0,"geometries":49,"textures":17}"></canvas> from <div class="absolute inset-0">…</div> subtree intercepts pointer events[22m
[2m  - retrying click action[22m
[2m    - waiting 500ms[22m
[2m    - waiting for element to be visible, enabled and stable[22m
[2m    - element is visible, enabled and stable[22m
[2m    - scrolling into view if needed[22m
[2m    - done scrolling[22m
[2m    - <canvas role="img" width="1440" height="900" data-assets="ready" class="block h-full w-full" data-engine="three.js r185" aria-label="Animated construction of Colosseum" data-renderer-diagnostics="{"calls":106,"triangles":78339,"points":0,"lines":0,"geometries":49,"textures":17}"></canvas> from <div class="absolute inset-0">…</div> subtree intercepts pointer events[22m
[2m  - retrying click action[22m
[2m    - waiting 500ms[22m
[2m    - waiting for element to be visible, enabled and stable[22m
[2m    - element is visible, enabled and stable[22m
[2m    - scrolling into view if needed[22m
[2m    - done scrolling[22m
[2m    - <canvas role="img" width="1440" height="900" data-assets="ready" class="block h-full w-full" data-engine="three.js r185" aria-label="Animated construction of Colosseum" data-renderer-diagnostics="{"calls":106,"triangles":78141,"points":0,"lines":0,"geometries":49,"textures":17}"></canvas> from <div class="absolute inset-0">…</div> subtree intercepts pointer events[22m
[2m  - retrying click action[22m
[2m    - waiting 500ms[22m
[2m    - waiting for element to be visible, enabled and stable[22m
[2m    - element is visible, enabled and stable[22m
[2m    - scrolling into view if needed[22m
[2m    - done scrolling[22m
[2m    - <canvas role="img" width="1440" height="900" data-assets="ready" class="block h-full w-full" data-engine="three.js r185" aria-label="Animated construction of Colosseum" data-renderer-diagnostics="{"calls":107,"triangles":84221,"points":0,"lines":0,"geometries":49,"textures":17}"></canvas> from <div class="absolute inset-0">…</div> subtree intercepts pointer events[22m
[2m  - retrying click action[22m
[2m    - waiting 500ms[22m
[2m    - waiting for element to be visible, enabled and stable[22m
[2m    - element is visible, enabled and stable[22m
[2m    - scrolling into view if needed[22m
[2m    - done scrolling[22m
[2m    - <canvas role="img" width="1440" height="900" data-assets="ready" class="block h-full w-full" data-engine="three.js r185" aria-label="Animated construction of Colosseum" data-renderer-diagnostics="{"calls":107,"triangles":85586,"points":0,"lines":0,"geometries":49,"textures":17}"></canvas> from <div class="absolute inset-0">…</div> subtree intercepts pointer events[22m
[2m  - retrying click action[22m
[2m    - waiting 500ms[22m
[2m    - waiting for element to be visible, enabled and stable[22m
[2m    - element is visible, enabled and stable[22m
[2m    - scrolling into view if needed[22m
[2m    - done scrolling[22m
[2m    - <canvas role="img" width="1440" height="900" data-assets="ready" class="block h-full w-full" data-engine="three.js r185" aria-label="Animated construction of Colosseum" data-renderer-diagnostics="{"calls":105,"triangles":87714,"points":0,"lines":0,"geometries":49,"textures":17}"></canvas> from <div class="absolute inset-0">…</div> subtree intercepts pointer events[22m
[2m  - retrying click action[22m
[2m    - waiting 500ms[22m
[2m    - waiting for element to be visible, enabled and stable[22m
[2m    - element is visible, enabled and stable[22m
[2m    - scrolling into view if needed[22m
[2m    - done scrolling[22m
[2m    - <canvas role="img" width="1440" height="900" data-assets="ready" class="block h-full w-full" data-engine="three.js r185" aria-label="Animated construction of Colosseum" data-renderer-diagnostics="{"calls":105,"triangles":91478,"points":0,"lines":0,"geometries":49,"textures":17}"></canvas> from <div class="absolute inset-0">…</div> subtree intercepts pointer events[22m
[2m  - retrying click action[22m
[2m    - waiting 500ms[22m
[2m    - waiting for element to be visible, enabled and stable[22m
[2m    - element is visible, enabled and stable[22m
[2m    - scrolling into view if needed[22m
[2m    - done scrolling[22m
[2m    - <canvas role="img" width="1440" height="900" data-assets="ready" class="block h-full w-full" data-engine="three.js r185" aria-label="Animated construction of Colosseum" data-renderer-diagnostics="{"calls":105,"triangles":92578,"points":0,"lines":0,"geometries":49,"textures":17}"></canvas> from <div class="absolute inset-0">…</div> subtree intercepts pointer events[22m
[2m  - retrying click action[22m
[2m    - waiting 500ms[22m
[2m    - waiting for element to be visible, enabled and stable[22m
[2m    - element is visible, enabled and stable[22m
[2m    - scrolling into view if needed[22m
[2m    - done scrolling[22m
[2m    - <canvas role="img" width="1440" height="900" data-assets="ready" class="block h-full w-full" data-engine="three.js r185" aria-label="Animated construction of Colosseum" data-renderer-diagnostics="{"calls":105,"triangles":94080,"points":0,"lines":0,"geometries":49,"textures":17}"></canvas> from <div class="absolute inset-0">…</div> subtree intercepts pointer events[22m
[2m  - retrying click action[22m
[2m    - waiting 500ms[22m
[2m    - waiting for element to be visible, enabled and stable[22m
[2m    - element is visible, enabled and stable[22m
[2m    - scrolling into view if needed[22m
[2m    - done scrolling[22m
[2m    - <canvas role="img" width="1440" height="900" data-assets="ready" class="block h-full w-full" data-engine="three.js r185" aria-label="Animated construction of Colosseum" data-renderer-diagnostics="{"calls":105,"triangles":99843,"points":0,"lines":0,"geometries":49,"textures":17}"></canvas> from <div class="absolute inset-0">…</div> subtree intercepts pointer events[22m
[2m  - retrying click action[22m
[2m    - waiting 500ms[22m
[2m    - waiting for element to be visible, enabled and stable[22m
[2m    - element is visible, enabled and stable[22m
[2m    - scrolling into view if needed[22m
[2m    - done scrolling[22m
[2m    - <canvas role="img" width="1440" height="900" data-assets="ready" class="block h-full w-full" data-engine="three.js r185" aria-label="Animated construction of Colosseum" data-renderer-diagnostics="{"calls":105,"triangles":104847,"points":0,"lines":0,"geometries":49,"textures":17}"></canvas> from <div class="absolute inset-0">…</div> subtree intercepts pointer events[22m
[2m  - retrying click action[22m
[2m    - waiting 500ms[22m
[2m    - waiting for element to be visible, enabled and stable[22m
[2m    - element is visible, enabled and stable[22m
[2m    - scrolling into view if needed[22m
[2m    - done scrolling[22m
[2m    - <canvas role="img" width="1440" height="900" data-assets="ready" class="block h-full w-full" data-engine="three.js r185" aria-label="Animated construction of Colosseum" data-renderer-diagnostics="{"calls":107,"triangles":102465,"points":0,"lines":0,"geometries":49,"textures":17}"></canvas> from <div class="absolute inset-0">…</div> subtree intercepts pointer events[22m
[2m  - retrying click action[22m
[2m    - waiting 500ms[22m
[2m    - waiting for element to be visible, enabled and stable[22m
[2m    - element is visible, enabled and stable[22m
[2m    - scrolling into view if needed[22m
[2m    - done scrolling[22m
[2m    - <canvas role="img" width="1440" height="900" data-assets="ready" class="block h-full w-full" data-engine="three.js r185" aria-label="Animated construction of Colosseum" data-renderer-diagnostics="{"calls":109,"triangles":108863,"points":0,"lines":0,"geometries":49,"textures":17}"></canvas> from <div class="absolute inset-0">…</div> subtree intercepts pointer events[22m
[2m  - retrying click action[22m
[2m    - waiting 500ms[22m
[2m    - waiting for element to be visible, enabled and stable[22m
[2m    - element is visible, enabled and stable[22m
[2m    - scrolling into view if needed[22m
[2m    - done scrolling[22m
[2m    - <canvas role="img" width="1440" height="900" data-assets="ready" class="block h-full w-full" data-engine="three.js r185" aria-label="Animated construction of Colosseum" data-renderer-diagnostics="{"calls":109,"triangles":108098,"points":0,"lines":0,"geometries":49,"textures":17}"></canvas> from <div class="absolute inset-0">…</div> subtree intercepts pointer events[22m
[2m  - retrying click action[22m
[2m    - waiting 500ms[22m
[2m    - waiting for element to be visible, enabled and stable[22m
[2m    - element is visible, enabled and stable[22m
[2m    - scrolling into view if needed[22m
[2m    - done scrolling[22m
[2m    - <canvas role="img" width="1440" height="900" data-assets="ready" class="block h-full w-full" data-engine="three.js r185" aria-label="Animated construction of Colosseum" data-renderer-diagnostics="{"calls":112,"triangles":109591,"points":0,"lines":0,"geometries":49,"textures":17}"></canvas> from <div class="absolute inset-0">…</div> subtree intercepts pointer events[22m
[2m  - retrying click action[22m
[2m    - waiting 500ms[22m
[2m    - waiting for element to be visible, enabled and stable[22m
[2m    - element is visible, enabled and stable[22m
[2m    - scrolling into view if needed[22m
[2m    - done scrolling[22m
[2m    - <canvas role="img" width="1440" height="900" data-assets="ready" class="block h-full w-full" data-engine="three.js r185" aria-label="Animated construction of Colosseum" data-renderer-diagnostics="{"calls":112,"triangles":113721,"points":0,"lines":0,"geometries":49,"textures":17}"></canvas> from <div class="absolute inset-0">…</div> subtree intercepts pointer events[22m
[2m  - retrying click action[22m
[2m    - waiting 500ms[22m
[2m    - waiting for element to be visible, enabled and stable[22m
[2m    - element is visible, enabled and stable[22m
[2m    - scrolling into view if needed[22m
[2m    - done scrolling[22m
[2m    - <canvas role="img" width="1440" height="900" data-assets="ready" class="block h-full w-full" data-engine="three.js r185" aria-label="Animated construction of Colosseum" data-renderer-diagnostics="{"calls":112,"triangles":109443,"points":0,"lines":0,"geometries":49,"textures":17}"></canvas> from <div class="absolute inset-0">…</div> subtree intercepts pointer events[22m
[2m  - retrying click action[22m
[2m    - waiting 500ms[22m

    at /Users/hina/Documents/Experience-Intelligence-Domain/wonderforge/artifacts/colosseum-moon-surface-2026-09-21/lifecycle/check.mjs:35:66 {
  log: [
    "  - waiting for getByRole('button', { name: 'Pause', exact: true })",
    '    - locator resolved to <button aria-label="Pause" class="grid min-h-11 min-w-11 cursor-pointer place-items-center rounded-full text-parchment/80 transition-colors hover:bg-white/10 hover:text-parchment focus-visible:outline-2 focus-visible:outline-gold">…</button>',
    '  - attempting click action',
    '    - waiting for element to be visible, enabled and stable',
    '    - element is visible, enabled and stable',
    '    - scrolling into view if needed',
    '    - done scrolling',
    '    - <canvas role="img" width="1440" height="900" data-assets="ready" class="block h-full w-full" data-engine="three.js r185" aria-label="Animated construction of Colosseum" data-renderer-diagnostics="{"calls":37,"triangles":29095,"points":0,"lines":0,"geometries":42,"textures":17}"></canvas> from <div class="absolute inset-0">…</div> subtree intercepts pointer events',
    '  - retrying click action',
    '    - waiting for element to be visible, enabled and stable',
    '    - element is visible, enabled and stable',
    '    - scrolling into view if needed',
    '    - done scrolling',
    '    - <canvas role="img" width="1440" height="900" data-assets="ready" class="block h-full w-full" data-engine="three.js r185" aria-label="Animated construction of Colosseum" data-renderer-diagnostics="{"calls":37,"triangles":29085,"points":0,"lines":0,"geometries":42,"textures":17}"></canvas> from <div class="absolute inset-0">…</div> subtree intercepts pointer events',
    '  - retrying click action',
    '    - waiting 20ms',
    '    - waiting for element to be visible, enabled and stable',
    '    - element is visible, enabled and stable',
    '    - scrolling into view if needed',
    '    - done scrolling',
    '    - <canvas role="img" width="1440" height="900" data-assets="ready" class="block h-full w-full" data-engine="three.js r185" aria-label="Animated construction of Colosseum" data-renderer-diagnostics="{"calls":37,"triangles":29113,"points":0,"lines":0,"geometries":42,"textures":17}"></canvas> from <div class="absolute inset-0">…</div> subtree intercepts pointer events',
    '  - retrying click action',
    '    - waiting 100ms',
    '    - waiting for element to be visible, enabled and stable',
    '    - element is visible, enabled and stable',
    '    - scrolling into view if needed',
    '    - done scrolling',
    '    - <canvas role="img" width="1440" height="900" data-assets="ready" class="block h-full w-full" data-engine="three.js r185" aria-label="Animated construction of Colosseum" data-renderer-diagnostics="{"calls":37,"triangles":29085,"points":0,"lines":0,"geometries":42,"textures":17}"></canvas> from <div class="absolute inset-0">…</div> subtree intercepts pointer events',
    '  - retrying click action',
    '    - waiting 100ms',
    '    - waiting for element to be visible, enabled and stable',
    '    - element is visible, enabled and stable',
    '    - scrolling into view if needed',
    '    - done scrolling',
    '    - <canvas role="img" width="1440" height="900" data-assets="ready" class="block h-full w-full" data-engine="three.js r185" aria-label="Animated construction of Colosseum" data-renderer-diagnostics="{"calls":37,"triangles":29076,"points":0,"lines":0,"geometries":42,"textures":17}"></canvas> from <div class="absolute inset-0">…</div> subtree intercepts pointer events',
    '  - retrying click action',
    '    - waiting 500ms',
    '    - waiting for element to be visible, enabled and stable',
    '    - element is visible, enabled and stable',
    '    - scrolling into view if needed',
    '    - done scrolling',
    '    - <canvas role="img" width="1440" height="900" data-assets="ready" class="block h-full w-full" data-engine="three.js r185" aria-label="Animated construction of Colosseum" data-renderer-diagnostics="{"calls":37,"triangles":28852,"points":0,"lines":0,"geometries":42,"textures":17}"></canvas> from <div class="absolute inset-0">…</div> subtree intercepts pointer events',
    '  - retrying click action',
    '    - waiting 500ms',
    '    - waiting for element to be visible, enabled and stable',
    '    - element is visible, enabled and stable',
    '    - scrolling into view if needed',
    '    - done scrolling',
    '    - <canvas role="img" width="1440" height="900" data-assets="ready" class="block h-full w-full" data-engine="three.js r185" aria-label="Animated construction of Colosseum" data-renderer-diagnostics="{"calls":37,"triangles":28678,"points":0,"lines":0,"geometries":42,"textures":17}"></canvas> from <div class="absolute inset-0">…</div> subtree intercepts pointer events',
    '  - retrying click action',
    '    - waiting 500ms',
    '    - waiting for element to be visible, enabled and stable',
    '    - element is visible, enabled and stable',
    '    - scrolling into view if needed',
    '    - done scrolling',
    '    - <canvas role="img" width="1440" height="900" data-assets="ready" class="block h-full w-full" data-engine="three.js r185" aria-label="Animated construction of Colosseum" data-renderer-diagnostics="{"calls":37,"triangles":28224,"points":0,"lines":0,"geometries":42,"textures":17}"></canvas> from <div class="absolute inset-0">…</div> subtree intercepts pointer events',
    '  - retrying click action',
    '    - waiting 500ms',
    '    - waiting for element to be visible, enabled and stable',
    '    - element is visible, enabled and stable',
    '    - scrolling into view if needed',
    '    - done scrolling',
    '    - <canvas role="img" width="1440" height="900" data-assets="ready" class="block h-full w-full" data-engine="three.js r185" aria-label="Animated construction of Colosseum" data-renderer-diagnostics="{"calls":37,"triangles":28061,"points":0,"lines":0,"geometries":42,"textures":17}"></canvas> from <div class="absolute inset-0">…</div> subtree intercepts pointer events',
    '  - retrying click action',
    '    - waiting 500ms',
    '    - waiting for element to be visible, enabled and stable',
    '    - element is visible, enabled and stable',
    '    - scrolling into view if needed',
    '    - done scrolling',
    '    - <canvas role="img" width="1440" height="900" data-assets="ready" class="block h-full w-full" data-engine="three.js r185" aria-label="Animated construction of Colosseum" data-renderer-diagnostics="{"calls":45,"triangles":30785,"points":0,"lines":0,"geometries":42,"textures":17}"></canvas> from <div class="absolute inset-0">…</div> subtree intercepts pointer events',
    '  - retrying click action',
    '    - waiting 500ms',
    '    - waiting for element to be visible, enabled and stable',
    '    - element is visible, enabled and stable',
    '    - scrolling into view if needed',
    '    - done scrolling',
    '    - <canvas role="img" width="1440" height="900" data-assets="ready" class="block h-full w-full" data-engine="three.js r185" aria-label="Animated construction of Colosseum" data-renderer-diagnostics="{"calls":52,"triangles":33480,"points":0,"lines":0,"geometries":42,"textures":17}"></canvas> from <div class="absolute inset-0">…</div> subtree intercepts pointer events',
    '  - retrying click action',
    '    - waiting 500ms',
    '    - waiting for element to be visible, enabled and stable',
    '    - element is visible, enabled and stable',
    '    - scrolling into view if needed',
    '    - done scrolling',
    '    - <canvas role="img" width="1440" height="900" data-assets="ready" class="block h-full w-full" data-engine="three.js r185" aria-label="Animated construction of Colosseum" data-renderer-diagnostics="{"calls":52,"triangles":34116,"points":0,"lines":0,"geometries":42,"textures":17}"></canvas> from <div class="absolute inset-0">…</div> subtree intercepts pointer events',
    '  - retrying click action',
    '    - waiting 500ms',
    '    - waiting for element to be visible, enabled and stable',
    '    - element is visible, enabled and stable',
    '    - scrolling into view if needed',
    '    - done scrolling',
    '    - <canvas role="img" width="1440" height="900" data-assets="ready" class="block h-full w-full" data-engine="three.js r185" aria-label="Animated construction of Colosseum" data-renderer-diagnostics="{"calls":52,"triangles":34421,"points":0,"lines":0,"geometries":42,"textures":17}"></canvas> from <div class="absolute inset-0">…</div> subtree intercepts pointer events',
    '  - retrying click action',
    '    - waiting 500ms',
    '    - waiting for element to be visible, enabled and stable',
    '    - element is visible, enabled and stable',
    '    - scrolling into view if needed',
    '    - done scrolling',
    '    - <canvas role="img" width="1440" height="900" data-assets="ready" class="block h-full w-full" data-engine="three.js r185" aria-label="Animated construction of Colosseum" data-renderer-diagnostics="{"calls":79,"triangles":37336,"points":0,"lines":0,"geometries":45,"textures":17}"></canvas> from <div class="absolute inset-0">…</div> subtree intercepts pointer events',
    '  - retrying click action',
    '    - waiting 500ms',
    ... 329 more items
  ],
  name: 'TimeoutError'
}

Node.js v24.4.0
