[09/08/26 14:20:44] INFO     Processing request of type            server.py:727
                             CallToolRequest                                    
                    INFO     Processing request of type            server.py:727
                             ListToolsRequest                                   
{"status": "ok", "result": {"version": "5.2.1 LTS", "scene": "WonderForge \u2014 corrected summit mast butt joint", "file": "", "objects": 13853}}
                    INFO     Processing request of type            server.py:727
                             CallToolRequest                                    
{
  "manifestSha256": "e054bfb8cbded7e636075ba1371e624430f600da0b2e8f0cc765e205d1e54080",
  "assemblies": [
    {
      "parentPartId": "summit-crown-m072-c000",
      "childPartIds": [
        "summit-crown-m073-c000"
      ],
      "maxOriginalVertexResidualMetres": 3.0518470326260395e-05,
      "meshVertices": 16
    },
    {
      "parentPartId": "summit-crown-m072-c001",
      "childPartIds": [
        "summit-crown-m074-c000",
        "summit-crown-m075-c000"
      ],
      "maxOriginalVertexResidualMetres": 3.052198885556035e-05,
      "meshVertices": 24
    },
    {
      "parentPartId": "summit-crown-m072-c002",
      "childPartIds": [
        "summit-crown-m076-c000"
      ],
      "maxOriginalVertexResidualMetres": 3.052198885556035e-05,
      "meshVertices": 16
    }
  ],
  "source": "/Users/hina/Documents/Experience-Intelligence-Domain/wonderforge/artifacts/eiffel-summit-assembly-2026-09-08/blender/eiffel-summit-mast-assemblies.blend",
  "asset": "/Users/hina/Documents/Experience-Intelligence-Domain/wonderforge/artifacts/eiffel-summit-assembly-2026-09-08/model/summit-mast-assemblies.glb"
}
