[09/08/26 14:10:53] INFO     Processing request of type            server.py:727
                             CallToolRequest                                    
[09/08/26 14:12:40] INFO     Processing request of type            server.py:727
                             ListToolsRequest                                   
{
  "status": "ok",
  "files": [
    {
      "file": "eiffel-summit-mast-assemblies.blend",
      "objects": 10,
      "meshes": 7
    },
    {
      "file": "eiffel-summit-gin-pole-candidate.blend",
      "objects": 57,
      "meshes": 53
    },
    {
      "file": "eiffel-summit-gin-pole-context-candidate.blend",
      "objects": 308,
      "meshes": 301
    },
    {
      "file": "eiffel-tower-mast-joint.blend",
      "objects": 13853,
      "meshes": 13853
    }
  ]
}
