[09/08/26 13:47:35] INFO     Processing request of type            server.py:727
                             CallToolRequest                                    
[09/08/26 13:47:36] INFO     Processing request of type            server.py:727
                             ListToolsRequest                                   
{
  "status": "ok",
  "files": [
    {
      "file": "eiffel-summit-mast-assemblies.blend",
      "objects": 10,
      "meshes": 7
    },
    {
      "file": "eiffel-summit-gin-pole-candidate.blend",
      "objects": 57,
      "meshes": 53
    },
    {
      "file": "eiffel-summit-gin-pole-context-candidate.blend",
      "objects": 308,
      "meshes": 301
    }
  ]
}
