[09/08/26 14:07:07] INFO     Processing request of type            server.py:727
                             CallToolRequest                                    
                    INFO     Processing request of type            server.py:727
                             ListToolsRequest                                   
{"status": "ok", "result": {"version": "5.2.1 LTS", "scene": "WonderForge \u2014 corrected summit mast butt joint", "file": "", "objects": 13853}}
                    INFO     Processing request of type            server.py:727
                             CallToolRequest                                    
{
  "manifestSha256": "e2f9a07522e08b136afb394d4a7a7a249cf8376022ee9e639bff9b8141f348a1",
  "assemblies": [
    {
      "parentPartId": "summit-crown-m072-c000",
      "childPartIds": [
        "summit-crown-m073-c000"
      ],
      "maxOriginalVertexResidualMetres": 3.051858310009803e-05,
      "meshVertices": 16
    },
    {
      "parentPartId": "summit-crown-m072-c001",
      "childPartIds": [
        "summit-crown-m074-c000",
        "summit-crown-m075-c000"
      ],
      "maxOriginalVertexResidualMetres": 3.052198885556035e-05,
      "meshVertices": 24
    },
    {
      "parentPartId": "summit-crown-m072-c002",
      "childPartIds": [
        "summit-crown-m076-c000"
      ],
      "maxOriginalVertexResidualMetres": 3.052198885556035e-05,
      "meshVertices": 16
    }
  ],
  "source": "/Users/hina/Documents/Experience-Intelligence-Domain/wonderforge/artifacts/eiffel-summit-assembly-2026-09-08/blender/eiffel-summit-mast-assemblies.blend",
  "asset": "/Users/hina/Documents/Experience-Intelligence-Domain/wonderforge/artifacts/eiffel-summit-assembly-2026-09-08/model/summit-mast-assemblies.glb"
}
