[09/08/26 13:44:00] INFO     Processing request of type            server.py:727
                             CallToolRequest                                    
                    INFO     Processing request of type            server.py:727
                             ListToolsRequest                                   
{"status": "ok", "result": {"version": "5.2.1 LTS", "scene": "WonderForge \u2014 compact mast-clamped gin pole", "file": "", "objects": 312}}
                    INFO     Processing request of type            server.py:727
                             CallToolRequest                                    
{
  "status": "candidate-only",
  "poleMetres": 6,
  "jibMetres": 3,
  "collarBoreMetres": 0.18,
  "baseY": 300.9,
  "source": "/Users/hina/Documents/Experience-Intelligence-Domain/wonderforge/artifacts/eiffel-summit-assembly-2026-09-08/blender/eiffel-summit-gin-pole-candidate.blend",
  "remaining": [
    "final-source collar and route contact proof",
    "rope drive and bands",
    "supported climbing transition",
    "initial freight handoff"
  ]
}
