{
  "identities": {
    "public/models/eiffel-construction-kit/tower-kit.glb": "8c597d707ba70a38870075c5ebc22ca0092fcaeb253ce43ea030e3d57a9908f1",
    "public/models/eiffel-second-floor-relay/relay.glb": "4b71e83c5e2403feceb44e6da7543fcc3ac96736af969adabdd96807067f4e76",
    "artifacts/eiffel-relay-platform-2026-09-08/model/platform.glb": "558f8b9c3313e0bf5b76f12e74c66b135edc73207c36ae831d20094e8eff3ac7"
  },
  "filter": {
    "maxStage": 59.55,
    "excludedPartId": "summit-access-stair-m000-c000",
    "scope": "Conservative stage envelope, includes same-stage future members; actual GLB surface triangles"
  },
  "obstacleMeshes": 13760,
  "segments": [
    {
      "id": "second-floor-inward",
      "a": [
        -15,
        116.47999939,
        -1.8
      ],
      "b": [
        -2,
        116.47999939,
        -1.8
      ],
      "hits": [
        "eiffel-second-floor-relay/relay.glb:side-brace-negative007"
      ]
    },
    {
      "id": "central-rise",
      "a": [
        -2,
        116.47999939,
        -1.8
      ],
      "b": [
        -2,
        198,
        -1.8
      ],
      "hits": []
    },
    {
      "id": "platform-land-cross",
      "a": [
        -2,
        198,
        -1.8
      ],
      "b": [
        -2,
        198,
        -3.6
      ],
      "hits": []
    },
    {
      "id": "platform-land-down",
      "a": [
        -2,
        198,
        -3.6
      ],
      "b": [
        -2,
        197,
        -3.6
      ],
      "hits": []
    },
    {
      "id": "outer-rise",
      "a": [
        -15,
        116.47999939,
        -1.8
      ],
      "b": [
        -15,
        198,
        -1.8
      ],
      "hits": [
        "eiffel-construction-kit/tower-kit.glb:shaft-02-m026-c003",
        "eiffel-construction-kit/tower-kit.glb:shaft-02-m027-c002",
        "eiffel-construction-kit/tower-kit.glb:shaft-02-m028-c002",
        "eiffel-construction-kit/tower-kit.glb:shaft-02-m029-c003",
        "eiffel-second-floor-relay/relay.glb:girder-1007",
        "eiffel-second-floor-relay/relay.glb:girder--1007"
      ]
    },
    {
      "id": "outer-enter",
      "a": [
        -15,
        198,
        -1.8
      ],
      "b": [
        -2,
        198,
        -1.8
      ],
      "hits": [
        "eiffel-construction-kit/tower-kit.glb:shaft-10-m025-c001",
        "eiffel-construction-kit/tower-kit.glb:shaft-10-m026-c001",
        "eiffel-construction-kit/tower-kit.glb:shaft-10-m026-c002",
        "eiffel-construction-kit/tower-kit.glb:shaft-10-m030-c001",
        "model/platform.glb:relay-structure"
      ]
    }
  ]
}
{
  "sha": "9c3053b18e2cf8268906f5dca82d13f070b92f036b1eb57f0a7c1901d1df9b2a",
  "meshes": 239,
  "clashes": [
    {
      "new": "side_X_tie005",
      "roles": [
        "upper-197-fixed-frame"
      ],
      "old": "shaft-10-m033-c000",
      "source": "public/models/eiffel-construction-kit/tower-kit.glb",
      "scope": "new local bounds against actual old triangles"
    },
    {
      "new": "side_X_tie006",
      "roles": [
        "upper-197-fixed-frame"
      ],
      "old": "shaft-10-m033-c000",
      "source": "public/models/eiffel-construction-kit/tower-kit.glb",
      "scope": "new local bounds against actual old triangles"
    }
  ],
  "route": [
    {
      "a": [
        -2,
        198,
        -1.8
      ],
      "b": [
        -2,
        198,
        -3.6
      ],
      "hits": [
        {
          "id": "boiler-band009",
          "roles": [
            "upper-197-boiler-band",
            "upper-197-steam-boiler",
            "upper-197-steam-drive"
          ]
        },
        {
          "id": "boiler-shell004",
          "roles": [
            "upper-197-boiler-shell",
            "upper-197-steam-boiler",
            "upper-197-steam-drive"
          ]
        }
      ]
    },
    {
      "a": [
        -2,
        198,
        -3.6
      ],
      "b": [
        -2,
        197.34,
        -3.6
      ],
      "hits": [
        {
          "id": "boiler-band009",
          "roles": [
            "upper-197-boiler-band",
            "upper-197-steam-boiler",
            "upper-197-steam-drive"
          ]
        },
        {
          "id": "boiler-shell004",
          "roles": [
            "upper-197-boiler-shell",
            "upper-197-steam-boiler",
            "upper-197-steam-drive"
          ]
        }
      ]
    },
    {
      "a": [
        -2,
        198,
        -1.8
      ],
      "b": [
        -2,
        198,
        0.6
      ],
      "hits": []
    },
    {
      "a": [
        -2,
        198,
        0.6
      ],
      "b": [
        0,
        198,
        0.6
      ],
      "hits": []
    }
  ],
  "rings": [
    {
      "id": "drum_bearing_bronze_ring",
      "roles": [
        "upper-197-fixed-frame"
      ],
      "min": [
        0.31700000911951065,
        197.71700303032918,
        -5.27999985441641
      ],
      "max": [
        0.4830000028014183,
        197.88300307318644,
        -5.079999802260836
      ]
    },
    {
      "id": "drum_bearing_bronze_ring001",
      "roles": [
        "upper-197-fixed-frame"
      ],
      "min": [
        0.31700000911951065,
        197.71700303032918,
        -4.319999816269437
      ],
      "max": [
        0.4830000028014183,
        197.88300307318644,
        -4.119999764113864
      ]
    },
    {
      "id": "drum_bearing_stand",
      "roles": [
        "upper-197-fixed-frame"
      ],
      "min": [
        0.24000000953674316,
        196.9999938905239,
        -5.294999830424786
      ],
      "max": [
        0.5600000023841858,
        197.79999390244484,
        -5.0649998262524605
      ]
    },
    {
      "id": "drum_bearing_stand001",
      "roles": [
        "upper-197-fixed-frame"
      ],
      "min": [
        0.24000000953674316,
        196.9999938905239,
        -4.334999792277813
      ],
      "max": [
        0.5600000023841858,
        197.79999390244484,
        -4.104999788105488
      ]
    },
    {
      "id": "drum-shaft004",
      "roles": [
        "upper-197-drum",
        "upper-197-steam-drive"
      ],
      "min": [
        0.34499952665967115,
        197.74501821867628,
        -4.709999239459323
      ],
      "max": [
        0.4549997104008757,
        197.85501840241747,
        -3.3099993295821672
      ]
    }
  ]
}
