{
  "identities": {
    "public/models/eiffel-construction-kit/tower-kit.glb": "8c597d707ba70a38870075c5ebc22ca0092fcaeb253ce43ea030e3d57a9908f1",
    "public/models/eiffel-second-floor-relay/relay.glb": "e5e4998d8b35310dff7e6a39f356bd9a309653917fd9dc9ec0a76b94779a5da8",
    "artifacts/eiffel-relay-platform-2026-09-08/model/platform.glb": "558f8b9c3313e0bf5b76f12e74c66b135edc73207c36ae831d20094e8eff3ac7"
  },
  "filter": {
    "maxStage": 59.55,
    "excludedPartId": "summit-access-stair-m000-c000",
    "scope": "Conservative stage envelope, includes same-stage future members; actual GLB surface triangles"
  },
  "obstacleMeshes": 13760,
  "segments": [
    {
      "id": "second-floor-inward",
      "a": [
        -15,
        116.47999939,
        -1.8
      ],
      "b": [
        -2,
        116.47999939,
        -1.8
      ],
      "hits": [
        "eiffel-second-floor-relay/relay.glb:side-brace-negative002"
      ]
    },
    {
      "id": "central-rise",
      "a": [
        -2,
        116.47999939,
        -1.8
      ],
      "b": [
        -2,
        198,
        -1.8
      ],
      "hits": []
    },
    {
      "id": "platform-land-cross",
      "a": [
        -2,
        198,
        -1.8
      ],
      "b": [
        -2,
        198,
        -3.6
      ],
      "hits": []
    },
    {
      "id": "platform-land-down",
      "a": [
        -2,
        198,
        -3.6
      ],
      "b": [
        -2,
        197,
        -3.6
      ],
      "hits": []
    },
    {
      "id": "outer-rise",
      "a": [
        -15,
        116.47999939,
        -1.8
      ],
      "b": [
        -15,
        198,
        -1.8
      ],
      "hits": [
        "eiffel-construction-kit/tower-kit.glb:shaft-02-m026-c003",
        "eiffel-construction-kit/tower-kit.glb:shaft-02-m027-c002",
        "eiffel-construction-kit/tower-kit.glb:shaft-02-m028-c002",
        "eiffel-construction-kit/tower-kit.glb:shaft-02-m029-c003",
        "eiffel-second-floor-relay/relay.glb:girder-1002",
        "eiffel-second-floor-relay/relay.glb:girder--1002"
      ]
    },
    {
      "id": "outer-enter",
      "a": [
        -15,
        198,
        -1.8
      ],
      "b": [
        -2,
        198,
        -1.8
      ],
      "hits": [
        "eiffel-construction-kit/tower-kit.glb:shaft-10-m025-c001",
        "eiffel-construction-kit/tower-kit.glb:shaft-10-m026-c001",
        "eiffel-construction-kit/tower-kit.glb:shaft-10-m026-c002",
        "eiffel-construction-kit/tower-kit.glb:shaft-10-m030-c001",
        "model/platform.glb:relay-structure"
      ]
    }
  ]
}
{
  "sha": "c50b253ebecadfb0250e7a5ad7375f449f4180089f9f733ddf63972b859b4ebe",
  "meshes": 315,
  "clashes": [
    {
      "new": "Continuous_upper_hoist_reeving",
      "roles": [
        "upper-197-rest-rope"
      ],
      "old": "relay-deck",
      "source": "artifacts/eiffel-relay-platform-2026-09-08/model/platform.glb",
      "scope": "new local bounds against actual old triangles"
    },
    {
      "new": "Continuous_upper_hoist_reeving",
      "roles": [
        "upper-197-rest-rope"
      ],
      "old": "relay-structure",
      "source": "artifacts/eiffel-relay-platform-2026-09-08/model/platform.glb",
      "scope": "new local bounds against actual old triangles"
    }
  ],
  "route": [
    {
      "a": [
        -2,
        198,
        -1.8
      ],
      "b": [
        -2,
        198,
        -3.6
      ],
      "hits": [
        {
          "id": "Continuous_upper_hoist_reeving",
          "roles": [
            "upper-197-rest-rope"
          ]
        }
      ]
    },
    {
      "a": [
        -2,
        198,
        -3.6
      ],
      "b": [
        -2,
        197.34,
        -3.6
      ],
      "hits": []
    },
    {
      "a": [
        -2,
        198,
        -1.8
      ],
      "b": [
        -2,
        198,
        0.6
      ],
      "hits": [
        {
          "id": "Continuous_upper_hoist_reeving",
          "roles": [
            "upper-197-rest-rope"
          ]
        }
      ]
    },
    {
      "a": [
        -2,
        198,
        0.6
      ],
      "b": [
        0,
        198,
        0.6
      ],
      "hits": []
    }
  ],
  "rings": [
    {
      "id": "drum_bearing_stand012",
      "roles": [
        "upper-197-fixed-frame"
      ],
      "min": [
        4.24000009894371,
        196.9999938905239,
        -4.647500153630972
      ],
      "max": [
        4.560000091791153,
        197.79999390244484,
        -4.532500151544809
      ]
    },
    {
      "id": "drum_bearing_stand013",
      "roles": [
        "upper-197-fixed-frame"
      ],
      "min": [
        4.24000009894371,
        196.9999938905239,
        -3.487500086426735
      ],
      "max": [
        4.560000091791153,
        197.79999390244484,
        -3.332500085234642
      ]
    },
    {
      "id": "drum-shaft009",
      "roles": [
        "upper-197-drum",
        "upper-197-steam-drive"
      ],
      "min": [
        4.344999526659671,
        197.74501821867628,
        -4.709999239459323
      ],
      "max": [
        4.454999710400876,
        197.85501840241747,
        -3.3099993295821672
      ]
    }
  ]
}
