[09/08/26 02:54:01] INFO     Processing request of type            server.py:727
                             CallToolRequest                                    
[09/08/26 02:54:02] INFO     Processing request of type            server.py:727
                             ListToolsRequest                                   
{"status": "ok", "result": {"version": "5.2.1 LTS", "scene": "WonderForge \u2014 summit terrace stock racks.001", "file": "/Users/hina/Documents/Experience-Intelligence-Domain/wonderforge/artifacts/eiffel-summit-stock-2026-09-08/blender/eiffel-summit-stock.blend", "objects": 6817}}
                    INFO     Processing request of type            server.py:727
                             CallToolRequest                                    
{
  "status": "ok",
  "result": {
    "scene": "WonderForge \u2014 vertical paired cranes after Watson",
    "blend": "/Users/hina/Documents/Experience-Intelligence-Domain/wonderforge/artifacts/eiffel-summit-rigging-2026-09-08/blender/eiffel-vertical-pair.blend",
    "cranes": 2,
    "auxiliaryFrames": 3,
    "frameHeight": 3,
    "productionReady": false,
    "source": "Watson GPO1892 pp823\u2013824, Fig239 and PlateXVI",
    "limits": "Mechanism study only. No installed tower support, climbing lifecycle, load, rope or clearance admission."
  },
  "stdout": "02:54:03 | INFO: Starting glTF 2.0 export\n02:54:03 | INFO: Extracting primitive: guyenet-auxiliary-frame-0-edge\n02:54:03 | INFO: Primitives created: 1\n02:54:03 | INFO: Extracting primitive: guyenet-auxiliary-frame-0-iron\n02:54:03 | INFO: Primitives created: 1\n02:54:03 | INFO: Extracting primitive: guyenet-auxiliary-frame-1-edge\n02:54:03 | INFO: Primitives created: 1\n02:54:03 | INFO: Extracting primitive: guyenet-auxiliary-frame-1-iron\n02:54:03 | INFO: Primitives created: 1\n02:54:03 | INFO: Extracting primitive: guyenet-auxiliary-frame-2-edge\n02:54:03 | INFO: Primitives created: 1\n02:54:03 | INFO: Extracting primitive: guyenet-auxiliary-frame-2-iron\n02:54:03 | INFO: Primitives created: 1\n02:54:03 | INFO: Extracting primitive: guyenet-carriage-bronze.007\n02:54:03 | INFO: Primitives created: 1\n02:54:03 | INFO: Extracting primitive: guyenet-carriage-edge.007\n02:54:03 | INFO: Primitives created: 1\n02:54:03 | INFO: Extracting primitive: guyenet-carriage-iron.007\n02:54:03 | INFO: Primitives created: 1\n02:54:03 | INFO: Extracting primitive: guyenet-carriage-timber.007\n02:54:03 | INFO: Primitives created: 1\n02:54:03 | INFO: Extracting primitive: guyenet-haul-nut-bronze.006\n02:54:03 | INFO: Primitives created: 1\n02:54:03 | INFO: Extracting primitive: guyenet-haul-nut-iron.006\n02:54:03 | INFO: Primitives created: 1\n02:54:03 | INFO: Extracting primitive: guyenet-rail-skates-bronze.005\n02:54:03 | INFO: Primitives created: 1\n02:54:03 | INFO: Extracting primitive: guyenet-hoist-drum-bronze.003\n02:54:03 | INFO: Primitives created: 1\n02:54:03 | INFO: Extracting primitive: guyenet-hoist-drum-iron.003\n02:54:03 | INFO: Primitives created: 1\n02:54:03 | INFO: Extracting primitive: guyenet-jib-bronze.007\n02:54:03 | INFO: Primitives created: 1\n02:54:03 | INFO: Extracting primitive: guyenet-jib-edge.007\n02:54:03 | INFO: Primitives created: 1\n02:54:03 | INFO: Extracting primitive: guyenet-jib-iron.007\n02:54:03 | INFO: Primitives created: 1\n02:54:03 | INFO: Extracting primitive: guyenet-jib-rope.003\n02:54:03 | INFO: Primitives created: 1\n02:54:03 | INFO: Extracting primitive: guyenet-jib-steel.007\n02:54:03 | INFO: Primitives created: 1\n02:54:03 | INFO: Extracting primitive: guyenet-rotor-bronze.007\n02:54:03 | INFO: Primitives created: 1\n02:54:03 | INFO: Extracting primitive: guyenet-rotor-edge.007\n02:54:03 | INFO: Primitives created: 1\n02:54:03 | INFO: Extracting primitive: guyenet-rotor-iron.007\n02:54:03 | INFO: Primitives created: 1\n02:54:03 | INFO: Extracting primitive: guyenet-rotor-steel.007\n02:54:03 | INFO: Primitives created: 1\n02:54:03 | INFO: Extracting primitive: guyenet-slider-bronze.007\n02:54:03 | INFO: Primitives created: 1\n02:54:03 | INFO: Extracting primitive: guyenet-slider-iron.007\n02:54:03 | INFO: Primitives created: 1\n02:54:03 | INFO: Extracting primitive: guyenet-slider-steel.007\n02:54:03 | INFO: Primitives created: 1\n02:54:03 | INFO: Extracting primitive: guyenet-tie-bronze.014\n02:54:03 | INFO: Primitives created: 1\n02:54:03 | INFO: Extracting primitive: guyenet-tie-iron.014\n02:54:03 | INFO: Primitives created: 1\n02:54:03 | INFO: Extracting primitive: guyenet-tie-bronze.015\n02:54:03 | INFO: Primitives created: 1\n02:54:03 | INFO: Extracting primitive: guyenet-tie-iron.015\n02:54:03 | INFO: Primitives created: 1\n02:54:03 | INFO: Extracting primitive: guyenet-head-anchor-bronze.004\n02:54:03 | INFO: Primitives created: 1\n02:54:03 | INFO: Extracting primitive: guyenet-head-anchor-edge.007\n02:54:03 | INFO: Primitives created: 1\n02:54:03 | INFO: Extracting primitive: guyenet-head-anchor-iron.007\n02:54:03 | INFO: Primitives created: 1\n02:54:03 | INFO: Extracting primitive: guyenet-main-screw-edge.007\n02:54:03 | INFO: Primitives created: 1\n02:54:03 | INFO: Extracting primitive: guyenet-main-screw-steel.007\n02:54:03 | INFO: Primitives created: 1\n02:54:03 | INFO: Extracting primitive: guyenet-safety-base-bronze.004\n02:54:03 | INFO: Primitives created: 1\n02:54:03 | INFO: Extracting primitive: guyenet-safety-base-edge.007\n02:54:03 | INFO: Primitives created: 1\n02:54:03 | INFO: Extracting primitive: guyenet-safety-base-iron.007\n02:54:03 | INFO: Primitives created: 1\n02:54:03 | INFO: Extracting primitive: guyenet-safety-base-timber.007\n02:54:03 | INFO: Primitives created: 1\n02:54:03 | INFO: Extracting primitive: guyenet-safety-heads-bronze.007\n02:54:03 | INFO: Primitives created: 1\n02:54:03 | INFO: Extracting primitive: guyenet-safety-heads-steel.007\n02:54:03 | INFO: Primitives created: 1\n02:54:03 | INFO: Extracting primitive: guyenet-shared-vertical-guide-pillars-iron\n02:54:03 | INFO: Primitives created: 1\n02:54:03 | INFO: Finished glTF 2.0 export in 0.06931114196777344 s\n\nInfo: Saved as \"eiffel-vertical-pair.blend\"\n"
}
