{
  "checks": 4434046,
  "collisions": 22251,
  "disjointAtFinalCollisionSamples": 5489,
  "examples": [
    {
      "partId": "platform-1-0-01-m000-c004",
      "group": "platform",
      "stage": 23,
      "otherId": "platform-1-0-00-m000-c010",
      "otherStage": 23,
      "fraction": 0.2,
      "t": 0.3054678805970198,
      "phase": "hoist",
      "depth": 1.8748105348718571,
      "axis": [
        0,
        -1,
        0
      ],
      "center": [
        -27.15016222847987,
        58.50520539438061,
        -27.700000762939453
      ],
      "otherCenter": [
        -26.90999984741211,
        57.720001220703125,
        -27.700000762939453
      ],
      "pose": {
        "position": [
          -27.15016222847987,
          58.50520539438061,
          -27.700000762939453
        ],
        "quaternion": [
          0.6091887057242374,
          0,
          0,
          0.7930252964553076
        ]
      },
      "otherEnd": 0.3053805970149302,
      "finalPenetration": 0
    },
    {
      "partId": "beacon-window-12-m002-c000",
      "group": "lantern",
      "stage": 61,
      "otherId": "beacon-window-04-m002-c000",
      "otherStage": 61,
      "fraction": 0.2,
      "t": 0.8667206841834902,
      "phase": "hoist",
      "depth": 0.8088028339810636,
      "axis": [
        -0.9987602877587772,
        -4.076182486399056e-9,
        -0.04977838482719382
      ],
      "center": [
        -0.46523087302881005,
        296.98775570237825,
        2.3388734790033796
      ],
      "otherCenter": [
        -0.4370023310184479,
        296.6700134277344,
        2.1969590187072754
      ],
      "pose": {
        "position": [
          -0.46523087302881005,
          296.98775570237825,
          2.3388734790033796
        ],
        "quaternion": [
          -0.3204965079727764,
          -0.03156611840996138,
          -0.03156611840996138,
          0.946197203924379
        ]
      },
      "otherEnd": 0.8655851449159988,
      "finalPenetration": 0
    },
    {
      "partId": "lower-ne-00-m035-c001",
      "group": "leg",
      "stage": 1,
      "otherId": "foundation-ne-3-m001-c000",
      "otherStage": 0.72,
      "fraction": 0.2,
      "t": 0.06590297832890574,
      "phase": "hoist",
      "depth": 0.7179060629187936,
      "axis": [
        -2.0774899212481115e-16,
        0.3530133532081816,
        0.9356182835198955
      ],
      "center": [
        42.25,
        2.909328006986728,
        -40.781971473675185
      ],
      "otherCenter": [
        41.42499923706055,
        3.5199999809265137,
        -41.01250076293945
      ],
      "pose": {
        "position": [
          42.25,
          2.909328006986728,
          -40.781971473675185
        ],
        "quaternion": [
          0.4307614256984437,
          0.4307614983193973,
          7.3721639014998066e-9,
          0.793025299530773
        ]
      },
      "otherEnd": 0.0573660714285714,
      "finalPenetration": 0
    },
    {
      "partId": "shaft-00-m029-c001",
      "group": "shaft",
      "stage": 35,
      "otherId": "platform-2-3-00-m000-c003",
      "otherStage": 34,
      "fraction": 0.2,
      "t": 0.4316274647602336,
      "phase": "hoist",
      "depth": 0.681089596043329,
      "axis": [
        -0.7281333942839672,
        -0.6854354529264655,
        -1.6167809186650557e-16
      ],
      "center": [
        -11.091286474075211,
        117.44832461789082,
        5.708323087128285
      ],
      "otherCenter": [
        -11.925000190734863,
        115.91999816894531,
        5.625
      ],
      "pose": {
        "position": [
          -11.091286474075211,
          117.44832461789082,
          5.708323087128285
        ],
        "quaternion": [
          -0.42388335687159157,
          -0.4242851411280161,
          -0.024538239308305836,
          0.7998142869422242
        ]
      },
      "otherEnd": 0.4267396739130428,
      "finalPenetration": 0
    },
    {
      "partId": "foundation-se-0-m000-c012",
      "group": "foundation",
      "stage": 0.288,
      "otherId": "foundation-se-2-m000-c031",
      "otherStage": 0.144,
      "fraction": 0.2,
      "t": 0.045741071428571395,
      "phase": "haul",
      "depth": 0.6000000357627869,
      "axis": [
        0,
        1,
        0
      ],
      "center": [
        61.18645438948529,
        0.9200000047683716,
        59.803826356939865
      ],
      "otherCenter": [
        61.625,
        0.9599999785423279,
        60.3125
      ],
      "pose": {
        "position": [
          61.18645438948529,
          0.9200000047683716,
          59.803826356939865
        ],
        "quaternion": [
          0,
          0,
          0,
          1
        ]
      },
      "otherEnd": 0.042232142857142815,
      "finalPenetration": 0
    },
    {
      "partId": "arch-3-14-m000-c000",
      "group": "arch",
      "stage": 19,
      "otherId": "lower-sw-07-m000-c001",
      "otherStage": 8,
      "fraction": 0.4,
      "t": 0.2520619078832529,
      "phase": "transfer",
      "depth": 0.5631688454378588,
      "axis": [
        -0.925959329680981,
        0.3776230849972493,
        0.000354194732784944
      ],
      "center": [
        -34.960149575672524,
        49.360623968447825,
        23.83679744058327
      ],
      "otherCenter": [
        -34.5,
        50.5,
        22.299999237060547
      ],
      "pose": {
        "position": [
          -34.960149575672524,
          49.360623968447825,
          23.83679744058327
        ],
        "quaternion": [
          0.06265197507531602,
          -0.15275568804744796,
          0.7043257145725487,
          0.6904098185716809
        ]
      },
      "otherEnd": 0.14077353575910265,
      "finalPenetration": 0
    }
  ],
  "geometryChecks": [
    {
      "partId": "arch-3-14-m000-c000",
      "positionCount": 24,
      "indexCount": 36,
      "cornerCount": 8,
      "maxCornerResidual": 7.771829806380026e-7
    },
    {
      "partId": "beacon-window-04-m002-c000",
      "positionCount": 24,
      "indexCount": 36,
      "cornerCount": 8,
      "maxCornerResidual": 1.3014809915196102e-7
    },
    {
      "partId": "beacon-window-12-m002-c000",
      "positionCount": 24,
      "indexCount": 36,
      "cornerCount": 8,
      "maxCornerResidual": 1.4360470391994173e-7
    },
    {
      "partId": "foundation-ne-3-m001-c000",
      "positionCount": 24,
      "indexCount": 36,
      "cornerCount": 8,
      "maxCornerResidual": 3.3306690738754696e-16
    },
    {
      "partId": "foundation-se-0-m000-c012",
      "positionCount": 24,
      "indexCount": 36,
      "cornerCount": 8,
      "maxCornerResidual": 1.1920928966180355e-8
    },
    {
      "partId": "foundation-se-2-m000-c031",
      "positionCount": 24,
      "indexCount": 36,
      "cornerCount": 8,
      "maxCornerResidual": 1.1920928966180355e-8
    },
    {
      "partId": "lower-ne-00-m035-c001",
      "positionCount": 24,
      "indexCount": 36,
      "cornerCount": 8,
      "maxCornerResidual": 2.835719892235744e-7
    },
    {
      "partId": "lower-sw-07-m000-c001",
      "positionCount": 24,
      "indexCount": 36,
      "cornerCount": 8,
      "maxCornerResidual": 1.022579056986217e-7
    },
    {
      "partId": "platform-1-0-00-m000-c010",
      "positionCount": 24,
      "indexCount": 36,
      "cornerCount": 8,
      "maxCornerResidual": 7.695395822793216e-7
    },
    {
      "partId": "platform-1-0-01-m000-c004",
      "positionCount": 24,
      "indexCount": 36,
      "cornerCount": 8,
      "maxCornerResidual": 7.695395822793216e-7
    },
    {
      "partId": "platform-2-3-00-m000-c003",
      "positionCount": 24,
      "indexCount": 36,
      "cornerCount": 8,
      "maxCornerResidual": 8.881784197001252e-16
    },
    {
      "partId": "shaft-00-m029-c001",
      "positionCount": 24,
      "indexCount": 36,
      "cornerCount": 8,
      "maxCornerResidual": 2.534941391379997e-7
    }
  ]
}
SUPPORT {
  "receiverCollisionCount": 5068,
  "receiverHits": [
    {
      "partId": "platform-1-0-01-m000-c002",
      "otherId": "arch-0-14-m011-c000",
      "t": 0.3054569701492586,
      "receiver": {
        "center": [
          -15.106064989516305,
          51.48577266249328,
          -31.233506218656217
        ],
        "size": [
          2.839999961853027,
          0.3,
          5.433333396911621
        ],
        "saddles": [
          [
            -22.189614502878136,
            51.335772662493284,
            -32.62539959073308
          ],
          [
            -22.289559680288708,
            51.03361275942917,
            -32.11676381289922
          ]
        ]
      },
      "depth": 1.317370048089011,
      "axis": [
        0,
        5.960464477539073e-8,
        0.9999999999999982
      ],
      "otherEnd": 0.2620708631892749
    },
    {
      "partId": "platform-1-0-04-m000-c014",
      "otherId": "arch-0-09-m011-c000",
      "t": 0.3064752786069704,
      "receiver": {
        "center": [
          15.106064989516305,
          51.48577266249328,
          -31.233506218656217
        ],
        "size": [
          2.839999961853027,
          0.3,
          5.433333396911621
        ],
        "saddles": [
          [
            22.189614502878136,
            51.335772662493284,
            -32.62539959073308
          ],
          [
            22.289559680288708,
            51.03361275942917,
            -32.11676381289923
          ]
        ]
      },
      "depth": 1.317370048089011,
      "axis": [
        0,
        5.960464477539073e-8,
        0.9999999999999982
      ],
      "otherEnd": 0.2620708631892749
    },
    {
      "partId": "platform-1-2-04-m000-c000",
      "otherId": "arch-2-09-m011-c000",
      "t": 0.30887557711443386,
      "receiver": {
        "center": [
          -15.106064998438251,
          51.48577105576782,
          31.233506173251122
        ],
        "size": [
          2.839999961853027,
          0.3,
          5.433333396911621
        ],
        "saddles": [
          [
            -22.18961480796693,
            51.33577105576782,
            32.62539965041466
          ],
          [
            -22.289560023395094,
            51.03361130791277,
            32.11676378784774
          ]
        ]
      },
      "depth": 1.3173699906459253,
      "axis": [
        0,
        5.960464477539073e-8,
        0.9999999999999982
      ],
      "otherEnd": 0.2623687487638589
    }
  ],
  "unattachedLowerCount": 22520,
  "unattachedLower": [
    {
      "partId": "lower-se-00-m021-c001",
      "tip": [
        53.24531555175781,
        4.159999996423721,
        63.48322954924472
      ],
      "upper": [
        53.24531555175781,
        4.159999996423721,
        60.59000000357628
      ],
      "lower": [
        53.24531555175781,
        3.6099999964237215,
        60.59000000357628
      ],
      "supportPartId": "lower-se-00-m034-c001",
      "extension": 2.89322954566844
    },
    {
      "partId": "lower-se-00-m021-c001",
      "tip": [
        53.24531555175781,
        4.159999996423721,
        63.48322954924472
      ],
      "upper": [
        53.845315551757814,
        4.159999996423721,
        60.59000000357628
      ],
      "lower": [
        53.845315551757814,
        3.6099999964237215,
        60.59000000357628
      ],
      "supportPartId": "lower-se-00-m034-c001",
      "extension": 2.89322954566844
    }
  ]
}
