{
  "considered": 778,
  "covered": 296,
  "campaigns": 220,
  "lengths": [
    1,
    1,
    1,
    1,
    1,
    1,
    1,
    3,
    1,
    1,
    1,
    1,
    1,
    1,
    1,
    1,
    1,
    1,
    1,
    2,
    1,
    1,
    2,
    1,
    1,
    1,
    1,
    1,
    1,
    1,
    1,
    1,
    1,
    1,
    1,
    1,
    1,
    1,
    1,
    1,
    1,
    1,
    1,
    1,
    1,
    1,
    1,
    1,
    1,
    1,
    1,
    1,
    1,
    1,
    1,
    1,
    1,
    1,
    2,
    1,
    1,
    2,
    1,
    1,
    1,
    2,
    1,
    1,
    1,
    1,
    3,
    2,
    2,
    2,
    3,
    1,
    1,
    1,
    1,
    1,
    1,
    1,
    1,
    3,
    1,
    1,
    1,
    1,
    1,
    1,
    1,
    2,
    1,
    1,
    2,
    1,
    1,
    2,
    1,
    1,
    1,
    1,
    1,
    3,
    2,
    3,
    2,
    1,
    1,
    2,
    1,
    1,
    1,
    1,
    1,
    1,
    1,
    1,
    1,
    2,
    2,
    1,
    1,
    1,
    2,
    1,
    1,
    1,
    3,
    3,
    3,
    1,
    1,
    1,
    2,
    1,
    2,
    2,
    1,
    1,
    1,
    1,
    1,
    2,
    2,
    1,
    1,
    2,
    2,
    1,
    1,
    1,
    2,
    2,
    3,
    1,
    2,
    2,
    2,
    1,
    1,
    1,
    1,
    1,
    1,
    1,
    1,
    2,
    2,
    1,
    1,
    1,
    1,
    1,
    2,
    2,
    3,
    1,
    1,
    2,
    2,
    1,
    1,
    1,
    1,
    1,
    1,
    1,
    1,
    1,
    2,
    1,
    1,
    1,
    1,
    2,
    2,
    3,
    1,
    1,
    4,
    1,
    1,
    1,
    1,
    1,
    1,
    1,
    2,
    2,
    3,
    3,
    4,
    1,
    1,
    1,
    1,
    1,
    1,
    3
  ],
  "diagnostics": {
    "seed:no-clear-receiver-and-route": 1667,
    "seed:mast-occupied": 135,
    "reuse:crane-reach-or-headroom": 154,
    "reuse:receiver-too-small": 50,
    "reused-fixed-station": 76,
    "seed:receiver-too-small": 38,
    "seed:bracket-occupied": 137,
    "seed:support-not-completed": 3,
    "reuse:cargo-hits-campaign-equipment": 4,
    "reuse:cargo-hits-completed-iron": 11,
    "seed:cargo-hits-completed-iron": 1,
    "seed:cargo-hits-campaign-equipment": 1
  },
  "elapsedMilliseconds": 31624.80225
}
