{
  "scope": "Exact vertical sweep of a .52 x .56 x 1.12 m independent package envelope after both beams are seated. This is space planning only; no packing, sling, crane, transfer, delivery or worker admission.",
  "includesCarrierFrame": true,
  "carrierEnds": [
    -1.6,
    0.9
  ],
  "sourceCarrierSHA256": "d3b3a6070925009191927faf09ec0dadee1b7191c7c7f69e389562315c21bf21",
  "step": 0.1,
  "productionAdmitted": false,
  "reports": [
    {
      "offset": 0.4,
      "samples": 0,
      "findings": [],
      "groundHoistSweeps": [
        {
          "dx": -1,
          "dz": -1,
          "hits": [
            {
              "piece": "independent-package-envelope",
              "fixed": "lower-ne-02-m012-c000",
              "depth": 0.3661095460351973
            },
            {
              "piece": "independent-package-envelope",
              "fixed": "frame-2-3-5.2-1-piece-0",
              "depth": 0.13187843927321552
            },
            {
              "piece": "independent-package-envelope",
              "fixed": "frame-2-3-10.4-1-piece-0",
              "depth": 0.13187843927321552
            },
            {
              "piece": "independent-package-envelope",
              "fixed": "frame-2-3-15.6-1-piece-0",
              "depth": 0.13187843927321552
            },
            {
              "piece": "independent-package-envelope",
              "fixed": "brace-2-3-0-1-piece-0",
              "depth": 0.10187843927322149
            },
            {
              "piece": "independent-package-envelope",
              "fixed": "brace-back-2-3-0-0-piece-0",
              "depth": 0.10187843927322149
            },
            {
              "piece": "independent-package-envelope",
              "fixed": "brace-2-3-1-1-piece-0",
              "depth": 0.10187843927322149
            },
            {
              "piece": "independent-package-envelope",
              "fixed": "brace-back-2-3-1-0-piece-0",
              "depth": 0.10187843927322149
            },
            {
              "piece": "independent-package-envelope",
              "fixed": "brace-2-3-2-1-piece-0",
              "depth": 0.10187843927322149
            },
            {
              "piece": "independent-package-envelope",
              "fixed": "brace-back-2-3-2-0-piece-0",
              "depth": 0.10187843927322149
            },
            {
              "piece": "independent-package-envelope",
              "fixed": "lower-ne-02-m012-c001",
              "depth": 0.07068984816375701
            }
          ]
        },
        {
          "dx": -1,
          "dz": -0.5,
          "hits": [
            {
              "piece": "independent-package-envelope",
              "fixed": "lower-ne-02-m012-c000",
              "depth": 0.3266359100306153
            },
            {
              "piece": "independent-package-envelope",
              "fixed": "frame-2-3-5.2-1-piece-0",
              "depth": 0.13187843927321552
            },
            {
              "piece": "independent-package-envelope",
              "fixed": "frame-2-3-10.4-1-piece-0",
              "depth": 0.13187843927321552
            },
            {
              "piece": "independent-package-envelope",
              "fixed": "frame-2-3-15.6-1-piece-0",
              "depth": 0.13187843927321552
            },
            {
              "piece": "independent-package-envelope",
              "fixed": "brace-2-3-0-1-piece-0",
              "depth": 0.10187843927322149
            },
            {
              "piece": "independent-package-envelope",
              "fixed": "brace-back-2-3-0-0-piece-0",
              "depth": 0.05532018626851244
            },
            {
              "piece": "independent-package-envelope",
              "fixed": "brace-2-3-1-1-piece-0",
              "depth": 0.10187843927322149
            },
            {
              "piece": "independent-package-envelope",
              "fixed": "brace-back-2-3-1-0-piece-0",
              "depth": 0.10187843927322149
            },
            {
              "piece": "independent-package-envelope",
              "fixed": "brace-2-3-2-1-piece-0",
              "depth": 0.10187843927322149
            },
            {
              "piece": "independent-package-envelope",
              "fixed": "brace-back-2-3-2-0-piece-0",
              "depth": 0.10187843927322149
            },
            {
              "piece": "independent-package-envelope",
              "fixed": "lower-ne-02-m012-c001",
              "depth": 0.30882795114720424
            }
          ]
        },
        {
          "dx": -1,
          "dz": 0,
          "hits": [
            {
              "piece": "independent-package-envelope",
              "fixed": "lower-ne-02-m010-c001",
              "depth": 0.054680116148944524
            },
            {
              "piece": "independent-package-envelope",
              "fixed": "lower-ne-02-m012-c000",
              "depth": 0.06692278126054757
            },
            {
              "piece": "independent-package-envelope",
              "fixed": "frame-2-3-5.2-1-piece-0",
              "depth": 0.13187843927321552
            },
            {
              "piece": "independent-package-envelope",
              "fixed": "frame-2-3-10.4-1-piece-0",
              "depth": 0.13187843927321552
            },
            {
              "piece": "independent-package-envelope",
              "fixed": "frame-2-3-15.6-1-piece-0",
              "depth": 0.13187843927321552
            },
            {
              "piece": "independent-package-envelope",
              "fixed": "brace-2-3-0-1-piece-0",
              "depth": 0.10187843927322149
            },
            {
              "piece": "independent-package-envelope",
              "fixed": "brace-back-2-3-0-0-piece-0",
              "depth": 0.0035936449365845807
            },
            {
              "piece": "independent-package-envelope",
              "fixed": "brace-2-3-1-1-piece-0",
              "depth": 0.10187843927322149
            },
            {
              "piece": "independent-package-envelope",
              "fixed": "brace-back-2-3-1-0-piece-0",
              "depth": 0.10187843927322149
            },
            {
              "piece": "independent-package-envelope",
              "fixed": "brace-2-3-2-1-piece-0",
              "depth": 0.10187843927322149
            },
            {
              "piece": "independent-package-envelope",
              "fixed": "brace-back-2-3-2-0-piece-0",
              "depth": 0.10187843927322149
            },
            {
              "piece": "independent-package-envelope",
              "fixed": "east-saddle",
              "depth": 0.0034410491618441785
            },
            {
              "piece": "independent-package-envelope",
              "fixed": "lower-ne-02-m012-c001",
              "depth": 0.36109218278103095
            }
          ]
        },
        {
          "dx": -1,
          "dz": 0.5,
          "hits": [
            {
              "piece": "independent-package-envelope",
              "fixed": "lower-ne-02-m010-c001",
              "depth": 0.14810615878591038
            },
            {
              "piece": "independent-package-envelope",
              "fixed": "lower-ne-02-m011-c001",
              "depth": 0.04843382211853264
            },
            {
              "piece": "independent-package-envelope",
              "fixed": "post-3-0-piece-0",
              "depth": 0.15305423422413125
            },
            {
              "piece": "independent-package-envelope",
              "fixed": "post-3-1-piece-0",
              "depth": 0.15305423422413125
            },
            {
              "piece": "independent-package-envelope",
              "fixed": "post-3-2-piece-0",
              "depth": 0.15305423422413125
            },
            {
              "piece": "independent-package-envelope",
              "fixed": "frame-1-3-5.2-1-piece-0",
              "depth": 0.0007400960208619606
            },
            {
              "piece": "independent-package-envelope",
              "fixed": "frame-1-3-10.4-1-piece-0",
              "depth": 0.0007400960208619606
            },
            {
              "piece": "independent-package-envelope",
              "fixed": "frame-1-3-15.6-1-piece-0",
              "depth": 0.0007400960208619606
            },
            {
              "piece": "independent-package-envelope",
              "fixed": "brace-1-3-0-1-piece-0",
              "depth": 0.050050461601557183
            },
            {
              "piece": "independent-package-envelope",
              "fixed": "brace-1-3-1-1-piece-0",
              "depth": 0.050050461601557183
            },
            {
              "piece": "independent-package-envelope",
              "fixed": "brace-back-1-3-1-0-piece-0",
              "depth": 0.050050461601557183
            },
            {
              "piece": "independent-package-envelope",
              "fixed": "brace-1-3-2-1-piece-0",
              "depth": 0.050050461601557183
            },
            {
              "piece": "independent-package-envelope",
              "fixed": "brace-back-1-3-2-0-piece-0",
              "depth": 0.050050461601557183
            },
            {
              "piece": "independent-package-envelope",
              "fixed": "frame-2-3-5.2-1-piece-0",
              "depth": 0.10753930787293406
            },
            {
              "piece": "independent-package-envelope",
              "fixed": "frame-2-3-10.4-1-piece-0",
              "depth": 0.10753930787293406
            },
            {
              "piece": "independent-package-envelope",
              "fixed": "frame-2-3-15.6-1-piece-0",
              "depth": 0.10753930787293406
            },
            {
              "piece": "independent-package-envelope",
              "fixed": "brace-2-3-0-1-piece-0",
              "depth": 0.08321597080277893
            },
            {
              "piece": "independent-package-envelope",
              "fixed": "brace-2-3-1-1-piece-0",
              "depth": 0.08321597080277893
            },
            {
              "piece": "independent-package-envelope",
              "fixed": "brace-back-2-3-1-0-piece-0",
              "depth": 0.08321597080277893
            },
            {
              "piece": "independent-package-envelope",
              "fixed": "brace-2-3-2-1-piece-0",
              "depth": 0.08321597080277893
            },
            {
              "piece": "independent-package-envelope",
              "fixed": "brace-back-2-3-2-0-piece-0",
              "depth": 0.08321597080277893
            },
            {
              "piece": "independent-package-envelope",
              "fixed": "frame-5-3-5.2-0-piece-0",
              "depth": 0.04290815200111886
            },
            {
              "piece": "independent-package-envelope",
              "fixed": "frame-5-3-10.4-0-piece-0",
              "depth": 0.04290815200111886
            },
            {
              "piece": "independent-package-envelope",
              "fixed": "frame-5-3-15.6-0-piece-0",
              "depth": 0.04290815200111886
            },
            {
              "piece": "independent-package-envelope",
              "fixed": "brace-5-3-0-1-piece-0",
              "depth": 0.08576828232021345
            },
            {
              "piece": "independent-package-envelope",
              "fixed": "brace-5-3-1-1-piece-0",
              "depth": 0.08576828232021345
            },
            {
              "piece": "independent-package-envelope",
              "fixed": "brace-back-5-3-1-0-piece-0",
              "depth": 0.08576828232021345
            },
            {
              "piece": "independent-package-envelope",
              "fixed": "brace-5-3-2-1-piece-0",
              "depth": 0.08576828232021345
            },
            {
              "piece": "independent-package-envelope",
              "fixed": "brace-back-5-3-2-0-piece-0",
              "depth": 0.08576828232021345
            },
            {
              "piece": "independent-package-envelope",
              "fixed": "east-raker",
              "depth": 0.1120532182108522
            },
            {
              "piece": "independent-package-envelope",
              "fixed": "east-cross-raker",
              "depth": 0.08189536363776986
            },
            {
              "piece": "independent-package-envelope",
              "fixed": "east-saddle",
              "depth": 0.2618784392732181
            },
            {
              "piece": "independent-package-envelope",
              "fixed": "lower-ne-02-m012-c001",
              "depth": 0.3661095460351973
            }
          ]
        },
        {
          "dx": -1,
          "dz": 1,
          "hits": [
            {
              "piece": "independent-package-envelope",
              "fixed": "lower-ne-02-m010-c001",
              "depth": 0.24153220142287624
            },
            {
              "piece": "independent-package-envelope",
              "fixed": "lower-ne-02-m011-c001",
              "depth": 0.18552012465723977
            },
            {
              "piece": "independent-package-envelope",
              "fixed": "post-3-0-piece-0",
              "depth": 0.10079000259030454
            },
            {
              "piece": "independent-package-envelope",
              "fixed": "post-3-1-piece-0",
              "depth": 0.10079000259030454
            },
            {
              "piece": "independent-package-envelope",
              "fixed": "post-3-2-piece-0",
              "depth": 0.10079000259030454
            },
            {
              "piece": "independent-package-envelope",
              "fixed": "frame-2-3-5.2-1-piece-0",
              "depth": 0.05527507623910734
            },
            {
              "piece": "independent-package-envelope",
              "fixed": "frame-2-3-10.4-1-piece-0",
              "depth": 0.05527507623910734
            },
            {
              "piece": "independent-package-envelope",
              "fixed": "frame-2-3-15.6-1-piece-0",
              "depth": 0.05527507623910734
            },
            {
              "piece": "independent-package-envelope",
              "fixed": "brace-2-3-0-1-piece-0",
              "depth": 0.030951739168952205
            },
            {
              "piece": "independent-package-envelope",
              "fixed": "brace-2-3-1-1-piece-0",
              "depth": 0.030951739168952205
            },
            {
              "piece": "independent-package-envelope",
              "fixed": "brace-back-2-3-1-0-piece-0",
              "depth": 0.030951739168952205
            },
            {
              "piece": "independent-package-envelope",
              "fixed": "brace-2-3-2-1-piece-0",
              "depth": 0.030951739168952205
            },
            {
              "piece": "independent-package-envelope",
              "fixed": "brace-back-2-3-2-0-piece-0",
              "depth": 0.030951739168952205
            },
            {
              "piece": "independent-package-envelope",
              "fixed": "brace-5-3-0-1-piece-0",
              "depth": 0.03350405068638672
            },
            {
              "piece": "independent-package-envelope",
              "fixed": "brace-5-3-1-1-piece-0",
              "depth": 0.03350405068638672
            },
            {
              "piece": "independent-package-envelope",
              "fixed": "brace-back-5-3-1-0-piece-0",
              "depth": 0.03350405068638672
            },
            {
              "piece": "independent-package-envelope",
              "fixed": "brace-5-3-2-1-piece-0",
              "depth": 0.03350405068638672
            },
            {
              "piece": "independent-package-envelope",
              "fixed": "brace-back-5-3-2-0-piece-0",
              "depth": 0.03350405068638672
            },
            {
              "piece": "independent-package-envelope",
              "fixed": "east-raker",
              "depth": 0.09033460607269841
            },
            {
              "piece": "independent-package-envelope",
              "fixed": "east-cross-raker",
              "depth": 0.029631132003943142
            },
            {
              "piece": "independent-package-envelope",
              "fixed": "east-saddle",
              "depth": 0.21069503845389875
            },
            {
              "piece": "independent-package-envelope",
              "fixed": "lower-ne-02-m012-c001",
              "depth": 0.3661095460351973
            }
          ]
        },
        {
          "dx": -0.5,
          "dz": -1,
          "hits": [
            {
              "piece": "independent-package-envelope",
              "fixed": "lower-ne-02-m010-c001",
              "depth": 0.3590220603146997
            }
          ]
        },
        {
          "dx": -0.5,
          "dz": -0.5,
          "hits": [
            {
              "piece": "independent-package-envelope",
              "fixed": "lower-ne-02-m010-c001",
              "depth": 0.4288694562634512
            }
          ]
        },
        {
          "dx": -0.5,
          "dz": 0,
          "hits": [
            {
              "piece": "independent-package-envelope",
              "fixed": "lower-ne-02-m010-c001",
              "depth": 0.33544341362648533
            }
          ]
        },
        {
          "dx": -0.5,
          "dz": 0.5,
          "hits": [
            {
              "piece": "independent-package-envelope",
              "fixed": "lower-ne-02-m010-c001",
              "depth": 0.2420173709895195
            }
          ]
        },
        {
          "dx": -0.5,
          "dz": 1,
          "hits": [
            {
              "piece": "independent-package-envelope",
              "fixed": "lower-ne-02-m010-c001",
              "depth": 0.1485913283525537
            }
          ]
        },
        {
          "dx": 0,
          "dz": -1,
          "hits": [
            {
              "piece": "independent-package-envelope",
              "fixed": "lower-ne-02-m010-c001",
              "depth": 0.031101469460730224
            },
            {
              "piece": "independent-package-envelope",
              "fixed": "lower-ne-02-m013-c001",
              "depth": 0.12656398274881275
            }
          ]
        },
        {
          "dx": 0,
          "dz": -0.5,
          "hits": [
            {
              "piece": "independent-package-envelope",
              "fixed": "lower-ne-02-m013-c001",
              "depth": 0.17750011860077847
            }
          ]
        },
        {
          "dx": 0,
          "dz": 0,
          "hits": [
            {
              "piece": "independent-package-envelope",
              "fixed": "lower-ne-02-m013-c001",
              "depth": 0.22843625445274424
            }
          ]
        },
        {
          "dx": 0,
          "dz": 0.5,
          "hits": [
            {
              "piece": "independent-package-envelope",
              "fixed": "lower-ne-02-m013-c001",
              "depth": 0.27937239030470995
            }
          ]
        },
        {
          "dx": 0,
          "dz": 1,
          "hits": [
            {
              "piece": "independent-package-envelope",
              "fixed": "lower-ne-02-m013-c001",
              "depth": 0.2973475547426101
            },
            {
              "piece": "independent-package-envelope",
              "fixed": "lower-ne-02-m013-c002",
              "depth": 0.2542810524323431
            }
          ]
        },
        {
          "dx": 0.5,
          "dz": -1,
          "hits": [
            {
              "piece": "independent-package-envelope",
              "fixed": "lower-ne-01-m009-c001",
              "depth": 0.0573440676030188
            },
            {
              "piece": "independent-package-envelope",
              "fixed": "lower-ne-02-m013-c001",
              "depth": 0.004326344442475066
            }
          ]
        },
        {
          "dx": 0.5,
          "dz": -0.5,
          "hits": [
            {
              "piece": "independent-package-envelope",
              "fixed": "lower-ne-01-m009-c001",
              "depth": 0.0573440676030188
            }
          ]
        },
        {
          "dx": 0.5,
          "dz": 0,
          "hits": [
            {
              "piece": "independent-package-envelope",
              "fixed": "lower-ne-01-m009-c001",
              "depth": 0.0573440676030188
            }
          ]
        },
        {
          "dx": 0.5,
          "dz": 0.5,
          "hits": [
            {
              "piece": "independent-package-envelope",
              "fixed": "lower-ne-01-m009-c001",
              "depth": 0.0573440676030188
            }
          ]
        },
        {
          "dx": 0.5,
          "dz": 1,
          "hits": [
            {
              "piece": "independent-package-envelope",
              "fixed": "lower-ne-01-m009-c001",
              "depth": 0.0573440676030188
            }
          ]
        },
        {
          "dx": 1,
          "dz": -1,
          "hits": [
            {
              "piece": "independent-package-envelope",
              "fixed": "lower-ne-01-m009-c001",
              "depth": 0.34687920757708923
            }
          ]
        },
        {
          "dx": 1,
          "dz": -0.5,
          "hits": [
            {
              "piece": "independent-package-envelope",
              "fixed": "lower-ne-01-m009-c001",
              "depth": 0.34687920757708923
            }
          ]
        },
        {
          "dx": 1,
          "dz": 0,
          "hits": [
            {
              "piece": "independent-package-envelope",
              "fixed": "lower-ne-01-m009-c001",
              "depth": 0.34687920757708923
            }
          ]
        },
        {
          "dx": 1,
          "dz": 0.5,
          "hits": [
            {
              "piece": "independent-package-envelope",
              "fixed": "lower-ne-01-m009-c001",
              "depth": 0.34687920757708923
            }
          ]
        },
        {
          "dx": 1,
          "dz": 1,
          "hits": [
            {
              "piece": "independent-package-envelope",
              "fixed": "lower-ne-01-m009-c001",
              "depth": 0.34687920757708923
            }
          ]
        },
        {
          "dx": 1.5,
          "dz": -1,
          "hits": []
        },
        {
          "dx": 1.5,
          "dz": -0.5,
          "hits": []
        },
        {
          "dx": 1.5,
          "dz": 0,
          "hits": [
            {
              "piece": "independent-package-envelope",
              "fixed": "lower-ne-01-m014-c001",
              "depth": 0.012471067286617177
            },
            {
              "piece": "independent-package-envelope",
              "fixed": "lower-ne-01-m014-c002",
              "depth": 0.01155995530673859
            }
          ]
        },
        {
          "dx": 1.5,
          "dz": 0.5,
          "hits": [
            {
              "piece": "independent-package-envelope",
              "fixed": "lower-ne-01-m014-c002",
              "depth": 0.06219289338232037
            }
          ]
        },
        {
          "dx": 1.5,
          "dz": 1,
          "hits": [
            {
              "piece": "independent-package-envelope",
              "fixed": "lower-ne-01-m014-c002",
              "depth": 0.11191217155276834
            }
          ]
        },
        {
          "dx": 2,
          "dz": -1,
          "hits": [
            {
              "piece": "independent-package-envelope",
              "fixed": "lower-ne-01-m014-c001",
              "depth": 0.22046940294734155
            }
          ]
        },
        {
          "dx": 2,
          "dz": -0.5,
          "hits": [
            {
              "piece": "independent-package-envelope",
              "fixed": "lower-ne-01-m014-c001",
              "depth": 0.16882857603228543
            },
            {
              "piece": "independent-package-envelope",
              "fixed": "lower-ne-01-m014-c002",
              "depth": 0.17074757685163836
            }
          ]
        },
        {
          "dx": 2,
          "dz": 0,
          "hits": [
            {
              "piece": "independent-package-envelope",
              "fixed": "lower-ne-01-m014-c001",
              "depth": 0.11656434439845872
            },
            {
              "piece": "independent-package-envelope",
              "fixed": "lower-ne-01-m014-c002",
              "depth": 0.1210282986811904
            }
          ]
        },
        {
          "dx": 2,
          "dz": 0.5,
          "hits": [
            {
              "piece": "independent-package-envelope",
              "fixed": "lower-ne-01-m014-c002",
              "depth": 0.07130902051074246
            }
          ]
        },
        {
          "dx": 2,
          "dz": 1,
          "hits": [
            {
              "piece": "independent-package-envelope",
              "fixed": "lower-ne-01-m010-c002",
              "depth": 0.07485856232637811
            },
            {
              "piece": "independent-package-envelope",
              "fixed": "lower-ne-01-m014-c002",
              "depth": 0.021589742340294524
            }
          ]
        }
      ]
    }
  ]
}
