[09/08/26 03:07:38] INFO     Processing request of type            server.py:727
                             CallToolRequest                                    
                    INFO     Processing request of type            server.py:727
                             ListToolsRequest                                   
{"status": "ok", "result": {"version": "5.2.1 LTS", "scene": "WonderForge \u2014 vertical paired cranes after Watson", "file": "/Users/hina/Documents/Experience-Intelligence-Domain/wonderforge/artifacts/eiffel-summit-rigging-2026-09-08/blender/eiffel-vertical-pair.blend", "objects": 111}}
                    INFO     Processing request of type            server.py:727
                             CallToolRequest                                    
{
  "status": "ok",
  "result": {
    "scene": "WonderForge \u2014 supported 197m relay platform",
    "blend": "/Users/hina/Documents/Experience-Intelligence-Domain/wonderforge/artifacts/eiffel-relay-platform-2026-09-08/blender/eiffel-relay-platform.blend",
    "floorY": 197,
    "sourcePrisms": 144,
    "productionReady": false,
    "limits": [
      "Authored fitted collars, not rated anchor/bolt capacity.",
      "Erection, central guide support, winch mounting and cargo/rope lifecycle not admitted."
    ]
  },
  "stdout": "03:07:52 | INFO: Starting glTF 2.0 export\n03:07:52 | INFO: Extracting primitive: collar-0-0--1\n03:07:52 | INFO: Primitives created: 1\n03:07:52 | INFO: Finished glTF 2.0 export in 0.02752208709716797 s\n\n03:07:52 | INFO: Data are loaded, start creating Blender stuff\n03:07:52 | INFO: Blender create Mesh node linked-unit-beam-iron.006\n03:07:57 | INFO: Blender create Mesh node 1889-curved-beacon-cupola.003\n03:07:57 | INFO: Blender create Mesh node linked-unit-beam-deck.006\n03:07:58 | INFO: Blender create Mesh node linked-unit-beam-window.003\n03:07:59 | INFO: Blender create Mesh node linked-unit-beam-dark-iron.006\n03:07:59 | INFO: Blender create Mesh node linked-unit-beam-masonry.006\n03:08:06 | INFO: Blender create Mesh node linked-unit-beam-gold.006\n03:08:09 | INFO: Blender create Mesh node linked-unit-beam-roof.003\n03:08:10 | INFO: glTF import finished in 17.76s\nInfo: Saved as \"eiffel-relay-platform.blend\"\n"
}
