[09/08/26 09:41:43] INFO     Processing request of type            server.py:727
                             CallToolRequest                                    
                    INFO     Processing request of type            server.py:727
                             ListToolsRequest                                   
{"status": "ok", "result": {"version": "5.2.1 LTS", "scene": "WonderForge Paris 1889 \u2014 photograph-led Exposition.009", "file": "", "objects": 127}}
                    INFO     Processing request of type            server.py:727
                             CallToolRequest                                    
{
  "status": "ok",
  "result": {
    "savedSceneNames": [
      "bpy.data.scenes['WonderForge Paris 1889 \u2014 photograph-led Exposition.010']"
    ],
    "loadedScene": "WonderForge Paris 1889 \u2014 photograph-led Exposition.010",
    "meshObjects": 95,
    "sceneObjects": 127,
    "packedImages": 16,
    "blend": "/Users/hina/Documents/Experience-Intelligence-Domain/wonderforge/artifacts/paris-urban-blocks-2026-09-08/blender/paris-1889.blend",
    "render": "/Users/hina/Documents/Experience-Intelligence-Domain/wonderforge/artifacts/paris-urban-blocks-2026-09-08/renders/north-bank-blender.png"
  }
}
