[09/08/26 01:06:38] INFO     Processing request of type            server.py:727
                             CallToolRequest                                    
[09/08/26 01:06:39] INFO     Processing request of type            server.py:727
                             ListToolsRequest                                   
{"status": "ok", "result": {"version": "5.2.1 LTS", "scene": "WonderForge \u2014 independent package bridle", "file": "/Users/hina/Documents/Experience-Intelligence-Domain/wonderforge/artifacts/eiffel-face-package-2026-09-08/blender/eiffel-face-package-bridle.blend", "objects": 21}}
                    INFO     Processing request of type            server.py:727
                             CallToolRequest                                    
{
  "status": "ok",
  "result": {
    "scene": "WonderForge \u2014 supported face-package receiver",
    "blend": "/Users/hina/Documents/Experience-Intelligence-Domain/wonderforge/artifacts/eiffel-face-transfer-2026-09-08/blender/eiffel-face-receiver.blend",
    "sourceOccupancySHA256": "e673769437c86232d3fcadd0f18ae4447fec5eed3ff3d2472e3eaa936e2f3e4a",
    "productionAdmitted": false,
    "limits": [
      "Timber bearing geometry study. Fixings, rated strength, worker access and erection are not reconstructed.",
      "Hidden source prisms are retained for editing; exported joined mesh is the visible union."
    ]
  },
  "stdout": "01:06:40 | INFO: Starting glTF 2.0 export\n01:06:40 | INFO: Extracting primitive: receiver-knee-0\n01:06:40 | INFO: Primitives created: 1\n01:06:40 | INFO: Finished glTF 2.0 export in 0.020058870315551758 s\n\nInfo: Saved as \"eiffel-face-receiver.blend\"\n"
}
