0 [ 52, 18.488, -43.1 ] [
  [
    [ 48, 16.22, -44.5 ],
    [ 48.4, 16.22, -44.5 ],
    [ 48.8, 16.22, -44.5 ],
    [ 49.2, 16.22, -44.5 ],
    [ 49.6, 16.22, -44.5 ],
    [ 50, 16.22, -44.5 ],
    [ 50.4, 16.22, -44.5 ],
    [ 51, 16.22, -47 ],
    [ 51, 16.22, -46.6 ],
    [ 51, 16.22, -46.2 ],
    [ 51, 16.22, -45.8 ],
    [ 51, 16.22, -45.4 ],
    [ 51, 16.22, -45 ]
  ],
  [
    [ 48, 16.22, -44.5 ],
    [ 48.4, 16.22, -44.5 ],
    [ 48.8, 16.22, -44.5 ],
    [ 49.2, 16.22, -44.5 ],
    [ 49.6, 16.22, -44.5 ],
    [ 50, 16.22, -44.5 ],
    [ 50.4, 16.22, -44.5 ],
    [ 51, 16.22, -47 ],
    [ 51, 16.22, -46.6 ],
    [ 51, 16.22, -46.2 ],
    [ 51, 16.22, -45.8 ],
    [ 51, 16.22, -45.4 ],
    [ 51, 16.22, -45 ]
  ],
  [
    [ 48, 16.22, -44.5 ],
    [ 48.4, 16.22, -44.5 ],
    [ 48.8, 16.22, -44.5 ],
    [ 49.2, 16.22, -44.5 ],
    [ 49.6, 16.22, -44.5 ],
    [ 50, 16.22, -44.5 ],
    [ 50.4, 16.22, -44.5 ],
    [ 51, 16.22, -47 ],
    [ 51, 16.22, -46.6 ],
    [ 51, 16.22, -46.2 ],
    [ 51, 16.22, -45.8 ],
    [ 51, 16.22, -45.4 ],
    [ 51, 16.22, -45 ]
  ],
  [ [ 48, 16.22, -44.5 ], [ 48.4, 16.22, -44.5 ] ]
]
1 [ 52, 18.188, -43.4 ] [
  [
    [ 48, 16.22, -44.5 ],
    [ 48.4, 16.22, -44.5 ],
    [ 48.8, 16.22, -44.5 ],
    [ 49.2, 16.22, -44.5 ],
    [ 49.6, 16.22, -44.5 ],
    [ 50, 16.22, -44.5 ],
    [ 50.4, 16.22, -44.5 ],
    [ 51, 16.22, -47 ],
    [ 51, 16.22, -46.6 ],
    [ 51, 16.22, -46.2 ],
    [ 51, 16.22, -45.8 ],
    [ 51, 16.22, -45.4 ],
    [ 51, 16.22, -45 ]
  ],
  [
    [ 48, 16.22, -44.5 ],
    [ 48.4, 16.22, -44.5 ],
    [ 48.8, 16.22, -44.5 ],
    [ 49.2, 16.22, -44.5 ],
    [ 49.6, 16.22, -44.5 ],
    [ 50, 16.22, -44.5 ],
    [ 50.4, 16.22, -44.5 ],
    [ 51, 16.22, -47 ],
    [ 51, 16.22, -46.6 ],
    [ 51, 16.22, -46.2 ],
    [ 51, 16.22, -45.8 ],
    [ 51, 16.22, -45.4 ],
    [ 51, 16.22, -45 ]
  ],
  [ [ 48, 16.22, -44.5 ], [ 48.4, 16.22, -44.5 ] ],
  []
]
2 [ 52, 18.488, -43.4 ] [
  [
    [ 48, 16.22, -44.5 ],
    [ 48.4, 16.22, -44.5 ],
    [ 48.8, 16.22, -44.5 ],
    [ 49.2, 16.22, -44.5 ],
    [ 49.6, 16.22, -44.5 ],
    [ 50, 16.22, -44.5 ],
    [ 50.4, 16.22, -44.5 ],
    [ 51, 16.22, -47 ],
    [ 51, 16.22, -46.6 ],
    [ 51, 16.22, -46.2 ],
    [ 51, 16.22, -45.8 ],
    [ 51, 16.22, -45.4 ],
    [ 51, 16.22, -45 ]
  ],
  [
    [ 48, 16.22, -44.5 ],
    [ 48.4, 16.22, -44.5 ],
    [ 48.8, 16.22, -44.5 ],
    [ 49.2, 16.22, -44.5 ],
    [ 49.6, 16.22, -44.5 ],
    [ 50, 16.22, -44.5 ],
    [ 50.4, 16.22, -44.5 ],
    [ 51, 16.22, -47 ],
    [ 51, 16.22, -46.6 ],
    [ 51, 16.22, -46.2 ],
    [ 51, 16.22, -45.8 ],
    [ 51, 16.22, -45.4 ],
    [ 51, 16.22, -45 ]
  ],
  [
    [ 48, 16.22, -44.5 ],
    [ 48.4, 16.22, -44.5 ],
    [ 48.8, 16.22, -44.5 ],
    [ 49.2, 16.22, -44.5 ],
    [ 49.6, 16.22, -44.5 ],
    [ 50, 16.22, -44.5 ],
    [ 50.4, 16.22, -44.5 ],
    [ 51, 16.22, -47 ],
    [ 51, 16.22, -46.6 ],
    [ 51, 16.22, -46.2 ],
    [ 51, 16.22, -45.8 ],
    [ 51, 16.22, -45.4 ],
    [ 51, 16.22, -45 ]
  ],
  [
    [ 48, 16.22, -44.5 ],
    [ 48.4, 16.22, -44.5 ],
    [ 48.8, 16.22, -44.5 ],
    [ 49.2, 16.22, -44.5 ],
    [ 49.6, 16.22, -44.5 ]
  ]
]
3 [ 52, 18.488, -42.8 ] [
  [
    [ 48, 16.22, -44.5 ],
    [ 48.4, 16.22, -44.5 ],
    [ 48.8, 16.22, -44.5 ],
    [ 49.2, 16.22, -44.5 ],
    [ 49.6, 16.22, -44.5 ],
    [ 50, 16.22, -44.5 ],
    [ 50.4, 16.22, -44.5 ],
    [ 51, 16.22, -47 ],
    [ 51, 16.22, -46.6 ],
    [ 51, 16.22, -46.2 ],
    [ 51, 16.22, -45.8 ],
    [ 51, 16.22, -45.4 ],
    [ 51, 16.22, -45 ]
  ],
  [
    [ 48, 16.22, -44.5 ],
    [ 48.4, 16.22, -44.5 ],
    [ 48.8, 16.22, -44.5 ],
    [ 49.2, 16.22, -44.5 ],
    [ 49.6, 16.22, -44.5 ],
    [ 50, 16.22, -44.5 ],
    [ 50.4, 16.22, -44.5 ],
    [ 51, 16.22, -47 ],
    [ 51, 16.22, -46.6 ],
    [ 51, 16.22, -46.2 ],
    [ 51, 16.22, -45.8 ],
    [ 51, 16.22, -45.4 ],
    [ 51, 16.22, -45 ]
  ],
  [
    [ 48, 16.22, -44.5 ],
    [ 48.4, 16.22, -44.5 ],
    [ 48.8, 16.22, -44.5 ],
    [ 49.2, 16.22, -44.5 ],
    [ 49.6, 16.22, -44.5 ],
    [ 50, 16.22, -44.5 ],
    [ 50.4, 16.22, -44.5 ],
    [ 51, 16.22, -47 ],
    [ 51, 16.22, -46.6 ],
    [ 51, 16.22, -46.2 ],
    [ 51, 16.22, -45.8 ],
    [ 51, 16.22, -45.4 ]
  ],
  []
]
4 [ 52, 18.188, -43.7 ] [
  [
    [ 48, 16.22, -44.5 ],
    [ 48.4, 16.22, -44.5 ],
    [ 48.8, 16.22, -44.5 ],
    [ 49.2, 16.22, -44.5 ],
    [ 49.6, 16.22, -44.5 ],
    [ 50, 16.22, -44.5 ],
    [ 50.4, 16.22, -44.5 ],
    [ 51, 16.22, -47 ],
    [ 51, 16.22, -46.6 ],
    [ 51, 16.22, -46.2 ],
    [ 51, 16.22, -45.8 ],
    [ 51, 16.22, -45.4 ],
    [ 51, 16.22, -45 ]
  ],
  [
    [ 48, 16.22, -44.5 ],
    [ 48.4, 16.22, -44.5 ],
    [ 48.8, 16.22, -44.5 ],
    [ 49.2, 16.22, -44.5 ],
    [ 49.6, 16.22, -44.5 ],
    [ 50, 16.22, -44.5 ],
    [ 50.4, 16.22, -44.5 ],
    [ 51, 16.22, -47 ],
    [ 51, 16.22, -46.6 ],
    [ 51, 16.22, -46.2 ],
    [ 51, 16.22, -45.8 ],
    [ 51, 16.22, -45.4 ],
    [ 51, 16.22, -45 ]
  ],
  [
    [ 48, 16.22, -44.5 ],
    [ 48.4, 16.22, -44.5 ],
    [ 48.8, 16.22, -44.5 ],
    [ 49.2, 16.22, -44.5 ],
    [ 49.6, 16.22, -44.5 ],
    [ 50, 16.22, -44.5 ]
  ],
  []
]
5 [ 52, 18.488, -43.7 ] [
  [
    [ 48, 16.22, -44.5 ],
    [ 48.4, 16.22, -44.5 ],
    [ 48.8, 16.22, -44.5 ],
    [ 49.2, 16.22, -44.5 ],
    [ 49.6, 16.22, -44.5 ],
    [ 50, 16.22, -44.5 ],
    [ 50.4, 16.22, -44.5 ],
    [ 51, 16.22, -47 ],
    [ 51, 16.22, -46.6 ],
    [ 51, 16.22, -46.2 ],
    [ 51, 16.22, -45.8 ],
    [ 51, 16.22, -45.4 ],
    [ 51, 16.22, -45 ]
  ],
  [
    [ 48, 16.22, -44.5 ],
    [ 48.4, 16.22, -44.5 ],
    [ 48.8, 16.22, -44.5 ],
    [ 49.2, 16.22, -44.5 ],
    [ 49.6, 16.22, -44.5 ],
    [ 50, 16.22, -44.5 ],
    [ 50.4, 16.22, -44.5 ],
    [ 51, 16.22, -47 ],
    [ 51, 16.22, -46.6 ],
    [ 51, 16.22, -46.2 ],
    [ 51, 16.22, -45.8 ],
    [ 51, 16.22, -45.4 ],
    [ 51, 16.22, -45 ]
  ],
  [
    [ 48, 16.22, -44.5 ],
    [ 48.4, 16.22, -44.5 ],
    [ 48.8, 16.22, -44.5 ],
    [ 49.2, 16.22, -44.5 ],
    [ 49.6, 16.22, -44.5 ],
    [ 50, 16.22, -44.5 ],
    [ 50.4, 16.22, -44.5 ],
    [ 51, 16.22, -47 ],
    [ 51, 16.22, -46.6 ],
    [ 51, 16.22, -46.2 ],
    [ 51, 16.22, -45.8 ],
    [ 51, 16.22, -45.4 ],
    [ 51, 16.22, -45 ]
  ],
  [
    [ 48, 16.22, -44.5 ],
    [ 48.4, 16.22, -44.5 ],
    [ 48.8, 16.22, -44.5 ],
    [ 49.2, 16.22, -44.5 ],
    [ 49.6, 16.22, -44.5 ],
    [ 50, 16.22, -44.5 ],
    [ 51, 16.22, -47 ]
  ]
]
6 [ 52.3, 18.488, -43.1 ] [
  [
    [ 48, 16.22, -44.5 ],
    [ 48.4, 16.22, -44.5 ],
    [ 48.8, 16.22, -44.5 ],
    [ 49.2, 16.22, -44.5 ],
    [ 49.6, 16.22, -44.5 ],
    [ 50, 16.22, -44.5 ],
    [ 50.4, 16.22, -44.5 ],
    [ 51, 16.22, -47 ],
    [ 51, 16.22, -46.6 ],
    [ 51, 16.22, -46.2 ],
    [ 51, 16.22, -45.8 ],
    [ 51, 16.22, -45.4 ],
    [ 51, 16.22, -45 ]
  ],
  [
    [ 48, 16.22, -44.5 ],
    [ 48.4, 16.22, -44.5 ],
    [ 48.8, 16.22, -44.5 ],
    [ 49.2, 16.22, -44.5 ],
    [ 49.6, 16.22, -44.5 ],
    [ 50, 16.22, -44.5 ],
    [ 50.4, 16.22, -44.5 ],
    [ 51, 16.22, -47 ],
    [ 51, 16.22, -46.6 ],
    [ 51, 16.22, -46.2 ],
    [ 51, 16.22, -45.8 ],
    [ 51, 16.22, -45.4 ],
    [ 51, 16.22, -45 ]
  ],
  [
    [ 48, 16.22, -44.5 ],
    [ 48.4, 16.22, -44.5 ],
    [ 48.8, 16.22, -44.5 ],
    [ 49.2, 16.22, -44.5 ],
    [ 49.6, 16.22, -44.5 ],
    [ 50, 16.22, -44.5 ]
  ],
  []
]
7 [ 52.3, 18.188, -43.4 ] [
  [
    [ 48, 16.22, -44.5 ],
    [ 48.4, 16.22, -44.5 ],
    [ 48.8, 16.22, -44.5 ],
    [ 49.2, 16.22, -44.5 ],
    [ 49.6, 16.22, -44.5 ],
    [ 50, 16.22, -44.5 ],
    [ 50.4, 16.22, -44.5 ],
    [ 51, 16.22, -47 ],
    [ 51, 16.22, -46.6 ],
    [ 51, 16.22, -46.2 ],
    [ 51, 16.22, -45.8 ],
    [ 51, 16.22, -45.4 ],
    [ 51, 16.22, -45 ]
  ],
  [
    [ 48, 16.22, -44.5 ],
    [ 48.4, 16.22, -44.5 ],
    [ 48.8, 16.22, -44.5 ],
    [ 49.2, 16.22, -44.5 ],
    [ 49.6, 16.22, -44.5 ],
    [ 50, 16.22, -44.5 ],
    [ 50.4, 16.22, -44.5 ],
    [ 51, 16.22, -47 ],
    [ 51, 16.22, -46.6 ],
    [ 51, 16.22, -46.2 ],
    [ 51, 16.22, -45.8 ],
    [ 51, 16.22, -45.4 ],
    [ 51, 16.22, -45 ]
  ],
  [],
  [
    [ 49.2, 16.22, -44.5 ],
    [ 49.6, 16.22, -44.5 ],
    [ 50, 16.22, -44.5 ],
    [ 50.4, 16.22, -44.5 ],
    [ 51, 16.22, -47 ],
    [ 51, 16.22, -46.6 ],
    [ 51, 16.22, -46.2 ],
    [ 51, 16.22, -45.8 ],
    [ 51, 16.22, -45.4 ],
    [ 51, 16.22, -45 ]
  ]
]
8 [ 52.3, 18.488, -43.4 ] [
  [
    [ 48, 16.22, -44.5 ],
    [ 48.4, 16.22, -44.5 ],
    [ 48.8, 16.22, -44.5 ],
    [ 49.2, 16.22, -44.5 ],
    [ 49.6, 16.22, -44.5 ],
    [ 50, 16.22, -44.5 ],
    [ 50.4, 16.22, -44.5 ],
    [ 51, 16.22, -47 ],
    [ 51, 16.22, -46.6 ],
    [ 51, 16.22, -46.2 ],
    [ 51, 16.22, -45.8 ],
    [ 51, 16.22, -45.4 ],
    [ 51, 16.22, -45 ]
  ],
  [
    [ 48, 16.22, -44.5 ],
    [ 48.4, 16.22, -44.5 ],
    [ 48.8, 16.22, -44.5 ],
    [ 49.2, 16.22, -44.5 ],
    [ 49.6, 16.22, -44.5 ],
    [ 50, 16.22, -44.5 ],
    [ 50.4, 16.22, -44.5 ],
    [ 51, 16.22, -47 ],
    [ 51, 16.22, -46.6 ],
    [ 51, 16.22, -46.2 ],
    [ 51, 16.22, -45.8 ],
    [ 51, 16.22, -45.4 ],
    [ 51, 16.22, -45 ]
  ],
  [
    [ 48, 16.22, -44.5 ],
    [ 48.4, 16.22, -44.5 ],
    [ 48.8, 16.22, -44.5 ],
    [ 49.2, 16.22, -44.5 ],
    [ 49.6, 16.22, -44.5 ],
    [ 50, 16.22, -44.5 ],
    [ 50.4, 16.22, -44.5 ],
    [ 51, 16.22, -47 ],
    [ 51, 16.22, -46.6 ]
  ],
  []
]
9 [ 52, 18.488, -42.5 ] [
  [
    [ 48, 16.22, -44.5 ],
    [ 48.4, 16.22, -44.5 ],
    [ 48.8, 16.22, -44.5 ],
    [ 49.2, 16.22, -44.5 ],
    [ 49.6, 16.22, -44.5 ],
    [ 50, 16.22, -44.5 ],
    [ 50.4, 16.22, -44.5 ],
    [ 51, 16.22, -47 ],
    [ 51, 16.22, -46.6 ],
    [ 51, 16.22, -46.2 ],
    [ 51, 16.22, -45.8 ],
    [ 51, 16.22, -45.4 ],
    [ 51, 16.22, -45 ]
  ],
  [
    [ 48, 16.22, -44.5 ],
    [ 48.4, 16.22, -44.5 ],
    [ 48.8, 16.22, -44.5 ],
    [ 49.2, 16.22, -44.5 ],
    [ 49.6, 16.22, -44.5 ],
    [ 50, 16.22, -44.5 ],
    [ 50.4, 16.22, -44.5 ],
    [ 51, 16.22, -47 ],
    [ 51, 16.22, -46.6 ],
    [ 51, 16.22, -46.2 ],
    [ 51, 16.22, -45.8 ],
    [ 51, 16.22, -45.4 ],
    [ 51, 16.22, -45 ]
  ],
  [
    [ 48, 16.22, -44.5 ],
    [ 48.4, 16.22, -44.5 ],
    [ 48.8, 16.22, -44.5 ],
    [ 49.2, 16.22, -44.5 ],
    [ 49.6, 16.22, -44.5 ],
    [ 50, 16.22, -44.5 ],
    [ 50.4, 16.22, -44.5 ],
    [ 51, 16.22, -47 ]
  ],
  []
]
10 [ 52.3, 18.488, -42.8 ] [
  [
    [ 48, 16.22, -44.5 ],
    [ 48.4, 16.22, -44.5 ],
    [ 48.8, 16.22, -44.5 ],
    [ 49.2, 16.22, -44.5 ],
    [ 49.6, 16.22, -44.5 ],
    [ 50, 16.22, -44.5 ],
    [ 50.4, 16.22, -44.5 ],
    [ 51, 16.22, -47 ],
    [ 51, 16.22, -46.6 ],
    [ 51, 16.22, -46.2 ],
    [ 51, 16.22, -45.8 ],
    [ 51, 16.22, -45.4 ],
    [ 51, 16.22, -45 ]
  ],
  [
    [ 48, 16.22, -44.5 ],
    [ 48.4, 16.22, -44.5 ],
    [ 48.8, 16.22, -44.5 ],
    [ 49.2, 16.22, -44.5 ],
    [ 49.6, 16.22, -44.5 ],
    [ 50, 16.22, -44.5 ],
    [ 50.4, 16.22, -44.5 ],
    [ 51, 16.22, -47 ],
    [ 51, 16.22, -46.6 ],
    [ 51, 16.22, -46.2 ],
    [ 51, 16.22, -45.8 ],
    [ 51, 16.22, -45.4 ],
    [ 51, 16.22, -45 ]
  ],
  [
    [ 48, 16.22, -44.5 ],
    [ 48.4, 16.22, -44.5 ],
    [ 48.8, 16.22, -44.5 ],
    [ 49.2, 16.22, -44.5 ]
  ],
  []
]
11 [ 52, 18.188, -44 ] [
  [
    [ 48, 16.22, -44.5 ],
    [ 48.4, 16.22, -44.5 ],
    [ 48.8, 16.22, -44.5 ],
    [ 49.2, 16.22, -44.5 ],
    [ 49.6, 16.22, -44.5 ],
    [ 50, 16.22, -44.5 ],
    [ 50.4, 16.22, -44.5 ],
    [ 51, 16.22, -47 ],
    [ 51, 16.22, -46.6 ],
    [ 51, 16.22, -46.2 ],
    [ 51, 16.22, -45.8 ],
    [ 51, 16.22, -45.4 ],
    [ 51, 16.22, -45 ]
  ],
  [
    [ 48, 16.22, -44.5 ],
    [ 48.4, 16.22, -44.5 ],
    [ 48.8, 16.22, -44.5 ],
    [ 49.2, 16.22, -44.5 ],
    [ 49.6, 16.22, -44.5 ],
    [ 50, 16.22, -44.5 ],
    [ 50.4, 16.22, -44.5 ],
    [ 51, 16.22, -47 ],
    [ 51, 16.22, -46.6 ],
    [ 51, 16.22, -46.2 ],
    [ 51, 16.22, -45.8 ],
    [ 51, 16.22, -45.4 ],
    [ 51, 16.22, -45 ]
  ],
  [
    [ 48, 16.22, -44.5 ],
    [ 48.4, 16.22, -44.5 ],
    [ 48.8, 16.22, -44.5 ],
    [ 49.2, 16.22, -44.5 ],
    [ 49.6, 16.22, -44.5 ],
    [ 50, 16.22, -44.5 ],
    [ 50.4, 16.22, -44.5 ],
    [ 51, 16.22, -47 ],
    [ 51, 16.22, -46.6 ],
    [ 51, 16.22, -46.2 ],
    [ 51, 16.22, -45.8 ],
    [ 51, 16.22, -45.4 ],
    [ 51, 16.22, -45 ]
  ],
  []
]
12 [ 52, 18.488, -44 ] [
  [
    [ 48, 16.22, -44.5 ],
    [ 48.4, 16.22, -44.5 ],
    [ 48.8, 16.22, -44.5 ],
    [ 49.2, 16.22, -44.5 ],
    [ 49.6, 16.22, -44.5 ],
    [ 50, 16.22, -44.5 ],
    [ 50.4, 16.22, -44.5 ],
    [ 51, 16.22, -47 ],
    [ 51, 16.22, -46.6 ],
    [ 51, 16.22, -46.2 ],
    [ 51, 16.22, -45.8 ],
    [ 51, 16.22, -45.4 ],
    [ 51, 16.22, -45 ]
  ],
  [
    [ 48, 16.22, -44.5 ],
    [ 48.4, 16.22, -44.5 ],
    [ 48.8, 16.22, -44.5 ],
    [ 49.2, 16.22, -44.5 ],
    [ 49.6, 16.22, -44.5 ],
    [ 50, 16.22, -44.5 ],
    [ 50.4, 16.22, -44.5 ],
    [ 51, 16.22, -47 ],
    [ 51, 16.22, -46.6 ],
    [ 51, 16.22, -46.2 ],
    [ 51, 16.22, -45.8 ],
    [ 51, 16.22, -45.4 ],
    [ 51, 16.22, -45 ]
  ],
  [
    [ 48, 16.22, -44.5 ],
    [ 48.4, 16.22, -44.5 ],
    [ 48.8, 16.22, -44.5 ],
    [ 49.2, 16.22, -44.5 ],
    [ 49.6, 16.22, -44.5 ],
    [ 50, 16.22, -44.5 ],
    [ 50.4, 16.22, -44.5 ],
    [ 51, 16.22, -47 ],
    [ 51, 16.22, -46.6 ],
    [ 51, 16.22, -46.2 ],
    [ 51, 16.22, -45.8 ],
    [ 51, 16.22, -45.4 ],
    [ 51, 16.22, -45 ]
  ],
  [
    [ 48, 16.22, -44.5 ],
    [ 48.4, 16.22, -44.5 ],
    [ 48.8, 16.22, -44.5 ],
    [ 49.2, 16.22, -44.5 ],
    [ 49.6, 16.22, -44.5 ],
    [ 50, 16.22, -44.5 ],
    [ 50.4, 16.22, -44.5 ],
    [ 51, 16.22, -47 ],
    [ 51, 16.22, -46.6 ],
    [ 51, 16.22, -46.2 ],
    [ 51, 16.22, -45.8 ]
  ]
]
13 [ 52.3, 18.188, -43.7 ] [
  [
    [ 48, 16.22, -44.5 ],
    [ 48.4, 16.22, -44.5 ],
    [ 48.8, 16.22, -44.5 ],
    [ 49.2, 16.22, -44.5 ],
    [ 49.6, 16.22, -44.5 ],
    [ 50, 16.22, -44.5 ],
    [ 50.4, 16.22, -44.5 ],
    [ 51, 16.22, -47 ],
    [ 51, 16.22, -46.6 ],
    [ 51, 16.22, -46.2 ],
    [ 51, 16.22, -45.8 ],
    [ 51, 16.22, -45.4 ],
    [ 51, 16.22, -45 ]
  ],
  [
    [ 48, 16.22, -44.5 ],
    [ 48.4, 16.22, -44.5 ],
    [ 48.8, 16.22, -44.5 ],
    [ 49.2, 16.22, -44.5 ],
    [ 49.6, 16.22, -44.5 ],
    [ 50, 16.22, -44.5 ],
    [ 50.4, 16.22, -44.5 ],
    [ 51, 16.22, -47 ],
    [ 51, 16.22, -46.6 ],
    [ 51, 16.22, -46.2 ],
    [ 51, 16.22, -45.8 ],
    [ 51, 16.22, -45.4 ],
    [ 51, 16.22, -45 ]
  ],
  [],
  [
    [ 50, 16.22, -44.5 ],
    [ 50.4, 16.22, -44.5 ],
    [ 51, 16.22, -46.2 ],
    [ 51, 16.22, -45.8 ],
    [ 51, 16.22, -45.4 ],
    [ 51, 16.22, -45 ]
  ]
]
14 [ 52.3, 18.488, -43.7 ] [
  [
    [ 48, 16.22, -44.5 ],
    [ 48.4, 16.22, -44.5 ],
    [ 48.8, 16.22, -44.5 ],
    [ 49.2, 16.22, -44.5 ],
    [ 49.6, 16.22, -44.5 ],
    [ 50, 16.22, -44.5 ],
    [ 50.4, 16.22, -44.5 ],
    [ 51, 16.22, -47 ],
    [ 51, 16.22, -46.6 ],
    [ 51, 16.22, -46.2 ],
    [ 51, 16.22, -45.8 ],
    [ 51, 16.22, -45.4 ],
    [ 51, 16.22, -45 ]
  ],
  [
    [ 48, 16.22, -44.5 ],
    [ 48.4, 16.22, -44.5 ],
    [ 48.8, 16.22, -44.5 ],
    [ 49.2, 16.22, -44.5 ],
    [ 49.6, 16.22, -44.5 ],
    [ 50, 16.22, -44.5 ],
    [ 50.4, 16.22, -44.5 ],
    [ 51, 16.22, -47 ],
    [ 51, 16.22, -46.6 ],
    [ 51, 16.22, -46.2 ],
    [ 51, 16.22, -45.8 ],
    [ 51, 16.22, -45.4 ],
    [ 51, 16.22, -45 ]
  ],
  [
    [ 48, 16.22, -44.5 ],
    [ 48.4, 16.22, -44.5 ],
    [ 48.8, 16.22, -44.5 ],
    [ 49.2, 16.22, -44.5 ],
    [ 49.6, 16.22, -44.5 ],
    [ 50, 16.22, -44.5 ],
    [ 50.4, 16.22, -44.5 ],
    [ 51, 16.22, -47 ],
    [ 51, 16.22, -46.6 ],
    [ 51, 16.22, -46.2 ],
    [ 51, 16.22, -45.8 ]
  ],
  [ [ 48, 16.22, -44.5 ], [ 48.4, 16.22, -44.5 ] ]
]
15 [ 52.3, 18.488, -42.5 ] [
  [
    [ 48, 16.22, -44.5 ],
    [ 48.4, 16.22, -44.5 ],
    [ 48.8, 16.22, -44.5 ],
    [ 49.2, 16.22, -44.5 ],
    [ 49.6, 16.22, -44.5 ],
    [ 50, 16.22, -44.5 ],
    [ 50.4, 16.22, -44.5 ],
    [ 51, 16.22, -47 ],
    [ 51, 16.22, -46.6 ],
    [ 51, 16.22, -46.2 ],
    [ 51, 16.22, -45.8 ],
    [ 51, 16.22, -45.4 ],
    [ 51, 16.22, -45 ]
  ],
  [
    [ 48, 16.22, -44.5 ],
    [ 48.4, 16.22, -44.5 ],
    [ 48.8, 16.22, -44.5 ],
    [ 49.2, 16.22, -44.5 ],
    [ 49.6, 16.22, -44.5 ],
    [ 50, 16.22, -44.5 ],
    [ 50.4, 16.22, -44.5 ]
  ],
  [
    [ 48, 16.22, -44.5 ],
    [ 48.4, 16.22, -44.5 ],
    [ 48.8, 16.22, -44.5 ]
  ],
  [ [ 51, 16.22, -45.4 ], [ 51, 16.22, -45 ] ]
]
16 [ 52.3, 18.188, -44 ] [
  [
    [ 48, 16.22, -44.5 ],
    [ 48.4, 16.22, -44.5 ],
    [ 48.8, 16.22, -44.5 ],
    [ 49.2, 16.22, -44.5 ],
    [ 49.6, 16.22, -44.5 ],
    [ 50, 16.22, -44.5 ],
    [ 50.4, 16.22, -44.5 ],
    [ 51, 16.22, -47 ],
    [ 51, 16.22, -46.6 ],
    [ 51, 16.22, -46.2 ],
    [ 51, 16.22, -45.8 ],
    [ 51, 16.22, -45.4 ],
    [ 51, 16.22, -45 ]
  ],
  [
    [ 48, 16.22, -44.5 ],
    [ 48.4, 16.22, -44.5 ],
    [ 48.8, 16.22, -44.5 ],
    [ 49.2, 16.22, -44.5 ],
    [ 49.6, 16.22, -44.5 ],
    [ 50, 16.22, -44.5 ],
    [ 50.4, 16.22, -44.5 ],
    [ 51, 16.22, -47 ],
    [ 51, 16.22, -46.6 ],
    [ 51, 16.22, -46.2 ],
    [ 51, 16.22, -45.8 ],
    [ 51, 16.22, -45.4 ],
    [ 51, 16.22, -45 ]
  ],
  [ [ 48, 16.22, -44.5 ], [ 48.4, 16.22, -44.5 ] ],
  [ [ 51, 16.22, -45 ] ]
]
17 [ 52.3, 18.488, -44 ] [
  [
    [ 48, 16.22, -44.5 ],
    [ 48.4, 16.22, -44.5 ],
    [ 48.8, 16.22, -44.5 ],
    [ 49.2, 16.22, -44.5 ],
    [ 49.6, 16.22, -44.5 ],
    [ 50, 16.22, -44.5 ],
    [ 50.4, 16.22, -44.5 ],
    [ 51, 16.22, -47 ],
    [ 51, 16.22, -46.6 ],
    [ 51, 16.22, -46.2 ],
    [ 51, 16.22, -45.8 ],
    [ 51, 16.22, -45.4 ],
    [ 51, 16.22, -45 ]
  ],
  [
    [ 48, 16.22, -44.5 ],
    [ 48.4, 16.22, -44.5 ],
    [ 48.8, 16.22, -44.5 ],
    [ 49.2, 16.22, -44.5 ],
    [ 49.6, 16.22, -44.5 ],
    [ 50, 16.22, -44.5 ],
    [ 50.4, 16.22, -44.5 ],
    [ 51, 16.22, -47 ],
    [ 51, 16.22, -46.6 ],
    [ 51, 16.22, -46.2 ],
    [ 51, 16.22, -45.8 ],
    [ 51, 16.22, -45.4 ],
    [ 51, 16.22, -45 ]
  ],
  [
    [ 48, 16.22, -44.5 ],
    [ 48.4, 16.22, -44.5 ],
    [ 48.8, 16.22, -44.5 ],
    [ 49.2, 16.22, -44.5 ],
    [ 49.6, 16.22, -44.5 ],
    [ 50, 16.22, -44.5 ],
    [ 50.4, 16.22, -44.5 ],
    [ 51, 16.22, -47 ],
    [ 51, 16.22, -46.6 ],
    [ 51, 16.22, -46.2 ],
    [ 51, 16.22, -45.8 ],
    [ 51, 16.22, -45.4 ],
    [ 51, 16.22, -45 ]
  ],
  [
    [ 48, 16.22, -44.5 ],
    [ 48.4, 16.22, -44.5 ],
    [ 48.8, 16.22, -44.5 ],
    [ 49.2, 16.22, -44.5 ]
  ]
]
18 [ 50.5, 18.188, -42.5 ] [
  [
    [ 48, 16.22, -44.5 ],
    [ 48.4, 16.22, -44.5 ],
    [ 48.8, 16.22, -44.5 ],
    [ 49.2, 16.22, -44.5 ],
    [ 49.6, 16.22, -44.5 ],
    [ 50, 16.22, -44.5 ],
    [ 50.4, 16.22, -44.5 ],
    [ 51, 16.22, -47 ],
    [ 51, 16.22, -46.6 ],
    [ 51, 16.22, -46.2 ],
    [ 51, 16.22, -45.8 ],
    [ 51, 16.22, -45.4 ],
    [ 51, 16.22, -45 ]
  ],
  [
    [ 48, 16.22, -44.5 ],
    [ 48.4, 16.22, -44.5 ],
    [ 48.8, 16.22, -44.5 ],
    [ 49.2, 16.22, -44.5 ],
    [ 49.6, 16.22, -44.5 ],
    [ 50, 16.22, -44.5 ],
    [ 50.4, 16.22, -44.5 ],
    [ 51, 16.22, -47 ],
    [ 51, 16.22, -46.6 ],
    [ 51, 16.22, -46.2 ],
    [ 51, 16.22, -45.8 ],
    [ 51, 16.22, -45.4 ],
    [ 51, 16.22, -45 ]
  ],
  [
    [ 48, 16.22, -44.5 ],
    [ 48.4, 16.22, -44.5 ],
    [ 48.8, 16.22, -44.5 ],
    [ 49.2, 16.22, -44.5 ],
    [ 49.6, 16.22, -44.5 ],
    [ 50, 16.22, -44.5 ],
    [ 50.4, 16.22, -44.5 ],
    [ 51, 16.22, -47 ],
    [ 51, 16.22, -46.6 ],
    [ 51, 16.22, -46.2 ],
    [ 51, 16.22, -45.8 ],
    [ 51, 16.22, -45.4 ],
    [ 51, 16.22, -45 ]
  ],
  []
]
19 [ 50.5, 18.488, -42.5 ] [
  [
    [ 48, 16.22, -44.5 ],
    [ 48.4, 16.22, -44.5 ],
    [ 48.8, 16.22, -44.5 ],
    [ 49.2, 16.22, -44.5 ],
    [ 49.6, 16.22, -44.5 ],
    [ 50, 16.22, -44.5 ],
    [ 50.4, 16.22, -44.5 ],
    [ 51, 16.22, -47 ],
    [ 51, 16.22, -46.6 ],
    [ 51, 16.22, -46.2 ],
    [ 51, 16.22, -45.8 ],
    [ 51, 16.22, -45.4 ],
    [ 51, 16.22, -45 ]
  ],
  [
    [ 48, 16.22, -44.5 ],
    [ 48.4, 16.22, -44.5 ],
    [ 48.8, 16.22, -44.5 ],
    [ 49.2, 16.22, -44.5 ],
    [ 49.6, 16.22, -44.5 ],
    [ 50, 16.22, -44.5 ],
    [ 50.4, 16.22, -44.5 ],
    [ 51, 16.22, -47 ],
    [ 51, 16.22, -46.6 ],
    [ 51, 16.22, -46.2 ],
    [ 51, 16.22, -45.8 ],
    [ 51, 16.22, -45.4 ],
    [ 51, 16.22, -45 ]
  ],
  [
    [ 48, 16.22, -44.5 ],
    [ 48.4, 16.22, -44.5 ],
    [ 48.8, 16.22, -44.5 ],
    [ 49.2, 16.22, -44.5 ],
    [ 49.6, 16.22, -44.5 ],
    [ 50, 16.22, -44.5 ],
    [ 50.4, 16.22, -44.5 ],
    [ 51, 16.22, -47 ],
    [ 51, 16.22, -46.6 ],
    [ 51, 16.22, -46.2 ],
    [ 51, 16.22, -45.8 ],
    [ 51, 16.22, -45.4 ],
    [ 51, 16.22, -45 ]
  ],
  [
    [ 48, 16.22, -44.5 ],
    [ 48.4, 16.22, -44.5 ],
    [ 48.8, 16.22, -44.5 ],
    [ 49.2, 16.22, -44.5 ],
    [ 49.6, 16.22, -44.5 ],
    [ 50, 16.22, -44.5 ],
    [ 50.4, 16.22, -44.5 ],
    [ 51, 16.22, -47 ],
    [ 51, 16.22, -46.6 ],
    [ 51, 16.22, -46.2 ],
    [ 51, 16.22, -45.8 ],
    [ 51, 16.22, -45.4 ],
    [ 51, 16.22, -45 ]
  ]
]
20 [ 52.3, 18.488, -42.2 ] [
  [
    [ 48, 16.22, -44.5 ],
    [ 48.4, 16.22, -44.5 ],
    [ 48.8, 16.22, -44.5 ],
    [ 49.2, 16.22, -44.5 ],
    [ 49.6, 16.22, -44.5 ],
    [ 50, 16.22, -44.5 ],
    [ 50.4, 16.22, -44.5 ],
    [ 51, 16.22, -47 ],
    [ 51, 16.22, -46.6 ],
    [ 51, 16.22, -46.2 ],
    [ 51, 16.22, -45.8 ],
    [ 51, 16.22, -45.4 ],
    [ 51, 16.22, -45 ]
  ],
  [],
  [],
  [
    [ 50, 16.22, -44.5 ],
    [ 50.4, 16.22, -44.5 ],
    [ 51, 16.22, -46.2 ],
    [ 51, 16.22, -45.8 ],
    [ 51, 16.22, -45.4 ],
    [ 51, 16.22, -45 ]
  ]
]
21 [ 50.5, 18.488, -42.2 ] [
  [
    [ 48, 16.22, -44.5 ],
    [ 48.4, 16.22, -44.5 ],
    [ 48.8, 16.22, -44.5 ],
    [ 49.2, 16.22, -44.5 ],
    [ 49.6, 16.22, -44.5 ],
    [ 50, 16.22, -44.5 ],
    [ 50.4, 16.22, -44.5 ],
    [ 51, 16.22, -47 ],
    [ 51, 16.22, -46.6 ],
    [ 51, 16.22, -46.2 ],
    [ 51, 16.22, -45.8 ],
    [ 51, 16.22, -45.4 ],
    [ 51, 16.22, -45 ]
  ],
  [
    [ 48, 16.22, -44.5 ],
    [ 48.4, 16.22, -44.5 ],
    [ 48.8, 16.22, -44.5 ],
    [ 49.2, 16.22, -44.5 ],
    [ 49.6, 16.22, -44.5 ],
    [ 50, 16.22, -44.5 ],
    [ 50.4, 16.22, -44.5 ],
    [ 51, 16.22, -47 ],
    [ 51, 16.22, -46.6 ],
    [ 51, 16.22, -46.2 ],
    [ 51, 16.22, -45.8 ],
    [ 51, 16.22, -45.4 ],
    [ 51, 16.22, -45 ]
  ],
  [
    [ 48, 16.22, -44.5 ],
    [ 48.4, 16.22, -44.5 ],
    [ 48.8, 16.22, -44.5 ],
    [ 49.2, 16.22, -44.5 ],
    [ 49.6, 16.22, -44.5 ],
    [ 50, 16.22, -44.5 ],
    [ 50.4, 16.22, -44.5 ],
    [ 51, 16.22, -47 ],
    [ 51, 16.22, -46.6 ],
    [ 51, 16.22, -46.2 ],
    [ 51, 16.22, -45.8 ],
    [ 51, 16.22, -45.4 ],
    [ 51, 16.22, -45 ]
  ],
  [
    [ 49.2, 16.22, -44.5 ],
    [ 49.6, 16.22, -44.5 ],
    [ 50, 16.22, -44.5 ],
    [ 50.4, 16.22, -44.5 ],
    [ 51, 16.22, -47 ],
    [ 51, 16.22, -46.6 ],
    [ 51, 16.22, -46.2 ],
    [ 51, 16.22, -45.8 ],
    [ 51, 16.22, -45.4 ],
    [ 51, 16.22, -45 ]
  ]
]
22 [ 50.2, 17.888, -42.2 ] [
  [
    [ 48, 16.22, -44.5 ],
    [ 48.4, 16.22, -44.5 ],
    [ 48.8, 16.22, -44.5 ],
    [ 49.2, 16.22, -44.5 ],
    [ 49.6, 16.22, -44.5 ],
    [ 50, 16.22, -44.5 ],
    [ 50.4, 16.22, -44.5 ],
    [ 51, 16.22, -47 ],
    [ 51, 16.22, -46.6 ],
    [ 51, 16.22, -46.2 ],
    [ 51, 16.22, -45.8 ],
    [ 51, 16.22, -45.4 ],
    [ 51, 16.22, -45 ]
  ],
  [],
  [
    [ 48, 16.22, -44.5 ],
    [ 48.4, 16.22, -44.5 ],
    [ 48.8, 16.22, -44.5 ],
    [ 49.2, 16.22, -44.5 ],
    [ 49.6, 16.22, -44.5 ],
    [ 50, 16.22, -44.5 ],
    [ 50.4, 16.22, -44.5 ],
    [ 51, 16.22, -47 ],
    [ 51, 16.22, -46.6 ],
    [ 51, 16.22, -46.2 ],
    [ 51, 16.22, -45.8 ],
    [ 51, 16.22, -45.4 ],
    [ 51, 16.22, -45 ]
  ],
  []
]
23 [ 50.2, 18.188, -42.2 ] [
  [
    [ 48, 16.22, -44.5 ],
    [ 48.4, 16.22, -44.5 ],
    [ 48.8, 16.22, -44.5 ],
    [ 49.2, 16.22, -44.5 ],
    [ 49.6, 16.22, -44.5 ],
    [ 50, 16.22, -44.5 ],
    [ 50.4, 16.22, -44.5 ],
    [ 51, 16.22, -47 ],
    [ 51, 16.22, -46.6 ],
    [ 51, 16.22, -46.2 ],
    [ 51, 16.22, -45.8 ],
    [ 51, 16.22, -45.4 ],
    [ 51, 16.22, -45 ]
  ],
  [
    [ 51, 16.22, -47 ],
    [ 51, 16.22, -46.6 ],
    [ 51, 16.22, -46.2 ],
    [ 51, 16.22, -45.8 ]
  ],
  [
    [ 48, 16.22, -44.5 ],
    [ 48.4, 16.22, -44.5 ],
    [ 48.8, 16.22, -44.5 ],
    [ 49.2, 16.22, -44.5 ],
    [ 49.6, 16.22, -44.5 ],
    [ 50, 16.22, -44.5 ],
    [ 50.4, 16.22, -44.5 ],
    [ 51, 16.22, -47 ],
    [ 51, 16.22, -46.6 ],
    [ 51, 16.22, -46.2 ],
    [ 51, 16.22, -45.8 ],
    [ 51, 16.22, -45.4 ],
    [ 51, 16.22, -45 ]
  ],
  [ [ 51, 16.22, -47 ], [ 51, 16.22, -46.6 ], [ 51, 16.22, -46.2 ] ]
]
24 [ 50.2, 18.488, -42.2 ] [
  [
    [ 48, 16.22, -44.5 ],
    [ 48.4, 16.22, -44.5 ],
    [ 48.8, 16.22, -44.5 ],
    [ 49.2, 16.22, -44.5 ],
    [ 49.6, 16.22, -44.5 ],
    [ 50, 16.22, -44.5 ],
    [ 50.4, 16.22, -44.5 ],
    [ 51, 16.22, -47 ],
    [ 51, 16.22, -46.6 ],
    [ 51, 16.22, -46.2 ],
    [ 51, 16.22, -45.8 ],
    [ 51, 16.22, -45.4 ],
    [ 51, 16.22, -45 ]
  ],
  [
    [ 48, 16.22, -44.5 ],
    [ 48.4, 16.22, -44.5 ],
    [ 48.8, 16.22, -44.5 ],
    [ 49.2, 16.22, -44.5 ],
    [ 49.6, 16.22, -44.5 ],
    [ 50, 16.22, -44.5 ],
    [ 50.4, 16.22, -44.5 ],
    [ 51, 16.22, -46.6 ],
    [ 51, 16.22, -46.2 ],
    [ 51, 16.22, -45.8 ],
    [ 51, 16.22, -45.4 ],
    [ 51, 16.22, -45 ]
  ],
  [
    [ 48, 16.22, -44.5 ],
    [ 48.4, 16.22, -44.5 ],
    [ 48.8, 16.22, -44.5 ],
    [ 49.2, 16.22, -44.5 ],
    [ 49.6, 16.22, -44.5 ],
    [ 50, 16.22, -44.5 ],
    [ 50.4, 16.22, -44.5 ],
    [ 51, 16.22, -47 ],
    [ 51, 16.22, -46.6 ],
    [ 51, 16.22, -46.2 ],
    [ 51, 16.22, -45.8 ],
    [ 51, 16.22, -45.4 ],
    [ 51, 16.22, -45 ]
  ],
  [
    [ 48, 16.22, -44.5 ],
    [ 48.4, 16.22, -44.5 ],
    [ 48.8, 16.22, -44.5 ],
    [ 49.2, 16.22, -44.5 ],
    [ 49.6, 16.22, -44.5 ],
    [ 50, 16.22, -44.5 ],
    [ 50.4, 16.22, -44.5 ],
    [ 51, 16.22, -47 ],
    [ 51, 16.22, -46.6 ],
    [ 51, 16.22, -46.2 ],
    [ 51, 16.22, -45.8 ],
    [ 51, 16.22, -45.4 ],
    [ 51, 16.22, -45 ]
  ]
]
