[
  {
    "device": "desktop",
    "states": [
      {
        "t": 0,
        "y": 0.858,
        "tipResidual": 4.9151256933745355e-8,
        "scale": [
          1,
          1,
          1
        ],
        "ropeError": 1.1920931797249068e-8
      },
      {
        "t": 2,
        "y": 0.858,
        "tipResidual": 4.9151256933745355e-8,
        "scale": [
          1,
          1,
          1
        ],
        "ropeError": 1.1920931797249068e-8
      },
      {
        "t": 22,
        "y": 11.461500000000001,
        "tipResidual": 4.9151256933745355e-8,
        "scale": [
          1,
          1,
          1
        ],
        "ropeError": 1.1920931797249068e-8
      },
      {
        "t": 42,
        "y": 22.065,
        "tipResidual": 4.9151256933745355e-8,
        "scale": [
          1,
          1,
          1
        ],
        "ropeError": 1.1920931797249068e-8
      },
      {
        "t": 48,
        "y": 22.065,
        "tipResidual": 4.915125521042643e-8,
        "scale": [
          1,
          1,
          1
        ],
        "ropeError": 1.192092469182171e-8
      },
      {
        "t": 56,
        "y": 22.065,
        "tipResidual": 4.9151256933745355e-8,
        "scale": [
          1,
          1,
          1
        ],
        "ropeError": 1.1920931797249068e-8
      },
      {
        "t": 64,
        "y": 22.065,
        "tipResidual": 4.9151256933745355e-8,
        "scale": [
          1,
          1,
          1
        ],
        "ropeError": 1.1920931797249068e-8
      },
      {
        "t": 70,
        "y": 20.2765,
        "tipResidual": 4.9151256933745355e-8,
        "scale": [
          1,
          1,
          1
        ],
        "ropeError": 1.1920931797249068e-8
      },
      {
        "t": 76,
        "y": 18.488,
        "tipResidual": 4.9151256933745355e-8,
        "scale": [
          1,
          1,
          1
        ],
        "ropeError": 1.1920931797249068e-8
      },
      {
        "t": 82,
        "y": 18.488,
        "tipResidual": 4.9151256933745355e-8,
        "scale": [
          1,
          1,
          1
        ],
        "ropeError": 1.1920931797249068e-8
      },
      {
        "t": 56,
        "y": 22.065,
        "tipResidual": 4.9151256933745355e-8,
        "scale": [
          1,
          1,
          1
        ],
        "ropeError": 1.1920931797249068e-8
      },
      {
        "t": 0,
        "y": 0.858,
        "tipResidual": 4.9151256933745355e-8,
        "scale": [
          1,
          1,
          1
        ],
        "ropeError": 1.1920931797249068e-8
      }
    ],
    "reverseChanged": 0,
    "playback": {
      "before": 0,
      "after": {
        "seconds": 3.2352999999761574,
        "y": 0.8639604365170863
      }
    },
    "orbitChanged": 602611,
    "health": {
      "overflow": false,
      "programs": [
        true,
        true,
        true,
        true,
        true,
        true,
        true,
        true
      ],
      "calls": 139,
      "triangles": 48770
    },
    "errors": []
  },
  {
    "device": "mobile",
    "states": [
      {
        "t": 0,
        "y": 0.858,
        "tipResidual": 4.9151256933745355e-8,
        "scale": [
          1,
          1,
          1
        ],
        "ropeError": 1.1920931797249068e-8
      },
      {
        "t": 2,
        "y": 0.858,
        "tipResidual": 4.9151256933745355e-8,
        "scale": [
          1,
          1,
          1
        ],
        "ropeError": 1.1920931797249068e-8
      },
      {
        "t": 22,
        "y": 11.461500000000001,
        "tipResidual": 4.9151256933745355e-8,
        "scale": [
          1,
          1,
          1
        ],
        "ropeError": 1.1920931797249068e-8
      },
      {
        "t": 42,
        "y": 22.065,
        "tipResidual": 4.9151256933745355e-8,
        "scale": [
          1,
          1,
          1
        ],
        "ropeError": 1.1920931797249068e-8
      },
      {
        "t": 48,
        "y": 22.065,
        "tipResidual": 4.915125521042643e-8,
        "scale": [
          1,
          1,
          1
        ],
        "ropeError": 1.192092469182171e-8
      },
      {
        "t": 56,
        "y": 22.065,
        "tipResidual": 4.9151256933745355e-8,
        "scale": [
          1,
          1,
          1
        ],
        "ropeError": 1.1920931797249068e-8
      },
      {
        "t": 64,
        "y": 22.065,
        "tipResidual": 4.9151256933745355e-8,
        "scale": [
          1,
          1,
          1
        ],
        "ropeError": 1.1920931797249068e-8
      },
      {
        "t": 70,
        "y": 20.2765,
        "tipResidual": 4.9151256933745355e-8,
        "scale": [
          1,
          1,
          1
        ],
        "ropeError": 1.1920931797249068e-8
      },
      {
        "t": 76,
        "y": 18.488,
        "tipResidual": 4.9151256933745355e-8,
        "scale": [
          1,
          1,
          1
        ],
        "ropeError": 1.1920931797249068e-8
      },
      {
        "t": 82,
        "y": 18.488,
        "tipResidual": 4.9151256933745355e-8,
        "scale": [
          1,
          1,
          1
        ],
        "ropeError": 1.1920931797249068e-8
      },
      {
        "t": 56,
        "y": 22.065,
        "tipResidual": 4.9151256933745355e-8,
        "scale": [
          1,
          1,
          1
        ],
        "ropeError": 1.1920931797249068e-8
      },
      {
        "t": 0,
        "y": 0.858,
        "tipResidual": 4.9151256933745355e-8,
        "scale": [
          1,
          1,
          1
        ],
        "ropeError": 1.1920931797249068e-8
      }
    ],
    "reverseChanged": 0,
    "playback": {
      "before": 0,
      "after": {
        "seconds": 3.219100000047682,
        "y": 0.8637325565832105
      }
    },
    "orbitChanged": 125867,
    "health": {
      "overflow": false,
      "programs": [
        true,
        true,
        true,
        true,
        true,
        true,
        true,
        true
      ],
      "calls": 126,
      "triangles": 46746
    },
    "errors": []
  }
]
