[
  {
    "seat": {
      "position": [
        52,
        18.488,
        -43.1
      ],
      "quaternion": [
        0,
        0,
        0,
        1
      ]
    },
    "deck": {
      "center": [
        52,
        18.14,
        -43.1
      ],
      "size": [
        0.86,
        0.12,
        1.4
      ]
    },
    "reach": 6.422312028043029,
    "yaw": 101.70847885653878,
    "distanceToJoint": 0.5548012300550793
  },
  {
    "seat": {
      "position": [
        52,
        18.188,
        -43.4
      ],
      "quaternion": [
        0,
        0,
        0,
        1
      ]
    },
    "deck": {
      "center": [
        52,
        17.84,
        -43.4
      ],
      "size": [
        0.86,
        0.12,
        1.4
      ]
    },
    "reach": 6.262664840982022,
    "yaw": 104.00330209582155,
    "distanceToJoint": 0.5812098266842205
  },
  {
    "seat": {
      "position": [
        52,
        18.488,
        -43.4
      ],
      "quaternion": [
        0,
        0,
        0,
        1
      ]
    },
    "deck": {
      "center": [
        52,
        18.14,
        -43.4
      ],
      "size": [
        0.86,
        0.12,
        1.4
      ]
    },
    "reach": 6.262664840982022,
    "yaw": 104.00330209582155,
    "distanceToJoint": 0.5812098266842205
  },
  {
    "seat": {
      "position": [
        52,
        18.488,
        -42.8
      ],
      "quaternion": [
        0,
        0,
        0,
        1
      ]
    },
    "deck": {
      "center": [
        52,
        18.14,
        -42.8
      ],
      "size": [
        0.86,
        0.12,
        1.4
      ]
    },
    "reach": 6.59175338287318,
    "yaw": 99.52827979865259,
    "distanceToJoint": 0.6766121097844457
  },
  {
    "seat": {
      "position": [
        52,
        18.188,
        -43.7
      ],
      "quaternion": [
        0,
        0,
        0,
        1
      ]
    },
    "deck": {
      "center": [
        52,
        17.84,
        -43.7
      ],
      "size": [
        0.86,
        0.12,
        1.4
      ]
    },
    "reach": 6.113579150988277,
    "yaw": 106.41407962042597,
    "distanceToJoint": 0.7401387169970083
  },
  {
    "seat": {
      "position": [
        52,
        18.488,
        -43.7
      ],
      "quaternion": [
        0,
        0,
        0,
        1
      ]
    },
    "deck": {
      "center": [
        52,
        18.14,
        -43.7
      ],
      "size": [
        0.86,
        0.12,
        1.4
      ]
    },
    "reach": 6.113579150988277,
    "yaw": 106.41407962042597,
    "distanceToJoint": 0.7401387169970083
  },
  {
    "seat": {
      "position": [
        52.3,
        18.488,
        -43.1
      ],
      "quaternion": [
        0,
        0,
        0,
        1
      ]
    },
    "deck": {
      "center": [
        52.3,
        18.14,
        -43.1
      ],
      "size": [
        0.86,
        0.12,
        1.4
      ]
    },
    "reach": 6.675110053535399,
    "yaw": 103.12206427144883,
    "distanceToJoint": 0.8516062692808435
  },
  {
    "seat": {
      "position": [
        52.3,
        18.188,
        -43.4
      ],
      "quaternion": [
        0,
        0,
        0,
        1
      ]
    },
    "deck": {
      "center": [
        52.3,
        17.84,
        -43.4
      ],
      "size": [
        0.86,
        0.12,
        1.4
      ]
    },
    "reach": 6.521654188297288,
    "yaw": 105.36075392703324,
    "distanceToJoint": 0.8690418261753049
  },
  {
    "seat": {
      "position": [
        52.3,
        18.488,
        -43.4
      ],
      "quaternion": [
        0,
        0,
        0,
        1
      ]
    },
    "deck": {
      "center": [
        52.3,
        18.14,
        -43.4
      ],
      "size": [
        0.86,
        0.12,
        1.4
      ]
    },
    "reach": 6.521654188297288,
    "yaw": 105.36075392703324,
    "distanceToJoint": 0.8690418261753049
  },
  {
    "seat": {
      "position": [
        52,
        18.488,
        -42.5
      ],
      "quaternion": [
        0,
        0,
        0,
        1
      ]
    },
    "deck": {
      "center": [
        52,
        18.14,
        -42.5
      ],
      "size": [
        0.86,
        0.12,
        1.4
      ]
    },
    "reach": 6.7702535798664005,
    "yaw": 97.46017704438277,
    "distanceToJoint": 0.8875829478664424
  },
  {
    "seat": {
      "position": [
        52.3,
        18.488,
        -42.8
      ],
      "quaternion": [
        0,
        0,
        0,
        1
      ]
    },
    "deck": {
      "center": [
        52.3,
        18.14,
        -42.8
      ],
      "size": [
        0.86,
        0.12,
        1.4
      ]
    },
    "reach": 6.838290363964023,
    "yaw": 100.98708275559041,
    "distanceToJoint": 0.9355387646243025
  },
  {
    "seat": {
      "position": [
        52,
        18.188,
        -44
      ],
      "quaternion": [
        0,
        0,
        0,
        1
      ]
    },
    "deck": {
      "center": [
        52,
        17.84,
        -44
      ],
      "size": [
        0.86,
        0.12,
        1.4
      ]
    },
    "reach": 5.97584547661038,
    "yaw": 108.94063924181174,
    "distanceToJoint": 0.968403726842089
  },
  {
    "seat": {
      "position": [
        52,
        18.488,
        -44
      ],
      "quaternion": [
        0,
        0,
        0,
        1
      ]
    },
    "deck": {
      "center": [
        52,
        18.14,
        -44
      ],
      "size": [
        0.86,
        0.12,
        1.4
      ]
    },
    "reach": 5.97584547661038,
    "yaw": 108.94063924181174,
    "distanceToJoint": 0.968403726842089
  },
  {
    "seat": {
      "position": [
        52.3,
        18.188,
        -43.7
      ],
      "quaternion": [
        0,
        0,
        0,
        1
      ]
    },
    "deck": {
      "center": [
        52.3,
        17.84,
        -43.7
      ],
      "size": [
        0.86,
        0.12,
        1.4
      ]
    },
    "reach": 6.378624654003535,
    "yaw": 107.70355704911589,
    "distanceToJoint": 0.9824633089361581
  },
  {
    "seat": {
      "position": [
        52.3,
        18.488,
        -43.7
      ],
      "quaternion": [
        0,
        0,
        0,
        1
      ]
    },
    "deck": {
      "center": [
        52.3,
        18.14,
        -43.7
      ],
      "size": [
        0.86,
        0.12,
        1.4
      ]
    },
    "reach": 6.378624654003535,
    "yaw": 107.70355704911589,
    "distanceToJoint": 0.9824633089361581
  }
] 25
