0 [ 52, 18.488, -43.1 ] [
  [
    { anchor: 'east-saddle', hits: [Array] },
    { anchor: 'west-saddle', hits: [Array] },
    { anchor: 'east-raker', hits: [Array] },
    { anchor: 'west-raker', hits: [Array] }
  ],
  [
    { anchor: 'east-saddle', hits: [Array] },
    { anchor: 'west-saddle', hits: [Array] },
    { anchor: 'east-raker', hits: [Array] },
    { anchor: 'west-raker', hits: [Array] }
  ],
  [
    { anchor: 'east-saddle', hits: [Array] },
    { anchor: 'east-raker', hits: [Array] },
    { anchor: 'west-raker', hits: [Array] }
  ],
  [
    { anchor: 'east-saddle', hits: [Array] },
    { anchor: 'east-raker', hits: [Array] },
    { anchor: 'west-raker', hits: [Array] }
  ]
]
1 [ 52, 18.188, -43.4 ] [
  [
    { anchor: 'east-saddle', hits: [Array] },
    { anchor: 'west-saddle', hits: [Array] },
    { anchor: 'east-raker', hits: [Array] },
    { anchor: 'west-raker', hits: [Array] }
  ],
  [
    { anchor: 'east-saddle', hits: [Array] },
    { anchor: 'west-saddle', hits: [Array] },
    { anchor: 'east-raker', hits: [Array] },
    { anchor: 'west-raker', hits: [Array] }
  ],
  [
    { anchor: 'east-saddle', hits: [Array] },
    { anchor: 'east-raker', hits: [Array] },
    { anchor: 'west-raker', hits: [Array] }
  ],
  [
    { anchor: 'east-saddle', hits: [Array] },
    { anchor: 'east-raker', hits: [Array] },
    { anchor: 'west-raker', hits: [Array] }
  ]
]
2 [ 52, 18.488, -43.4 ] [
  [
    { anchor: 'east-saddle', hits: [Array] },
    { anchor: 'west-saddle', hits: [Array] },
    { anchor: 'east-raker', hits: [Array] },
    { anchor: 'west-raker', hits: [Array] }
  ],
  [
    { anchor: 'east-saddle', hits: [Array] },
    { anchor: 'west-saddle', hits: [Array] },
    { anchor: 'east-raker', hits: [Array] },
    { anchor: 'west-raker', hits: [Array] }
  ],
  [
    { anchor: 'east-saddle', hits: [Array] },
    { anchor: 'east-raker', hits: [Array] },
    { anchor: 'west-raker', hits: [Array] }
  ],
  [
    { anchor: 'east-saddle', hits: [Array] },
    { anchor: 'east-raker', hits: [Array] },
    { anchor: 'west-raker', hits: [Array] }
  ]
]
3 [ 52, 18.488, -42.8 ] [
  [
    { anchor: 'east-saddle', hits: [Array] },
    { anchor: 'west-saddle', hits: [Array] },
    { anchor: 'east-raker', hits: [Array] },
    { anchor: 'west-raker', hits: [Array] }
  ],
  [
    { anchor: 'east-saddle', hits: [Array] },
    { anchor: 'west-saddle', hits: [Array] },
    { anchor: 'east-raker', hits: [Array] },
    { anchor: 'west-raker', hits: [Array] }
  ],
  [
    { anchor: 'east-saddle', hits: [Array] },
    { anchor: 'east-raker', hits: [Array] },
    { anchor: 'west-raker', hits: [Array] }
  ],
  [
    { anchor: 'east-saddle', hits: [Array] },
    { anchor: 'east-raker', hits: [Array] },
    { anchor: 'west-raker', hits: [Array] }
  ]
]
4 [ 52, 18.188, -43.7 ] [
  [
    { anchor: 'east-saddle', hits: [Array] },
    { anchor: 'west-saddle', hits: [Array] },
    { anchor: 'east-raker', hits: [Array] },
    { anchor: 'west-raker', hits: [Array] }
  ],
  [
    { anchor: 'east-saddle', hits: [Array] },
    { anchor: 'west-saddle', hits: [Array] },
    { anchor: 'east-raker', hits: [Array] },
    { anchor: 'west-raker', hits: [Array] }
  ],
  [
    { anchor: 'east-saddle', hits: [Array] },
    { anchor: 'east-raker', hits: [Array] },
    { anchor: 'west-raker', hits: [Array] }
  ],
  [
    { anchor: 'east-saddle', hits: [Array] },
    { anchor: 'east-raker', hits: [Array] },
    { anchor: 'west-raker', hits: [Array] }
  ]
]
5 [ 52, 18.488, -43.7 ] [
  [
    { anchor: 'east-saddle', hits: [Array] },
    { anchor: 'west-saddle', hits: [Array] },
    { anchor: 'east-raker', hits: [Array] },
    { anchor: 'west-raker', hits: [Array] }
  ],
  [
    { anchor: 'east-saddle', hits: [Array] },
    { anchor: 'west-saddle', hits: [Array] },
    { anchor: 'east-raker', hits: [Array] },
    { anchor: 'west-raker', hits: [Array] }
  ],
  [
    { anchor: 'east-saddle', hits: [Array] },
    { anchor: 'east-raker', hits: [Array] },
    { anchor: 'west-raker', hits: [Array] }
  ],
  [
    { anchor: 'east-saddle', hits: [Array] },
    { anchor: 'east-raker', hits: [Array] },
    { anchor: 'west-raker', hits: [Array] }
  ]
]
6 [ 52.3, 18.488, -43.1 ] [
  [
    { anchor: 'east-saddle', hits: [Array] },
    { anchor: 'east-raker', hits: [Array] },
    { anchor: 'west-raker', hits: [Array] }
  ],
  [
    { anchor: 'east-saddle', hits: [Array] },
    { anchor: 'west-saddle', hits: [Array] },
    { anchor: 'east-raker', hits: [Array] },
    { anchor: 'west-raker', hits: [Array] }
  ],
  [
    { anchor: 'east-saddle', hits: [Array] },
    { anchor: 'east-raker', hits: [Array] },
    { anchor: 'west-raker', hits: [Array] }
  ],
  [
    { anchor: 'east-saddle', hits: [Array] },
    { anchor: 'east-raker', hits: [Array] },
    { anchor: 'west-raker', hits: [Array] }
  ]
]
7 [ 52.3, 18.188, -43.4 ] [
  [
    { anchor: 'east-saddle', hits: [Array] },
    { anchor: 'west-saddle', hits: [Array] },
    { anchor: 'east-raker', hits: [Array] },
    { anchor: 'west-raker', hits: [Array] }
  ],
  [
    { anchor: 'east-saddle', hits: [Array] },
    { anchor: 'west-saddle', hits: [Array] },
    { anchor: 'east-raker', hits: [Array] },
    { anchor: 'west-raker', hits: [Array] }
  ],
  [
    { anchor: 'east-saddle', hits: [Array] },
    { anchor: 'east-raker', hits: [Array] },
    { anchor: 'west-raker', hits: [Array] }
  ],
  [
    { anchor: 'east-saddle', hits: [Array] },
    { anchor: 'east-raker', hits: [Array] },
    { anchor: 'west-raker', hits: [Array] }
  ]
]
8 [ 52.3, 18.488, -43.4 ] [
  [
    { anchor: 'east-saddle', hits: [Array] },
    { anchor: 'east-raker', hits: [Array] },
    { anchor: 'west-raker', hits: [Array] }
  ],
  [
    { anchor: 'east-saddle', hits: [Array] },
    { anchor: 'west-saddle', hits: [Array] },
    { anchor: 'east-raker', hits: [Array] },
    { anchor: 'west-raker', hits: [Array] }
  ],
  [
    { anchor: 'east-saddle', hits: [Array] },
    { anchor: 'east-raker', hits: [Array] },
    { anchor: 'west-raker', hits: [Array] }
  ],
  [
    { anchor: 'east-saddle', hits: [Array] },
    { anchor: 'east-raker', hits: [Array] },
    { anchor: 'west-raker', hits: [Array] }
  ]
]
9 [ 52, 18.488, -42.5 ] [
  [
    { anchor: 'east-saddle', hits: [Array] },
    { anchor: 'west-saddle', hits: [Array] },
    { anchor: 'east-raker', hits: [Array] },
    { anchor: 'west-raker', hits: [Array] }
  ],
  [
    { anchor: 'east-saddle', hits: [Array] },
    { anchor: 'west-saddle', hits: [Array] },
    { anchor: 'east-raker', hits: [Array] },
    { anchor: 'west-raker', hits: [Array] }
  ],
  [
    { anchor: 'east-saddle', hits: [Array] },
    { anchor: 'east-raker', hits: [Array] },
    { anchor: 'west-raker', hits: [Array] }
  ],
  [
    { anchor: 'east-saddle', hits: [Array] },
    { anchor: 'east-raker', hits: [Array] },
    { anchor: 'west-raker', hits: [Array] }
  ]
]
10 [ 52.3, 18.488, -42.8 ] [
  [
    { anchor: 'east-saddle', hits: [Array] },
    { anchor: 'west-saddle', hits: [Array] },
    { anchor: 'east-raker', hits: [Array] },
    { anchor: 'west-raker', hits: [Array] }
  ],
  [
    { anchor: 'east-saddle', hits: [Array] },
    { anchor: 'west-saddle', hits: [Array] },
    { anchor: 'east-raker', hits: [Array] },
    { anchor: 'west-raker', hits: [Array] }
  ],
  [
    { anchor: 'east-saddle', hits: [Array] },
    { anchor: 'east-raker', hits: [Array] },
    { anchor: 'west-raker', hits: [Array] }
  ],
  [
    { anchor: 'east-saddle', hits: [Array] },
    { anchor: 'east-raker', hits: [Array] },
    { anchor: 'west-raker', hits: [Array] }
  ]
]
11 [ 52, 18.188, -44 ] [
  [
    { anchor: 'east-saddle', hits: [Array] },
    { anchor: 'west-saddle', hits: [Array] },
    { anchor: 'east-raker', hits: [Array] },
    { anchor: 'west-raker', hits: [Array] }
  ],
  [
    { anchor: 'east-saddle', hits: [Array] },
    { anchor: 'west-saddle', hits: [Array] },
    { anchor: 'east-raker', hits: [Array] },
    { anchor: 'west-raker', hits: [Array] }
  ],
  [
    { anchor: 'east-saddle', hits: [Array] },
    { anchor: 'east-raker', hits: [Array] },
    { anchor: 'west-raker', hits: [Array] }
  ],
  [
    { anchor: 'east-saddle', hits: [Array] },
    { anchor: 'east-raker', hits: [Array] },
    { anchor: 'west-raker', hits: [Array] }
  ]
]
12 [ 52, 18.488, -44 ] [
  [
    { anchor: 'east-saddle', hits: [Array] },
    { anchor: 'west-saddle', hits: [Array] },
    { anchor: 'east-raker', hits: [Array] },
    { anchor: 'west-raker', hits: [Array] }
  ],
  [
    { anchor: 'east-saddle', hits: [Array] },
    { anchor: 'west-saddle', hits: [Array] },
    { anchor: 'east-raker', hits: [Array] },
    { anchor: 'west-raker', hits: [Array] }
  ],
  [
    { anchor: 'east-saddle', hits: [Array] },
    { anchor: 'east-raker', hits: [Array] },
    { anchor: 'west-raker', hits: [Array] }
  ],
  [
    { anchor: 'east-saddle', hits: [Array] },
    { anchor: 'east-raker', hits: [Array] },
    { anchor: 'west-raker', hits: [Array] }
  ]
]
13 [ 52.3, 18.188, -43.7 ] [
  [
    { anchor: 'east-saddle', hits: [Array] },
    { anchor: 'east-raker', hits: [Array] },
    { anchor: 'west-raker', hits: [Array] }
  ],
  [
    { anchor: 'east-saddle', hits: [Array] },
    { anchor: 'west-saddle', hits: [Array] },
    { anchor: 'east-raker', hits: [Array] },
    { anchor: 'west-raker', hits: [Array] }
  ],
  [
    { anchor: 'east-saddle', hits: [Array] },
    { anchor: 'east-raker', hits: [Array] },
    { anchor: 'west-raker', hits: [Array] }
  ],
  [
    { anchor: 'east-saddle', hits: [Array] },
    { anchor: 'east-raker', hits: [Array] },
    { anchor: 'west-raker', hits: [Array] }
  ]
]
14 [ 52.3, 18.488, -43.7 ] [
  [
    { anchor: 'east-saddle', hits: [Array] },
    { anchor: 'east-raker', hits: [Array] },
    { anchor: 'west-raker', hits: [Array] }
  ],
  [
    { anchor: 'east-saddle', hits: [Array] },
    { anchor: 'west-saddle', hits: [Array] },
    { anchor: 'east-raker', hits: [Array] },
    { anchor: 'west-raker', hits: [Array] }
  ],
  [
    { anchor: 'east-saddle', hits: [Array] },
    { anchor: 'east-raker', hits: [Array] },
    { anchor: 'west-raker', hits: [Array] }
  ],
  [
    { anchor: 'east-saddle', hits: [Array] },
    { anchor: 'east-raker', hits: [Array] },
    { anchor: 'west-raker', hits: [Array] }
  ]
]
15 [ 52.3, 18.488, -42.5 ] [
  [
    { anchor: 'east-saddle', hits: [Array] },
    { anchor: 'west-saddle', hits: [Array] },
    { anchor: 'east-raker', hits: [Array] },
    { anchor: 'west-raker', hits: [Array] }
  ],
  [
    { anchor: 'east-saddle', hits: [Array] },
    { anchor: 'east-raker', hits: [Array] },
    { anchor: 'west-raker', hits: [Array] }
  ],
  [
    { anchor: 'east-saddle', hits: [Array] },
    { anchor: 'east-raker', hits: [Array] },
    { anchor: 'west-raker', hits: [Array] }
  ],
  [
    { anchor: 'east-saddle', hits: [Array] },
    { anchor: 'east-raker', hits: [Array] },
    { anchor: 'west-raker', hits: [Array] }
  ]
]
16 [ 52.3, 18.188, -44 ] [
  [
    { anchor: 'east-saddle', hits: [Array] },
    { anchor: 'east-raker', hits: [Array] },
    { anchor: 'west-raker', hits: [Array] }
  ],
  [
    { anchor: 'east-saddle', hits: [Array] },
    { anchor: 'west-saddle', hits: [Array] },
    { anchor: 'east-raker', hits: [Array] },
    { anchor: 'west-raker', hits: [Array] }
  ],
  [
    { anchor: 'east-saddle', hits: [Array] },
    { anchor: 'east-raker', hits: [Array] },
    { anchor: 'west-raker', hits: [Array] }
  ],
  [
    { anchor: 'east-saddle', hits: [Array] },
    { anchor: 'east-raker', hits: [Array] },
    { anchor: 'west-raker', hits: [Array] }
  ]
]
17 [ 52.3, 18.488, -44 ] [
  [
    { anchor: 'east-saddle', hits: [Array] },
    { anchor: 'east-raker', hits: [Array] },
    { anchor: 'west-raker', hits: [Array] }
  ],
  [
    { anchor: 'east-saddle', hits: [Array] },
    { anchor: 'west-saddle', hits: [Array] },
    { anchor: 'east-raker', hits: [Array] },
    { anchor: 'west-raker', hits: [Array] }
  ],
  [
    { anchor: 'east-saddle', hits: [Array] },
    { anchor: 'east-raker', hits: [Array] },
    { anchor: 'west-raker', hits: [Array] }
  ],
  [
    { anchor: 'east-saddle', hits: [Array] },
    { anchor: 'east-raker', hits: [Array] },
    { anchor: 'west-raker', hits: [Array] }
  ]
]
18 [ 50.5, 18.188, -42.5 ] [
  [
    { anchor: 'east-saddle', hits: [Array] },
    { anchor: 'west-saddle', hits: [Array] },
    { anchor: 'east-raker', hits: [Array] },
    { anchor: 'west-raker', hits: [Array] }
  ],
  [
    { anchor: 'east-saddle', hits: [Array] },
    { anchor: 'west-saddle', hits: [Array] },
    { anchor: 'east-raker', hits: [Array] },
    { anchor: 'west-raker', hits: [Array] }
  ],
  [
    { anchor: 'east-saddle', hits: [Array] },
    { anchor: 'west-saddle', hits: [Array] },
    { anchor: 'east-raker', hits: [Array] },
    { anchor: 'west-raker', hits: [Array] }
  ],
  [
    { anchor: 'east-saddle', hits: [Array] },
    { anchor: 'west-saddle', hits: [Array] },
    { anchor: 'east-raker', hits: [Array] },
    { anchor: 'west-raker', hits: [Array] }
  ]
]
19 [ 50.5, 18.488, -42.5 ] [
  [
    { anchor: 'east-saddle', hits: [Array] },
    { anchor: 'west-saddle', hits: [Array] },
    { anchor: 'east-raker', hits: [Array] },
    { anchor: 'west-raker', hits: [Array] }
  ],
  [
    { anchor: 'east-saddle', hits: [Array] },
    { anchor: 'west-saddle', hits: [Array] },
    { anchor: 'east-raker', hits: [Array] },
    { anchor: 'west-raker', hits: [Array] }
  ],
  [
    { anchor: 'east-saddle', hits: [Array] },
    { anchor: 'west-saddle', hits: [Array] },
    { anchor: 'east-raker', hits: [Array] },
    { anchor: 'west-raker', hits: [Array] }
  ],
  [
    { anchor: 'east-saddle', hits: [Array] },
    { anchor: 'west-saddle', hits: [Array] },
    { anchor: 'east-raker', hits: [Array] },
    { anchor: 'west-raker', hits: [Array] }
  ]
]
20 [ 52.3, 18.488, -42.2 ] [
  [
    { anchor: 'east-saddle', hits: [Array] },
    { anchor: 'west-saddle', hits: [Array] },
    { anchor: 'east-raker', hits: [Array] },
    { anchor: 'west-raker', hits: [Array] }
  ],
  [
    { anchor: 'east-saddle', hits: [Array] },
    { anchor: 'east-raker', hits: [Array] },
    { anchor: 'west-raker', hits: [Array] }
  ],
  [
    { anchor: 'east-saddle', hits: [Array] },
    { anchor: 'east-raker', hits: [Array] },
    { anchor: 'west-raker', hits: [Array] }
  ],
  [
    { anchor: 'east-saddle', hits: [Array] },
    { anchor: 'east-raker', hits: [Array] },
    { anchor: 'west-raker', hits: [Array] }
  ]
]
21 [ 50.5, 18.488, -42.2 ] [
  [
    { anchor: 'east-saddle', hits: [Array] },
    { anchor: 'west-saddle', hits: [Array] },
    { anchor: 'east-raker', hits: [Array] },
    { anchor: 'west-raker', hits: [Array] }
  ],
  [
    { anchor: 'east-saddle', hits: [Array] },
    { anchor: 'west-saddle', hits: [Array] },
    { anchor: 'east-raker', hits: [Array] },
    { anchor: 'west-raker', hits: [Array] }
  ],
  [
    { anchor: 'east-saddle', hits: [Array] },
    { anchor: 'west-saddle', hits: [Array] },
    { anchor: 'east-raker', hits: [Array] },
    { anchor: 'west-raker', hits: [Array] }
  ],
  [
    { anchor: 'east-saddle', hits: [Array] },
    { anchor: 'west-saddle', hits: [Array] },
    { anchor: 'east-raker', hits: [Array] },
    { anchor: 'west-raker', hits: [Array] }
  ]
]
22 [ 50.2, 17.888, -42.2 ] [
  [
    { anchor: 'east-saddle', hits: [Array] },
    { anchor: 'west-saddle', hits: [Array] },
    { anchor: 'east-raker', hits: [Array] },
    { anchor: 'west-raker', hits: [Array] }
  ],
  [
    { anchor: 'east-saddle', hits: [Array] },
    { anchor: 'west-saddle', hits: [Array] },
    { anchor: 'east-raker', hits: [Array] },
    { anchor: 'west-raker', hits: [Array] }
  ],
  [
    { anchor: 'east-saddle', hits: [Array] },
    { anchor: 'west-saddle', hits: [Array] },
    { anchor: 'east-raker', hits: [Array] },
    { anchor: 'west-raker', hits: [Array] }
  ],
  [
    { anchor: 'east-saddle', hits: [Array] },
    { anchor: 'west-saddle', hits: [Array] },
    { anchor: 'east-raker', hits: [Array] },
    { anchor: 'west-raker', hits: [Array] }
  ]
]
23 [ 50.2, 18.188, -42.2 ] [
  [
    { anchor: 'east-saddle', hits: [Array] },
    { anchor: 'west-saddle', hits: [Array] },
    { anchor: 'east-raker', hits: [Array] },
    { anchor: 'west-raker', hits: [Array] }
  ],
  [
    { anchor: 'east-saddle', hits: [Array] },
    { anchor: 'west-saddle', hits: [Array] },
    { anchor: 'east-raker', hits: [Array] },
    { anchor: 'west-raker', hits: [Array] }
  ],
  [
    { anchor: 'east-saddle', hits: [Array] },
    { anchor: 'west-saddle', hits: [Array] },
    { anchor: 'east-raker', hits: [Array] },
    { anchor: 'west-raker', hits: [Array] }
  ],
  [
    { anchor: 'east-saddle', hits: [Array] },
    { anchor: 'west-saddle', hits: [Array] },
    { anchor: 'east-raker', hits: [Array] },
    { anchor: 'west-raker', hits: [Array] }
  ]
]
24 [ 50.2, 18.488, -42.2 ] [
  [
    { anchor: 'east-saddle', hits: [Array] },
    { anchor: 'west-saddle', hits: [Array] },
    { anchor: 'east-raker', hits: [Array] },
    { anchor: 'west-raker', hits: [Array] }
  ],
  [
    { anchor: 'east-saddle', hits: [Array] },
    { anchor: 'west-saddle', hits: [Array] },
    { anchor: 'east-raker', hits: [Array] },
    { anchor: 'west-raker', hits: [Array] }
  ],
  [
    { anchor: 'east-saddle', hits: [Array] },
    { anchor: 'west-saddle', hits: [Array] },
    { anchor: 'east-raker', hits: [Array] },
    { anchor: 'west-raker', hits: [Array] }
  ],
  [
    { anchor: 'east-saddle', hits: [Array] },
    { anchor: 'west-saddle', hits: [Array] },
    { anchor: 'east-raker', hits: [Array] },
    { anchor: 'west-raker', hits: [Array] }
  ]
]
