[09/08/26 22:05:40] INFO     Processing request of type            server.py:727
                             CallToolRequest                                    
                    INFO     Processing request of type            server.py:727
                             ListToolsRequest                                   
{"status": "ok", "result": {"version": "5.2.1 LTS", "scene": "WonderForge \u2014 upper material chain freight frame.008", "file": "", "objects": 345}}
                    INFO     Processing request of type            server.py:727
                             CallToolRequest                                    
{
  "source": "Paris Mus\u00e9es / Mus\u00e9e Carnavalet PH76865, Hippolyte Blancard, 1889",
  "referenceUrl": "https://www.parismuseescollections.paris.fr/fr/musee-carnavalet/oeuvres/exposition-universelle-de-1889-petite-entree-de-l-exposition-avec-gardien",
  "interpretations": [
    "Dimensions, colours, hidden faces, attendant details and placement; not photogrammetry."
  ],
  "center": [
    -118,
    -0.20556048223558532,
    14
  ],
  "yaw": 1.5707963267948966,
  "worldBaked": true,
  "groundContacts": [
    [
      -119.725,
      -0.19775215864085208,
      20.375
    ],
    [
      -119.725,
      -0.2013636320969401,
      17.025
    ],
    [
      -116.575,
      -0.2039486533860874,
      17.025
    ],
    [
      -116.575,
      -0.20018567044133437,
      20.375
    ],
    [
      -116.6,
      -0.20127342170414547,
      19.45
    ],
    [
      -116.6,
      -0.2029574019563564,
      17.95
    ],
    [
      -116.36,
      -0.2031479415274932,
      17.95
    ],
    [
      -116.36,
      -0.20145876754644934,
      19.45
    ],
    [
      -116.38,
      -0.2014433403122323,
      19.45
    ],
    [
      -116.38,
      -0.20313208135802013,
      17.95
    ],
    [
      -116.14,
      -0.20332216359189226,
      17.95
    ],
    [
      -116.14,
      -0.20162822570942368,
      19.45
    ],
    [
      -116.16,
      -0.20161284236855445,
      19.45
    ],
    [
      -116.16,
      -0.20330634702238368,
      17.95
    ],
    [
      -115.92,
      -0.2034959710905984,
      17.95
    ],
    [
      -115.92,
      -0.20179726654148883,
      19.45
    ],
    [
      -117.23,
      -0.19892874113414596,
      20.990000000000002
    ],
    [
      -117.09,
      -0.19925877515898405,
      20.810000000000002
    ],
    [
      -117.23,
      -0.19917774097209448,
      20.79
    ],
    [
      -117.09,
      -0.19950609354806964,
      20.61
    ],
    [
      -117.23,
      -0.19942430361263305,
      20.59
    ],
    [
      -117.09,
      -0.19975112548240032,
      20.41
    ],
    [
      -117.355,
      -0.19882186256218848,
      21.105
    ],
    [
      -117.355,
      -0.19895237420707676,
      20.895
    ],
    [
      -117.145,
      -0.19911121574689306,
      20.895
    ],
    [
      -117.145,
      -0.19898034570302456,
      21.105
    ],
    [
      -117.355,
      -0.19943340635075024,
      20.505000000000003
    ],
    [
      -117.355,
      -0.19968812593035556,
      20.295
    ],
    [
      -117.145,
      -0.19984898574851753,
      20.295
    ],
    [
      -117.145,
      -0.19959356805212622,
      20.505000000000003
    ],
    [
      -117.23,
      -0.20346806014682228,
      16.975714285714286
    ],
    [
      -117.09,
      -0.2037630239491228,
      16.795714285714286
    ],
    [
      -117.23,
      -0.20369771465086298,
      16.747142857142858
    ],
    [
      -117.09,
      -0.20399042604540757,
      16.56714285714286
    ],
    [
      -117.23,
      -0.20392403590978928,
      16.518571428571427
    ],
    [
      -117.09,
      -0.20421476705559208,
      16.338571428571427
    ],
    [
      -117.23,
      -0.2041472612550932,
      16.29
    ],
    [
      -117.09,
      -0.2044360515754312,
      16.11
    ],
    [
      -117.23,
      -0.20436743745026728,
      16.06142857142857
    ],
    [
      -117.09,
      -0.20465428412168998,
      15.881428571428572
    ],
    [
      -117.23,
      -0.20458456898696892,
      15.832857142857144
    ],
    [
      -117.09,
      -0.20486946913185972,
      15.652857142857142
    ],
    [
      -117.23,
      -0.20479866027771346,
      15.604285714285714
    ],
    [
      -117.09,
      -0.20508161096387373,
      15.424285714285714
    ],
    [
      -117.355,
      -0.20323500300589217,
      17.105
    ],
    [
      -117.355,
      -0.2034472502145154,
      16.895
    ],
    [
      -117.145,
      -0.20361832478653563,
      16.895
    ],
    [
      -117.145,
      -0.20340550641629906,
      17.105
    ],
    [
      -117.355,
      -0.20478707364313364,
      15.504999999999999
    ],
    [
      -117.355,
      -0.2049793466994571,
      15.295
    ],
    [
      -117.145,
      -0.20515451600521326,
      15.295
    ],
    [
      -117.145,
      -0.20496173223269237,
      15.504999999999999
    ],
    [
      -117.23,
      -0.20735018949092707,
      12.573333333333334
    ],
    [
      -117.09,
      -0.20760571137981548,
      12.393333333333333
    ],
    [
      -117.23,
      -0.2075245078842525,
      12.34
    ],
    [
      -117.09,
      -0.20777797065346082,
      12.16
    ],
    [
      -117.23,
      -0.20769570709474466,
      12.106666666666667
    ],
    [
      -117.09,
      -0.20794710672326702,
      11.926666666666666
    ],
    [
      -117.23,
      -0.20786379039714906,
      11.873333333333333
    ],
    [
      -117.09,
      -0.20811312279441083,
      11.693333333333333
    ],
    [
      -117.23,
      -0.20802876097208597,
      11.64
    ],
    [
      -117.09,
      -0.20827602197743533,
      11.46
    ],
    [
      -117.23,
      -0.20819062190570853,
      11.406666666666666
    ],
    [
      -117.09,
      -0.20843580728790653,
      11.226666666666667
    ],
    [
      -117.23,
      -0.20834937618936009,
      11.173333333333334
    ],
    [
      -117.09,
      -0.20859248164606903,
      10.993333333333334
    ],
    [
      -117.23,
      -0.20850502671923093,
      10.94
    ],
    [
      -117.09,
      -0.20874590456644312,
      10.76
    ],
    [
      -117.23,
      -0.20865757629601436,
      10.706666666666667
    ],
    [
      -117.09,
      -0.208896126895524,
      10.526666666666667
    ],
    [
      -117.23,
      -0.20880702762456213,
      10.473333333333333
    ],
    [
      -117.09,
      -0.2090432468696484,
      10.293333333333333
    ],
    [
      -117.23,
      -0.208953383313539,
      10.24
    ],
    [
      -117.09,
      -0.20918726699778592,
      10.06
    ],
    [
      -117.23,
      -0.2090965507844851,
      10.006666666666668
    ],
    [
      -117.09,
      -0.20932818969171368,
      9.826666666666668
    ],
    [
      -117.23,
      -0.20923648517530674,
      9.773333333333333
    ],
    [
      -117.09,
      -0.20946601726566808,
      9.593333333333334
    ],
    [
      -117.23,
      -0.20937333153343832,
      9.54
    ],
    [
      -117.09,
      -0.20960075193599523,
      9.36
    ],
    [
      -117.23,
      -0.20950709205256884,
      9.306666666666667
    ],
    [
      -117.09,
      -0.2097323958208011,
      9.126666666666667
    ],
    [
      -117.23,
      -0.20963776882832422,
      9.073333333333334
    ],
    [
      -117.09,
      -0.20986095093960086,
      8.893333333333334
    ],
    [
      -117.23,
      -0.20976536385791772,
      8.84
    ],
    [
      -117.09,
      -0.20998641921296757,
      8.66
    ],
    [
      -117.23,
      -0.20988987903979944,
      8.606666666666667
    ],
    [
      -117.09,
      -0.2101088024621802,
      8.426666666666668
    ],
    [
      -117.23,
      -0.2100113161733056,
      8.373333333333333
    ],
    [
      -117.09,
      -0.21022810240887108,
      8.193333333333333
    ],
    [
      -117.23,
      -0.2101296769583068,
      8.14
    ],
    [
      -117.09,
      -0.21034432067467246,
      7.960000000000001
    ],
    [
      -117.23,
      -0.21024496299485587,
      7.906666666666666
    ],
    [
      -117.09,
      -0.21045745878086275,
      7.726666666666667
    ],
    [
      -117.23,
      -0.21035717578283475,
      7.673333333333334
    ],
    [
      -117.09,
      -0.21056751814801167,
      7.493333333333334
    ],
    [
      -117.23,
      -0.2104663167216011,
      7.440000000000001
    ],
    [
      -117.09,
      -0.2106743581238176,
      7.260000000000002
    ],
    [
      -117.23,
      -0.21057238710963405,
      7.206666666666667
    ],
    [
      -117.09,
      -0.2107780273959213,
      7.026666666666667
    ],
    [
      -117.355,
      -0.20714279389635762,
      12.705
    ],
    [
      -117.355,
      -0.20730144038708848,
      12.495000000000001
    ],
    [
      -117.145,
      -0.207482681028932,
      12.495000000000001
    ],
    [
      -117.145,
      -0.20732362684463068,
      12.705
    ],
    [
      -117.355,
      -0.21050484525822596,
      7.105
    ],
    [
      -117.355,
      -0.2105513058288847,
      6.895
    ],
    [
      -117.145,
      -0.2107403952260008,
      6.895
    ],
    [
      -117.145,
      -0.21069383421616153,
      7.105
    ],
    [
      -116.79,
      -0.20403300947537872,
      16.77
    ],
    [
      -116.79,
      -0.2042125358171427,
      16.59
    ],
    [
      -116.45,
      -0.20448897968348953,
      16.59
    ],
    [
      -116.45,
      -0.2043086776515337,
      16.77
    ],
    [
      -116.79,
      -0.20429219320533287,
      16.509999999999998
    ],
    [
      -116.79,
      -0.20446890024550946,
      16.33
    ],
    [
      -116.45,
      -0.20474645016334575,
      16.33
    ],
    [
      -116.45,
      -0.20456898117954012,
      16.509999999999998
    ]
  ],
  "objects": 145,
  "scene": "WonderForge \u2014 Paris 1889 photographed entrance",
  "model": "/Users/hina/Documents/Experience-Intelligence-Domain/wonderforge/artifacts/eiffel-upper-material-chain-2026-09-08/model/paris-photo-entrance.glb",
  "blend": "/Users/hina/Documents/Experience-Intelligence-Domain/wonderforge/artifacts/eiffel-upper-material-chain-2026-09-08/blender/paris-photo-entrance.blend"
}
